Archive member included to satisfy reference by file (symbol)

/usr/lib/gcc/arm-none-eabi/14.2.1/thumb/v6-m/nofp/libgcc.a(_dvmd_tls.o)
                              CMakeFiles/lab7.dir/home/tinypc/pico/pico-sdk/src/rp2_common/pico_divider/divider_hardware.S.o (__aeabi_idiv0)
/usr/lib/gcc/arm-none-eabi/14.2.1/../../../arm-none-eabi/lib/thumb/v6-m/nofp/libg.a(libc_a-strlen-stub.o)
                              CMakeFiles/lab7.dir/home/tinypc/pico/pico-sdk/src/rp2_common/pico_stdio/stdio.c.o (strlen)
/usr/lib/gcc/arm-none-eabi/14.2.1/../../../arm-none-eabi/lib/thumb/v6-m/nofp/libg.a(libc_a-fini.o)
                              /usr/lib/gcc/arm-none-eabi/14.2.1/../../../arm-none-eabi/lib/thumb/v6-m/nofp/crt0.o (__libc_fini_array)
/usr/lib/gcc/arm-none-eabi/14.2.1/../../../arm-none-eabi/lib/thumb/v6-m/nofp/libg.a(libc_a-calloc.o)
                              CMakeFiles/lab7.dir/home/tinypc/pico/pico-sdk/src/rp2_common/pico_malloc/malloc.c.o (calloc)
/usr/lib/gcc/arm-none-eabi/14.2.1/../../../arm-none-eabi/lib/thumb/v6-m/nofp/libg.a(libc_a-callocr.o)
                              /usr/lib/gcc/arm-none-eabi/14.2.1/../../../arm-none-eabi/lib/thumb/v6-m/nofp/libg.a(libc_a-calloc.o) (_calloc_r)
/usr/lib/gcc/arm-none-eabi/14.2.1/../../../arm-none-eabi/lib/thumb/v6-m/nofp/libg.a(libc_a-realloc.o)
                              CMakeFiles/lab7.dir/home/tinypc/pico/pico-sdk/src/rp2_common/pico_malloc/malloc.c.o (realloc)
/usr/lib/gcc/arm-none-eabi/14.2.1/../../../arm-none-eabi/lib/thumb/v6-m/nofp/libg.a(libc_a-mallocr.o)
                              /usr/lib/gcc/arm-none-eabi/14.2.1/../../../arm-none-eabi/lib/thumb/v6-m/nofp/libg.a(libc_a-callocr.o) (_malloc_r)
/usr/lib/gcc/arm-none-eabi/14.2.1/../../../arm-none-eabi/lib/thumb/v6-m/nofp/libg.a(libc_a-freer.o)
                              /usr/lib/gcc/arm-none-eabi/14.2.1/../../../arm-none-eabi/lib/thumb/v6-m/nofp/libg.a(libc_a-mallocr.o) (_free_r)
/usr/lib/gcc/arm-none-eabi/14.2.1/../../../arm-none-eabi/lib/thumb/v6-m/nofp/libg.a(libc_a-memcmp.o)
                              CMakeFiles/lab7.dir/home/tinypc/pico/pico-sdk/src/rp2_common/pico_atomic/atomic.c.o (memcmp)
/usr/lib/gcc/arm-none-eabi/14.2.1/../../../arm-none-eabi/lib/thumb/v6-m/nofp/libg.a(libc_a-errno.o)
                              /usr/lib/gcc/arm-none-eabi/14.2.1/../../../arm-none-eabi/lib/thumb/v6-m/nofp/libg.a(libc_a-callocr.o) (__errno)
/usr/lib/gcc/arm-none-eabi/14.2.1/../../../arm-none-eabi/lib/thumb/v6-m/nofp/libg.a(libc_a-malloc.o)
                              CMakeFiles/lab7.dir/home/tinypc/pico/pico-sdk/src/rp2_common/pico_malloc/malloc.c.o (malloc)
/usr/lib/gcc/arm-none-eabi/14.2.1/../../../arm-none-eabi/lib/thumb/v6-m/nofp/libg.a(libc_a-reallocr.o)
                              /usr/lib/gcc/arm-none-eabi/14.2.1/../../../arm-none-eabi/lib/thumb/v6-m/nofp/libg.a(libc_a-realloc.o) (_realloc_r)
/usr/lib/gcc/arm-none-eabi/14.2.1/../../../arm-none-eabi/lib/thumb/v6-m/nofp/libg.a(libc_a-mktime.o)
                              CMakeFiles/lab7.dir/home/tinypc/pico/pico-sdk/src/common/pico_util/datetime.c.o (mktime)
/usr/lib/gcc/arm-none-eabi/14.2.1/../../../arm-none-eabi/lib/thumb/v6-m/nofp/libg.a(libc_a-mlock.o)
                              /usr/lib/gcc/arm-none-eabi/14.2.1/../../../arm-none-eabi/lib/thumb/v6-m/nofp/libg.a(libc_a-mallocr.o) (__malloc_lock)
/usr/lib/gcc/arm-none-eabi/14.2.1/../../../arm-none-eabi/lib/thumb/v6-m/nofp/libg.a(libc_a-tzlock.o)
                              /usr/lib/gcc/arm-none-eabi/14.2.1/../../../arm-none-eabi/lib/thumb/v6-m/nofp/libg.a(libc_a-mktime.o) (__tz_lock)
/usr/lib/gcc/arm-none-eabi/14.2.1/../../../arm-none-eabi/lib/thumb/v6-m/nofp/libg.a(libc_a-sbrkr.o)
                              /usr/lib/gcc/arm-none-eabi/14.2.1/../../../arm-none-eabi/lib/thumb/v6-m/nofp/libg.a(libc_a-mallocr.o) (_sbrk_r)
/usr/lib/gcc/arm-none-eabi/14.2.1/../../../arm-none-eabi/lib/thumb/v6-m/nofp/libg.a(libc_a-atexit.o)
                              /usr/lib/gcc/arm-none-eabi/14.2.1/../../../arm-none-eabi/lib/thumb/v6-m/nofp/crt0.o (atexit)
/usr/lib/gcc/arm-none-eabi/14.2.1/../../../arm-none-eabi/lib/thumb/v6-m/nofp/libg.a(libc_a-lcltime_r.o)
                              CMakeFiles/lab7.dir/home/tinypc/pico/pico-sdk/src/common/pico_util/datetime.c.o (localtime_r)
/usr/lib/gcc/arm-none-eabi/14.2.1/../../../arm-none-eabi/lib/thumb/v6-m/nofp/libg.a(libc_a-init.o)
                              /usr/lib/gcc/arm-none-eabi/14.2.1/../../../arm-none-eabi/lib/thumb/v6-m/nofp/crt0.o (__libc_init_array)
/usr/lib/gcc/arm-none-eabi/14.2.1/../../../arm-none-eabi/lib/thumb/v6-m/nofp/libg.a(libc_a-impure.o)
                              /usr/lib/gcc/arm-none-eabi/14.2.1/../../../arm-none-eabi/lib/thumb/v6-m/nofp/libg.a(libc_a-calloc.o) (_impure_ptr)
/usr/lib/gcc/arm-none-eabi/14.2.1/../../../arm-none-eabi/lib/thumb/v6-m/nofp/libg.a(libc_a-div.o)
                              /usr/lib/gcc/arm-none-eabi/14.2.1/../../../arm-none-eabi/lib/thumb/v6-m/nofp/libg.a(libc_a-mktime.o) (div)
[...]
Memory Configuration

Name             Origin             Length             Attributes
FLASH            0x10000000         0x00200000         xr
RAM              0x20000000         0x00040000         xrw
SCRATCH_X        0x20040000         0x00001000         xrw
SCRATCH_Y        0x20041000         0x00001000         xrw
*default*        0x00000000         0xffffffff

Linker script and memory map

LOAD /usr/lib/gcc/arm-none-eabi/14.2.1/thumb/v6-m/nofp/crti.o
LOAD /usr/lib/gcc/arm-none-eabi/14.2.1/thumb/v6-m/nofp/crtbegin.o
LOAD /usr/lib/gcc/arm-none-eabi/14.2.1/../../../arm-none-eabi/lib/thumb/v6-m/nofp/crt0.o

.flash_begin    0x10000000        0x0
                0x10000000                        __flash_binary_start = .

.boot2          0x10000000      0x100
                0x10000000                        __boot2_start__ = .
 *(.boot2)
 .boot2         0x10000000      0x100 pico-sdk/src/rp2040/boot_stage2/CMakeFiles/bs2_default_library.dir/bs2_default_padded_checksummed.S.o
                0x10000100                        __boot2_end__ = .
                0x00000001                        ASSERT (((__boot2_end__ - __boot2_start__) == 0x100), ERROR: Pico second stage bootloader must be 256 bytes in size)

.text           0x10000100     0xa49c
                0x10000100                        __logical_binary_start = .
 *(.vectors)
 .vectors       0x10000100       0xd4 CMakeFiles/lab7.dir/home/tinypc/pico/pico-sdk/src/rp2_common/pico_crt0/crt0.S.o
                0x10000100                __vectors
                0x10000100                __VECTOR_TABLE
                0x100001c0                isr_irq30
                0x100001c0                __unhandled_user_irq
                0x100001c0                isr_irq13
                0x100001c0                isr_irq27
                0x100001c0                isr_irq31
                0x100001c0                isr_irq5
                0x100001c0                isr_irq11
                0x100001c0                isr_irq23
                0x100001c0                isr_irq18
                0x100001c0                isr_irq28
                0x100001c0                isr_irq19
                0x100001c0                isr_irq0
                0x100001c0                isr_irq6
                0x100001c0                isr_irq22
                0x100001c0                isr_irq17
                0x100001c0                isr_irq14
                0x100001c0                __vectors_end
                0x100001c0                __default_isrs_start
                0x100001c0                isr_irq2
                0x100001c0                isr_irq10
                0x100001c0                isr_irq8
                0x100001c0                isr_irq24
                0x100001c0                isr_irq1
                0x100001c0                isr_irq7
                0x100001c0                isr_irq21
                0x100001c0                isr_irq20
                0x100001c0                isr_irq15
                0x100001c0                isr_irq25
                0x100001c0                isr_irq4
                0x100001c0                isr_irq16
                0x100001c0                isr_irq29
                0x100001c0                isr_irq26
                0x100001c0                isr_irq3
                0x100001c0                isr_irq12
                0x100001c0                isr_irq9
                0x100001c6                unhandled_user_irq_num_in_r0
                0x100001c8                isr_invalid
                0x100001ca                isr_nmi
                0x100001cc                isr_hardfault
                0x100001d4                __default_isrs_end
 *(.binary_info_header)
 .binary_info_header
                0x100001d4       0x14 CMakeFiles/lab7.dir/home/tinypc/pico/pico-sdk/src/rp2_common/pico_crt0/crt0.S.o
                0x100001e8                        __binary_info_header_end = .
 *(.embedded_block)
                0x100001e8                        __embedded_block_end = .
 *(.reset)
 .reset         0x100001e8       0x9c CMakeFiles/lab7.dir/home/tinypc/pico/pico-sdk/src/rp2_common/pico_crt0/crt0.S.o
                0x100001e8                _entry_point
 *(.init)
 .init          0x10000284        0x4 /usr/lib/gcc/arm-none-eabi/14.2.1/thumb/v6-m/nofp/crti.o
                0x10000284                _init
 *(EXCLUDE_FILE(*libm.a: *libc.a:*lib_a-mem*.o *libgcc.a:) .text*)
 .text          0x10000288       0x98 /usr/lib/gcc/arm-none-eabi/14.2.1/thumb/v6-m/nofp/crtbegin.o
 .text.phase_change_irq
                0x10000320       0xdc CMakeFiles/lab7.dir/lab7.c.o
                0x10000320                phase_change_irq
 .text.heartbeat
                0x100003fc       0x3c CMakeFiles/lab7.dir/lab7.c.o
                0x100003fc                heartbeat
 .text.gpio_int_callback
                0x10000438       0xcc CMakeFiles/lab7.dir/lab7.c.o
                0x10000438                gpio_int_callback
 .text.MotorMover
                0x10000504       0x74 CMakeFiles/lab7.dir/lab7.c.o
                0x10000504                MotorMover
 .text._pidPositionServo
                0x10000578      0x178 CMakeFiles/lab7.dir/lab7.c.o
 .text.ConfigurePWM
                0x100006f0       0xb8 CMakeFiles/lab7.dir/lab7.c.o
                0x100006f0                ConfigurePWM
 .text.motor_init
                0x100007a8      0x158 CMakeFiles/lab7.dir/lab7.c.o
                0x100007a8                motor_init
 .text.hardware_init
                0x10000900       0x6c CMakeFiles/lab7.dir/lab7.c.o
                0x10000900                hardware_init
 .text.startup.main
                0x1000096c       0x60 CMakeFiles/lab7.dir/lab7.c.o
                0x1000096c                main
 .text.gpio_default_irq_handler
                0x100009cc      0x2c8 CMakeFiles/lab7.dir/home/tinypc/pico/pico-sdk/src/rp2_common/hardware_gpio/gpio.c.o
 .text.gpio_set_function
                0x10000c94       0x34 CMakeFiles/lab7.dir/home/tinypc/pico/pico-sdk/src/rp2_common/hardware_gpio/gpio.c.o
                0x10000c94                gpio_set_function
 .text.gpio_set_pulls
                0x10000cc8       0x28 CMakeFiles/lab7.dir/home/tinypc/pico/pico-sdk/src/rp2_common/hardware_gpio/gpio.c.o
                0x10000cc8                gpio_set_pulls
 .text.gpio_set_irq_enabled
                0x10000cf0       0x58 CMakeFiles/lab7.dir/home/tinypc/pico/pico-sdk/src/rp2_common/hardware_gpio/gpio.c.o
                0x10000cf0                gpio_set_irq_enabled
 .text.gpio_set_irq_enabled_with_callback
                0x10000d48       0xd0 CMakeFiles/lab7.dir/home/tinypc/pico/pico-sdk/src/rp2_common/hardware_gpio/gpio.c.o
                0x10000d48                gpio_set_irq_enabled_with_callback
 .text.gpio_init
                0x10000e18       0x40 CMakeFiles/lab7.dir/home/tinypc/pico/pico-sdk/src/rp2_common/hardware_gpio/gpio.c.o
                0x10000e18                gpio_init
 .text.rp2040_chip_version
                0x10000e58        0xc CMakeFiles/lab7.dir/home/tinypc/pico/pico-sdk/src/rp2040/pico_platform/platform.c.o
                0x10000e58                rp2040_chip_version
 .text.panic    0x10000e64       0x30 CMakeFiles/lab7.dir/home/tinypc/pico/pico-sdk/src/rp2_common/pico_platform_panic/panic.c.o
                0x10000e64                panic
 .text.panic_unsupported
                0x10000e94        0xc CMakeFiles/lab7.dir/home/tinypc/pico/pico-sdk/src/rp2_common/pico_platform_panic/panic.c.o
                0x10000e94                panic_unsupported
 .text.hw_claim_or_assert
                0x10000ea0       0x44 CMakeFiles/lab7.dir/home/tinypc/pico/pico-sdk/src/common/hardware_claim/claim.c.o
                0x10000ea0                hw_claim_or_assert
 .text.hw_claim_unused_from_range
                0x10000ee4       0x88 CMakeFiles/lab7.dir/home/tinypc/pico/pico-sdk/src/common/hardware_claim/claim.c.o
                0x10000ee4                hw_claim_unused_from_range
 .text.next_striped_spin_lock_num
                0x10000f6c       0x18 CMakeFiles/lab7.dir/home/tinypc/pico/pico-sdk/src/rp2_common/hardware_sync/sync.c.o
                0x10000f6c                next_striped_spin_lock_num
 .text.spin_lock_claim_unused
                0x10000f84       0x24 CMakeFiles/lab7.dir/home/tinypc/pico/pico-sdk/src/rp2_common/hardware_sync/sync.c.o
                0x10000f84                spin_lock_claim_unused
 .text.spin_locks_reset
                0x10000fa8       0x1c CMakeFiles/lab7.dir/home/tinypc/pico/pico-sdk/src/rp2_common/hardware_sync_spin_lock/sync_spin_lock.c.o
                0x10000fa8                spin_locks_reset
 .text.runtime_init_per_core_irq_priorities
                0x10000fc4       0x24 CMakeFiles/lab7.dir/home/tinypc/pico/pico-sdk/src/rp2_common/hardware_irq/irq.c.o
                0x10000fc4                runtime_init_per_core_irq_priorities
 .text.irq_set_enabled
                0x10000fe8       0x24 CMakeFiles/lab7.dir/home/tinypc/pico/pico-sdk/src/rp2_common/hardware_irq/irq.c.o
                0x10000fe8                irq_set_enabled
 .text.irq_is_enabled
                0x1000100c       0x18 CMakeFiles/lab7.dir/home/tinypc/pico/pico-sdk/src/rp2_common/hardware_irq/irq.c.o
                0x1000100c                irq_is_enabled
 .text.irq_set_pending
                0x10001024       0x10 CMakeFiles/lab7.dir/home/tinypc/pico/pico-sdk/src/rp2_common/hardware_irq/irq.c.o
                0x10001024                irq_set_pending
 .text.irq_has_shared_handler
                0x10001034       0x24 CMakeFiles/lab7.dir/home/tinypc/pico/pico-sdk/src/rp2_common/hardware_irq/irq.c.o
                0x10001034                irq_has_shared_handler
 .text.irq_set_exclusive_handler
                0x10001058       0x54 CMakeFiles/lab7.dir/home/tinypc/pico/pico-sdk/src/rp2_common/hardware_irq/irq.c.o
                0x10001058                irq_set_exclusive_handler
 .text.irq_add_shared_handler
                0x100010ac      0x1f4 CMakeFiles/lab7.dir/home/tinypc/pico/pico-sdk/src/rp2_common/hardware_irq/irq.c.o
                0x100010ac                irq_add_shared_handler
 .text.irq_remove_handler
                0x100012a0      0x1d4 CMakeFiles/lab7.dir/home/tinypc/pico/pico-sdk/src/rp2_common/hardware_irq/irq.c.o
                0x100012a0                irq_remove_handler
 .text.irq_set_priority
                0x10001474       0x28 CMakeFiles/lab7.dir/home/tinypc/pico/pico-sdk/src/rp2_common/hardware_irq/irq.c.o
                0x10001474                irq_set_priority
 .text.irq_add_tail_to_free_list
                0x1000149c       0xb4 CMakeFiles/lab7.dir/home/tinypc/pico/pico-sdk/src/rp2_common/hardware_irq/irq.c.o
                0x1000149c                irq_add_tail_to_free_list
 .text.user_irq_claim_unused
                0x10001550       0x2c CMakeFiles/lab7.dir/home/tinypc/pico/pico-sdk/src/rp2_common/hardware_irq/irq.c.o
                0x10001550                user_irq_claim_unused
 .text.lock_init
                0x1000157c       0x10 CMakeFiles/lab7.dir/home/tinypc/pico/pico-sdk/src/common/pico_sync/lock_core.c.o
                0x1000157c                lock_init
 .text.runtime_init_mutex
                0x1000158c       0x54 CMakeFiles/lab7.dir/home/tinypc/pico/pico-sdk/src/common/pico_sync/mutex.c.o
                0x1000158c                runtime_init_mutex
 .text.mutex_init
                0x100015e0       0x1c CMakeFiles/lab7.dir/home/tinypc/pico/pico-sdk/src/common/pico_sync/mutex.c.o
                0x100015e0                mutex_init
 .text.critical_section_init
                0x100015fc       0x1c CMakeFiles/lab7.dir/home/tinypc/pico/pico-sdk/src/common/pico_sync/critical_section.c.o
                0x100015fc                critical_section_init
 .text.critical_section_init_with_lock_num
                0x10001618       0x14 CMakeFiles/lab7.dir/home/tinypc/pico/pico-sdk/src/common/pico_sync/critical_section.c.o
                0x10001618                critical_section_init_with_lock_num
 .text.alarm_pool_irq_handler
                0x1000162c      0x300 CMakeFiles/lab7.dir/home/tinypc/pico/pico-sdk/src/common/pico_time/time.c.o
 .text.sleep_until_callback
                0x1000192c       0x24 CMakeFiles/lab7.dir/home/tinypc/pico/pico-sdk/src/common/pico_time/time.c.o
 .text.runtime_init_default_alarm_pool
                0x10001950       0xdc CMakeFiles/lab7.dir/home/tinypc/pico/pico-sdk/src/common/pico_time/time.c.o
                0x10001950                runtime_init_default_alarm_pool
 .text.alarm_pool_get_default
                0x10001a2c        0x8 CMakeFiles/lab7.dir/home/tinypc/pico/pico-sdk/src/common/pico_time/time.c.o
                0x10001a2c                alarm_pool_get_default
 .text.alarm_pool_add_alarm_at
                0x10001a34       0xd0 CMakeFiles/lab7.dir/home/tinypc/pico/pico-sdk/src/common/pico_time/time.c.o
                0x10001a34                alarm_pool_add_alarm_at
 .text.alarm_pool_add_alarm_at_force_in_context
                0x10001b04       0xb0 CMakeFiles/lab7.dir/home/tinypc/pico/pico-sdk/src/common/pico_time/time.c.o
                0x10001b04                alarm_pool_add_alarm_at_force_in_context
 .text.alarm_pool_cancel_alarm
                0x10001bb4       0x74 CMakeFiles/lab7.dir/home/tinypc/pico/pico-sdk/src/common/pico_time/time.c.o
                0x10001bb4                alarm_pool_cancel_alarm
 .text.alarm_pool_core_num
                0x10001c28        0x4 CMakeFiles/lab7.dir/home/tinypc/pico/pico-sdk/src/common/pico_time/time.c.o
                0x10001c28                alarm_pool_core_num
 .text.best_effort_wfe_or_timeout
                0x10001c2c      0x10c CMakeFiles/lab7.dir/home/tinypc/pico/pico-sdk/src/common/pico_time/time.c.o
                0x10001c2c                best_effort_wfe_or_timeout
 .text.timer_hardware_alarm_claim
                0x10001d38       0x14 CMakeFiles/lab7.dir/home/tinypc/pico/pico-sdk/src/rp2_common/hardware_timer/timer.c.o
                0x10001d38                timer_hardware_alarm_claim
 .text.timer_time_us_64
                0x10001d4c       0x10 CMakeFiles/lab7.dir/home/tinypc/pico/pico-sdk/src/rp2_common/hardware_timer/timer.c.o
                0x10001d4c                timer_time_us_64
 .text.time_us_64
                0x10001d5c       0x14 CMakeFiles/lab7.dir/home/tinypc/pico/pico-sdk/src/rp2_common/hardware_timer/timer.c.o
                0x10001d5c                time_us_64
 .text.clock_configure_int_divider
                0x10001d70       0xf4 CMakeFiles/lab7.dir/home/tinypc/pico/pico-sdk/src/rp2_common/hardware_clocks/clocks.c.o
                0x10001d70                clock_configure_int_divider
 .text.clock_configure_undivided
                0x10001e64       0xe8 CMakeFiles/lab7.dir/home/tinypc/pico/pico-sdk/src/rp2_common/hardware_clocks/clocks.c.o
                0x10001e64                clock_configure_undivided
 .text.clock_get_hz
                0x10001f4c        0xc CMakeFiles/lab7.dir/home/tinypc/pico/pico-sdk/src/rp2_common/hardware_clocks/clocks.c.o
                0x10001f4c                clock_get_hz
 .text.pll_init
                0x10001f58       0xa4 CMakeFiles/lab7.dir/home/tinypc/pico/pico-sdk/src/rp2_common/hardware_pll/pll.c.o
                0x10001f58                pll_init
 .text.watchdog_reboot
                0x10001ffc       0x9c CMakeFiles/lab7.dir/home/tinypc/pico/pico-sdk/src/rp2_common/hardware_watchdog/watchdog.c.o
                0x10001ffc                watchdog_reboot
 .text.tick_start
                0x10002098       0x10 CMakeFiles/lab7.dir/home/tinypc/pico/pico-sdk/src/rp2_common/hardware_ticks/ticks.c.o
                0x10002098                tick_start
 .text.rom_func_lookup
                0x100020a8       0x10 CMakeFiles/lab7.dir/home/tinypc/pico/pico-sdk/src/rp2_common/pico_bootrom/bootrom.c.o
                0x100020a8                rom_func_lookup
 .text.rom_data_lookup
                0x100020b8       0x10 CMakeFiles/lab7.dir/home/tinypc/pico/pico-sdk/src/rp2_common/pico_bootrom/bootrom.c.o
                0x100020b8                rom_data_lookup
 .text.rom_funcs_lookup
                0x100020c8       0x44 CMakeFiles/lab7.dir/home/tinypc/pico/pico-sdk/src/rp2_common/pico_bootrom/bootrom.c.o
                0x100020c8                rom_funcs_lookup
 .text.rom_reset_usb_boot_extra
                0x1000210c       0x24 CMakeFiles/lab7.dir/home/tinypc/pico/pico-sdk/src/rp2_common/pico_bootrom/bootrom.c.o
                0x1000210c                rom_reset_usb_boot_extra
 .text.xosc_init
                0x10002130       0x28 CMakeFiles/lab7.dir/home/tinypc/pico/pico-sdk/src/rp2_common/hardware_xosc/xosc.c.o
                0x10002130                xosc_init
 .text.first_per_core_initializer
                0x10002158        0x4 CMakeFiles/lab7.dir/home/tinypc/pico/pico-sdk/src/rp2_common/pico_runtime/runtime.c.o
 .text.hard_assertion_failure
                0x1000215c        0xc CMakeFiles/lab7.dir/home/tinypc/pico/pico-sdk/src/rp2_common/pico_runtime/runtime.c.o
                0x1000215c                hard_assertion_failure
 .text.runtime_run_initializers
                0x10002168       0x28 CMakeFiles/lab7.dir/home/tinypc/pico/pico-sdk/src/rp2_common/pico_runtime/runtime.c.o
                0x10002168                runtime_run_initializers
 .text.runtime_init_early_resets
                0x10002190       0x2c CMakeFiles/lab7.dir/home/tinypc/pico/pico-sdk/src/rp2_common/pico_runtime_init/runtime_init.c.o
                0x10002190                runtime_init_early_resets
 .text.runtime_init_usb_power_down
                0x100021bc       0x1c CMakeFiles/lab7.dir/home/tinypc/pico/pico-sdk/src/rp2_common/pico_runtime_init/runtime_init.c.o
                0x100021bc                runtime_init_usb_power_down
 .text.runtime_init_post_clock_resets
                0x100021d8       0x20 CMakeFiles/lab7.dir/home/tinypc/pico/pico-sdk/src/rp2_common/pico_runtime_init/runtime_init.c.o
                0x100021d8                runtime_init_post_clock_resets
 .text.runtime_init_rp2040_gpio_ie_disable
                0x100021f8       0x14 CMakeFiles/lab7.dir/home/tinypc/pico/pico-sdk/src/rp2_common/pico_runtime_init/runtime_init.c.o
                0x100021f8                runtime_init_rp2040_gpio_ie_disable
 .text.runtime_init_spin_locks_reset
                0x1000220c        0x8 CMakeFiles/lab7.dir/home/tinypc/pico/pico-sdk/src/rp2_common/pico_runtime_init/runtime_init.c.o
                0x1000220c                runtime_init_spin_locks_reset
 .text.runtime_init_install_ram_vector_table
                0x10002214       0xb4 CMakeFiles/lab7.dir/home/tinypc/pico/pico-sdk/src/rp2_common/pico_runtime_init/runtime_init.c.o
                0x10002214                runtime_init_install_ram_vector_table
 .text.runtime_init_clocks
                0x100022c8       0xd8 CMakeFiles/lab7.dir/home/tinypc/pico/pico-sdk/src/rp2_common/pico_runtime_init/runtime_init_clocks.c.o
                0x100022c8                runtime_init_clocks
 .text          0x100023a0       0x10 CMakeFiles/lab7.dir/home/tinypc/pico/pico-sdk/src/rp2_common/pico_bit_ops/bit_ops_aeabi.S.o
 .text.__wrap___aeabi_idiv
                0x100023b0       0x50 CMakeFiles/lab7.dir/home/tinypc/pico/pico-sdk/src/rp2_common/pico_divider/divider_hardware.S.o
                0x100023b0                __wrap___aeabi_idivmod
                0x100023b0                divmod_s32s32
                0x100023b0                div_s32s32
                0x100023b0                __wrap___aeabi_idiv
                0x100023b8                divmod_s32s32_unsafe
                0x100023e4                divmod_s32s32_savestate
 .text.__wrap___aeabi_uidiv
                0x10002400       0x4c CMakeFiles/lab7.dir/home/tinypc/pico/pico-sdk/src/rp2_common/pico_divider/divider_hardware.S.o
                0x10002400                __wrap___aeabi_uidiv
                0x10002400                __wrap___aeabi_uidivmod
                0x10002400                div_u32u32
                0x10002400                divmod_u32u32
                0x10002408                divmod_u32u32_unsafe
                0x10002430                divmod_u32u32_savestate
 .text.__wrap___aeabi_ldiv
                0x1000244c      0x424 CMakeFiles/lab7.dir/home/tinypc/pico/pico-sdk/src/rp2_common/pico_divider/divider_hardware.S.o
                0x1000244c                div_s64s64
                0x1000244c                divmod_s64s64
                0x1000244c                __wrap___aeabi_ldivmod
                0x1000247c                div_u64u64
                0x1000247c                divmod_u64u64
                0x1000247c                __wrap___aeabi_uldivmod
                0x1000248c                divmod_u64u64_savestate
                0x100024ac                divmod_s64s64_unsafe
                0x10002534                divmod_u64u64_unsafe
 .text.__wrap___aeabi_darithmetic
                0x10002870       0x80 CMakeFiles/lab7.dir/home/tinypc/pico/pico-sdk/src/rp2_common/pico_double/double_aeabi_rp2040.S.o
                0x10002870                __wrap___aeabi_drsub
                0x10002876                __wrap___aeabi_dsub
                0x10002888                __wrap___aeabi_dadd
                0x1000289a                __wrap___aeabi_ddiv
                0x100028d6                __wrap___aeabi_dmul
 .text.__wrap___aeabi_cdcmple
                0x100028f0       0x6c CMakeFiles/lab7.dir/home/tinypc/pico/pico-sdk/src/rp2_common/pico_double/double_aeabi_rp2040.S.o
                0x100028f0                __wrap___aeabi_cdrcmple
                0x10002900                __wrap___aeabi_cdcmple
                0x10002900                __wrap___aeabi_cdcmpeq
 .text.__wrap___aeabi_dcmplt
                0x1000295c        0xc CMakeFiles/lab7.dir/home/tinypc/pico/pico-sdk/src/rp2_common/pico_double/double_aeabi_rp2040.S.o
                0x1000295c                __wrap___aeabi_dcmplt
 .text.__wrap___aeabi_dcmple
                0x10002968       0x10 CMakeFiles/lab7.dir/home/tinypc/pico/pico-sdk/src/rp2_common/pico_double/double_aeabi_rp2040.S.o
                0x10002968                __wrap___aeabi_dcmple
 .text.__wrap___aeabi_dcmpge
                0x10002978       0x10 CMakeFiles/lab7.dir/home/tinypc/pico/pico-sdk/src/rp2_common/pico_double/double_aeabi_rp2040.S.o
                0x10002978                __wrap___aeabi_dcmpge
 .text.__wrap___aeabi_dcmpgt
                0x10002988        0xa CMakeFiles/lab7.dir/home/tinypc/pico/pico-sdk/src/rp2_common/pico_double/double_aeabi_rp2040.S.o
                0x10002988                __wrap___aeabi_dcmpgt
 .text.__wrap___aeabi_dcmpun
                0x10002992       0x18 CMakeFiles/lab7.dir/home/tinypc/pico/pico-sdk/src/rp2_common/pico_double/double_aeabi_rp2040.S.o
                0x10002992                __wrap___aeabi_dcmpun
 *fill*         0x100029aa        0x2 
 .text.__wrap___aeabi_i2d
                0x100029ac       0x38 CMakeFiles/lab7.dir/home/tinypc/pico/pico-sdk/src/rp2_common/pico_double/double_aeabi_rp2040.S.o
                0x100029ac                __wrap___aeabi_ui2d
                0x100029ac                uint2double
                0x100029b4                __wrap___aeabi_i2d
                0x100029b4                int2double
 .text.__wrap___aeabi_d2iz
                0x100029e4       0x48 CMakeFiles/lab7.dir/home/tinypc/pico/pico-sdk/src/rp2_common/pico_double/double_aeabi_rp2040.S.o
                0x100029e4                __wrap___aeabi_d2iz
                0x100029e4                double2int_z
 .text.__wrap___aeabi_d2uiz
                0x10002a2c       0x18 CMakeFiles/lab7.dir/home/tinypc/pico/pico-sdk/src/rp2_common/pico_double/double_aeabi_rp2040.S.o
                0x10002a2c                double2uint_z
                0x10002a2c                double2uint
                0x10002a2c                __wrap___aeabi_d2uiz
 .text.__aeabi_double_init
                0x10002a44       0xa4 CMakeFiles/lab7.dir/home/tinypc/pico/pico-sdk/src/rp2_common/pico_double/double_init_rom_rp2040.c.o
                0x10002a44                __aeabi_double_init
 .text.double_table_shim_on_use_helper
                0x10002ae8       0x2c CMakeFiles/lab7.dir/home/tinypc/pico/pico-sdk/src/rp2_common/pico_double/double_v1_rom_shim_rp2040.S.o
                0x10002ae8                double_table_shim_on_use_helper
 .text.__wrap___aeabi_dsub
                0x10002b14       0x10 CMakeFiles/lab7.dir/home/tinypc/pico/pico-sdk/src/rp2_common/pico_double/double_v1_rom_shim_rp2040.S.o
                0x10002b14                drsub_shim
                0x10002b1a                dsub_shim
 .text.dadd_shim
                0x10002b24      0x15c CMakeFiles/lab7.dir/home/tinypc/pico/pico-sdk/src/rp2_common/pico_double/double_v1_rom_shim_rp2040.S.o
                0x10002b24                dadd_shim
 .text.dmul_shim
                0x10002c80      0x15c CMakeFiles/lab7.dir/home/tinypc/pico/pico-sdk/src/rp2_common/pico_double/double_v1_rom_shim_rp2040.S.o
                0x10002c80                dmul_shim
 .text.ddiv_shim
                0x10002ddc      0x1b0 CMakeFiles/lab7.dir/home/tinypc/pico/pico-sdk/src/rp2_common/pico_double/double_v1_rom_shim_rp2040.S.o
                0x10002ddc                ddiv_shim
 .text.double2uint_shim
                0x10002f8c        0xe CMakeFiles/lab7.dir/home/tinypc/pico/pico-sdk/src/rp2_common/pico_double/double_v1_rom_shim_rp2040.S.o
                0x10002f8c                double2uint_shim
                0x10002f8e                double2ufix_shim
 *fill*         0x10002f9a        0x2 
 .text.double2uint64_shim
                0x10002f9c       0x70 CMakeFiles/lab7.dir/home/tinypc/pico/pico-sdk/src/rp2_common/pico_double/double_v1_rom_shim_rp2040.S.o
                0x10002f9c                double2uint64_shim
                0x10002f9e                double2ufix64_shim
                0x10002fbe                d2fix_a
 .text.dunpacks
                0x1000300c       0x3c CMakeFiles/lab7.dir/home/tinypc/pico/pico-sdk/src/rp2_common/pico_double/double_v1_rom_shim_rp2040.S.o
                0x1000300c                dunpacks
 .text.__aeabi_lmul
                0x10003048       0x32 CMakeFiles/lab7.dir/home/tinypc/pico/pico-sdk/src/rp2_common/pico_int64_ops/pico_int64_ops_aeabi.S.o
                0x10003048                __wrap___aeabi_lmul
 *fill*         0x1000307a        0x2 
 .text.__aeabi_float_init
                0x1000307c       0x64 CMakeFiles/lab7.dir/home/tinypc/pico/pico-sdk/src/rp2_common/pico_float/float_init_rom_rp2040.c.o
                0x1000307c                __aeabi_float_init
 .text.float_table_shim_on_use_helper
                0x100030e0       0x2c CMakeFiles/lab7.dir/home/tinypc/pico/pico-sdk/src/rp2_common/pico_float/float_v1_rom_shim_rp2040.S.o
                0x100030e0                float_table_shim_on_use_helper
 .text.__wrap_malloc
                0x1000310c       0x3c CMakeFiles/lab7.dir/home/tinypc/pico/pico-sdk/src/rp2_common/pico_malloc/malloc.c.o
                0x1000310c                __wrap_malloc
 .text.__wrap_free
                0x10003148       0x20 CMakeFiles/lab7.dir/home/tinypc/pico/pico-sdk/src/rp2_common/pico_malloc/malloc.c.o
                0x10003148                __wrap_free
 .text          0x10003168       0x10 CMakeFiles/lab7.dir/home/tinypc/pico/pico-sdk/src/rp2_common/pico_mem_ops/mem_ops_aeabi.S.o
                0x10003168                __aeabi_mem_init
 .text.memset   0x10003178        0xc CMakeFiles/lab7.dir/home/tinypc/pico/pico-sdk/src/rp2_common/pico_mem_ops/mem_ops_aeabi.S.o
                0x10003178                __wrap_memset
 .text.memcpy   0x10003184        0xc CMakeFiles/lab7.dir/home/tinypc/pico/pico-sdk/src/rp2_common/pico_mem_ops/mem_ops_aeabi.S.o
                0x10003184                __wrap___aeabi_memcpy
                0x10003184                __wrap_memcpy
 .text._out_null
                0x10003190        0x4 CMakeFiles/lab7.dir/home/tinypc/pico/pico-sdk/src/rp2_common/pico_printf/printf.c.o
 .text._out_rev
                0x10003194       0xac CMakeFiles/lab7.dir/home/tinypc/pico/pico-sdk/src/rp2_common/pico_printf/printf.c.o
 .text._ntoa_format
                0x10003240      0x1cc CMakeFiles/lab7.dir/home/tinypc/pico/pico-sdk/src/rp2_common/pico_printf/printf.c.o
 .text._out_char
                0x1000340c       0x10 CMakeFiles/lab7.dir/home/tinypc/pico/pico-sdk/src/rp2_common/pico_printf/printf.c.o
 .text._out_fct
                0x1000341c       0x10 CMakeFiles/lab7.dir/home/tinypc/pico/pico-sdk/src/rp2_common/pico_printf/printf.c.o
 .text._ftoa    0x1000342c      0x4a8 CMakeFiles/lab7.dir/home/tinypc/pico/pico-sdk/src/rp2_common/pico_printf/printf.c.o
 .text._etoa    0x100038d4      0x57c CMakeFiles/lab7.dir/home/tinypc/pico/pico-sdk/src/rp2_common/pico_printf/printf.c.o
 .text._vsnprintf
                0x10003e50      0xbe0 CMakeFiles/lab7.dir/home/tinypc/pico/pico-sdk/src/rp2_common/pico_printf/printf.c.o
 .text.vfctprintf
                0x10004a30       0x24 CMakeFiles/lab7.dir/home/tinypc/pico/pico-sdk/src/rp2_common/pico_printf/printf.c.o
                0x10004a30                vfctprintf
 .text.weak_raw_vprintf
                0x10004a54       0x30 CMakeFiles/lab7.dir/home/tinypc/pico/pico-sdk/src/rp2_common/pico_printf/printf.c.o
                0x10004a54                weak_raw_vprintf
 .text._exit    0x10004a84        0x4 CMakeFiles/lab7.dir/home/tinypc/pico/pico-sdk/src/rp2_common/pico_clib_interface/newlib_interface.c.o
                0x10004a84                _exit
 .text._sbrk    0x10004a88       0x34 CMakeFiles/lab7.dir/home/tinypc/pico/pico-sdk/src/rp2_common/pico_clib_interface/newlib_interface.c.o
                0x10004a88                _sbrk
 .text.exit     0x10004abc        0x8 CMakeFiles/lab7.dir/home/tinypc/pico/pico-sdk/src/rp2_common/pico_clib_interface/newlib_interface.c.o
                0x10004abc                exit
 .text.runtime_init
                0x10004ac4       0x2c CMakeFiles/lab7.dir/home/tinypc/pico/pico-sdk/src/rp2_common/pico_clib_interface/newlib_interface.c.o
                0x10004ac4                runtime_init
 .text.stdio_out_chars_no_crlf
                0x10004af0       0x10 CMakeFiles/lab7.dir/home/tinypc/pico/pico-sdk/src/rp2_common/pico_stdio/stdio.c.o
 .text.stdio_out_chars_crlf
                0x10004b00       0xb0 CMakeFiles/lab7.dir/home/tinypc/pico/pico-sdk/src/rp2_common/pico_stdio/stdio.c.o
 .text.stdio_buffered_printer
                0x10004bb0       0x64 CMakeFiles/lab7.dir/home/tinypc/pico/pico-sdk/src/rp2_common/pico_stdio/stdio.c.o
 .text.stdio_put_string
                0x10004c14       0xfc CMakeFiles/lab7.dir/home/tinypc/pico/pico-sdk/src/rp2_common/pico_stdio/stdio.c.o
                0x10004c14                stdio_put_string
 .text.stdio_set_driver_enabled
                0x10004d10       0x30 CMakeFiles/lab7.dir/home/tinypc/pico/pico-sdk/src/rp2_common/pico_stdio/stdio.c.o
                0x10004d10                stdio_set_driver_enabled
 .text.stdio_init_all
                0x10004d40        0x8 CMakeFiles/lab7.dir/home/tinypc/pico/pico-sdk/src/rp2_common/pico_stdio/stdio.c.o
                0x10004d40                stdio_init_all
 .text.__wrap_putchar
                0x10004d48       0x94 CMakeFiles/lab7.dir/home/tinypc/pico/pico-sdk/src/rp2_common/pico_stdio/stdio.c.o
                0x10004d48                stdio_putchar
                0x10004d48                __wrap_putchar
 .text.__wrap_puts
                0x10004ddc       0x3c CMakeFiles/lab7.dir/home/tinypc/pico/pico-sdk/src/rp2_common/pico_stdio/stdio.c.o
                0x10004ddc                __wrap_puts
                0x10004ddc                stdio_puts
 .text.__wrap_vprintf
                0x10004e18       0xcc CMakeFiles/lab7.dir/home/tinypc/pico/pico-sdk/src/rp2_common/pico_stdio/stdio.c.o
                0x10004e18                __wrap_vprintf
                0x10004e18                stdio_vprintf
 .text.__wrap_printf
                0x10004ee4       0x18 CMakeFiles/lab7.dir/home/tinypc/pico/pico-sdk/src/rp2_common/pico_stdio/stdio.c.o
                0x10004ee4                stdio_printf
                0x10004ee4                __wrap_printf
 .text.resetd_init
                0x10004efc        0x4 CMakeFiles/lab7.dir/home/tinypc/pico/pico-sdk/src/rp2_common/pico_stdio_usb/reset_interface.c.o
 .text.resetd_reset
                0x10004f00        0xc CMakeFiles/lab7.dir/home/tinypc/pico/pico-sdk/src/rp2_common/pico_stdio_usb/reset_interface.c.o
 .text.resetd_open
                0x10004f0c       0x28 CMakeFiles/lab7.dir/home/tinypc/pico/pico-sdk/src/rp2_common/pico_stdio_usb/reset_interface.c.o
 .text.resetd_xfer_cb
                0x10004f34        0x4 CMakeFiles/lab7.dir/home/tinypc/pico/pico-sdk/src/rp2_common/pico_stdio_usb/reset_interface.c.o
 .text.resetd_control_xfer_cb
                0x10004f38       0x54 CMakeFiles/lab7.dir/home/tinypc/pico/pico-sdk/src/rp2_common/pico_stdio_usb/reset_interface.c.o
 .text.tud_descriptor_bos_cb
                0x10004f8c        0x8 CMakeFiles/lab7.dir/home/tinypc/pico/pico-sdk/src/rp2_common/pico_stdio_usb/reset_interface.c.o
                0x10004f8c                tud_descriptor_bos_cb
 .text.tud_vendor_control_xfer_cb
                0x10004f94       0x34 CMakeFiles/lab7.dir/home/tinypc/pico/pico-sdk/src/rp2_common/pico_stdio_usb/reset_interface.c.o
                0x10004f94                tud_vendor_control_xfer_cb
 .text.usbd_app_driver_get_cb
                0x10004fc8        0xc CMakeFiles/lab7.dir/home/tinypc/pico/pico-sdk/src/rp2_common/pico_stdio_usb/reset_interface.c.o
                0x10004fc8                usbd_app_driver_get_cb
 .text.tud_cdc_line_coding_cb
                0x10004fd4       0x2c CMakeFiles/lab7.dir/home/tinypc/pico/pico-sdk/src/rp2_common/pico_stdio_usb/reset_interface.c.o
                0x10004fd4                tud_cdc_line_coding_cb
 .text.stdio_usb_set_chars_available_callback
                0x10005000       0x14 CMakeFiles/lab7.dir/home/tinypc/pico/pico-sdk/src/rp2_common/pico_stdio_usb/stdio_usb.c.o
                0x10005000                stdio_usb_set_chars_available_callback
 .text.usb_irq  0x10005014       0x10 CMakeFiles/lab7.dir/home/tinypc/pico/pico-sdk/src/rp2_common/pico_stdio_usb/stdio_usb.c.o
 .text.timer_task
                0x10005024       0x64 CMakeFiles/lab7.dir/home/tinypc/pico/pico-sdk/src/rp2_common/pico_stdio_usb/stdio_usb.c.o
 .text.stdio_usb_in_chars
                0x10005088       0x8c CMakeFiles/lab7.dir/home/tinypc/pico/pico-sdk/src/rp2_common/pico_stdio_usb/stdio_usb.c.o
                0x10005088                stdio_usb_in_chars
 .text.stdio_usb_out_flush
                0x10005114       0x4c CMakeFiles/lab7.dir/home/tinypc/pico/pico-sdk/src/rp2_common/pico_stdio_usb/stdio_usb.c.o
 .text.stdio_usb_out_chars
                0x10005160      0x100 CMakeFiles/lab7.dir/home/tinypc/pico/pico-sdk/src/rp2_common/pico_stdio_usb/stdio_usb.c.o
 .text.low_priority_worker_irq
                0x10005260       0xc8 CMakeFiles/lab7.dir/home/tinypc/pico/pico-sdk/src/rp2_common/pico_stdio_usb/stdio_usb.c.o
 .text.stdio_usb_init
                0x10005328       0xe8 CMakeFiles/lab7.dir/home/tinypc/pico/pico-sdk/src/rp2_common/pico_stdio_usb/stdio_usb.c.o
                0x10005328                stdio_usb_init
 .text.tud_descriptor_device_cb
                0x10005410        0x8 CMakeFiles/lab7.dir/home/tinypc/pico/pico-sdk/src/rp2_common/pico_stdio_usb/stdio_usb_descriptors.c.o
                0x10005410                tud_descriptor_device_cb
 .text.tud_descriptor_configuration_cb
                0x10005418        0x8 CMakeFiles/lab7.dir/home/tinypc/pico/pico-sdk/src/rp2_common/pico_stdio_usb/stdio_usb_descriptors.c.o
                0x10005418                tud_descriptor_configuration_cb
 .text.tud_descriptor_string_cb
                0x10005420       0x78 CMakeFiles/lab7.dir/home/tinypc/pico/pico-sdk/src/rp2_common/pico_stdio_usb/stdio_usb_descriptors.c.o
                0x10005420                tud_descriptor_string_cb
 .text.startup._retrieve_unique_id_on_boot
                0x10005498       0x10 CMakeFiles/lab7.dir/home/tinypc/pico/pico-sdk/src/rp2_common/pico_unique_id/unique_id.c.o
 .text.pico_get_unique_board_id_string
                0x100054a8      0x1a8 CMakeFiles/lab7.dir/home/tinypc/pico/pico-sdk/src/rp2_common/pico_unique_id/unique_id.c.o
                0x100054a8                pico_get_unique_board_id_string
 .text.flash_get_unique_id
                0x10005650       0x3c CMakeFiles/lab7.dir/home/tinypc/pico/pico-sdk/src/rp2_common/hardware_flash/flash.c.o
                0x10005650                flash_get_unique_id
 .text.dcd_init
                0x1000568c       0x90 CMakeFiles/lab7.dir/home/tinypc/pico/pico-sdk/lib/tinyusb/src/portable/raspberrypi/rp2040/dcd_rp2040.c.o
                0x1000568c                dcd_init
 .text.dcd_int_enable
                0x1000571c        0xc CMakeFiles/lab7.dir/home/tinypc/pico/pico-sdk/lib/tinyusb/src/portable/raspberrypi/rp2040/dcd_rp2040.c.o
                0x1000571c                dcd_int_enable
 .text.dcd_set_address
                0x10005728       0x14 CMakeFiles/lab7.dir/home/tinypc/pico/pico-sdk/lib/tinyusb/src/portable/raspberrypi/rp2040/dcd_rp2040.c.o
                0x10005728                dcd_set_address
 .text.dcd_sof_enable
                0x1000573c       0x1c CMakeFiles/lab7.dir/home/tinypc/pico/pico-sdk/lib/tinyusb/src/portable/raspberrypi/rp2040/dcd_rp2040.c.o
                0x1000573c                dcd_sof_enable
 .text.dcd_edpt0_status_complete
                0x10005758       0x1c CMakeFiles/lab7.dir/home/tinypc/pico/pico-sdk/lib/tinyusb/src/portable/raspberrypi/rp2040/dcd_rp2040.c.o
                0x10005758                dcd_edpt0_status_complete
 .text.dcd_edpt_open
                0x10005774      0x114 CMakeFiles/lab7.dir/home/tinypc/pico/pico-sdk/lib/tinyusb/src/portable/raspberrypi/rp2040/dcd_rp2040.c.o
                0x10005774                dcd_edpt_open
 .text.dcd_edpt_close_all
                0x10005888        0x8 CMakeFiles/lab7.dir/home/tinypc/pico/pico-sdk/lib/tinyusb/src/portable/raspberrypi/rp2040/dcd_rp2040.c.o
                0x10005888                dcd_edpt_close_all
 .text.dcd_edpt_xfer
                0x10005890       0x24 CMakeFiles/lab7.dir/home/tinypc/pico/pico-sdk/lib/tinyusb/src/portable/raspberrypi/rp2040/dcd_rp2040.c.o
                0x10005890                dcd_edpt_xfer
 .text.dcd_edpt_stall
                0x100058b4       0x3c CMakeFiles/lab7.dir/home/tinypc/pico/pico-sdk/lib/tinyusb/src/portable/raspberrypi/rp2040/dcd_rp2040.c.o
                0x100058b4                dcd_edpt_stall
 .text.dcd_edpt_clear_stall
                0x100058f0       0x30 CMakeFiles/lab7.dir/home/tinypc/pico/pico-sdk/lib/tinyusb/src/portable/raspberrypi/rp2040/dcd_rp2040.c.o
                0x100058f0                dcd_edpt_clear_stall
 .text.rp2040_usb_init
                0x10005920       0x40 CMakeFiles/lab7.dir/home/tinypc/pico/pico-sdk/lib/tinyusb/src/portable/raspberrypi/rp2040/rp2040_usb.c.o
                0x10005920                rp2040_usb_init
 .text.hw_endpoint_xfer_start
                0x10005960       0x40 CMakeFiles/lab7.dir/home/tinypc/pico/pico-sdk/lib/tinyusb/src/portable/raspberrypi/rp2040/rp2040_usb.c.o
                0x10005960                hw_endpoint_xfer_start
 .text.tud_event_hook_cb
                0x100059a0        0x4 CMakeFiles/lab7.dir/home/tinypc/pico/pico-sdk/lib/tinyusb/src/device/usbd.c.o
                0x100059a0                tud_event_hook_cb
 .text.tud_sof_cb
                0x100059a4        0x4 CMakeFiles/lab7.dir/home/tinypc/pico/pico-sdk/lib/tinyusb/src/device/usbd.c.o
                0x100059a4                tud_sof_cb
 .text.tud_descriptor_device_qualifier_cb
                0x100059a8        0x4 CMakeFiles/lab7.dir/home/tinypc/pico/pico-sdk/lib/tinyusb/src/device/usbd.c.o
                0x100059a8                tud_descriptor_device_qualifier_cb
 .text.tud_descriptor_other_speed_configuration_cb
                0x100059ac        0x4 CMakeFiles/lab7.dir/home/tinypc/pico/pico-sdk/lib/tinyusb/src/device/usbd.c.o
                0x100059ac                tud_descriptor_other_speed_configuration_cb
 .text.tud_mount_cb
                0x100059b0        0x4 CMakeFiles/lab7.dir/home/tinypc/pico/pico-sdk/lib/tinyusb/src/device/usbd.c.o
                0x100059b0                tud_mount_cb
 .text.tud_umount_cb
                0x100059b4        0x4 CMakeFiles/lab7.dir/home/tinypc/pico/pico-sdk/lib/tinyusb/src/device/usbd.c.o
                0x100059b4                tud_umount_cb
 .text.tud_suspend_cb
                0x100059b8        0x4 CMakeFiles/lab7.dir/home/tinypc/pico/pico-sdk/lib/tinyusb/src/device/usbd.c.o
                0x100059b8                tud_suspend_cb
 .text.tud_resume_cb
                0x100059bc        0x4 CMakeFiles/lab7.dir/home/tinypc/pico/pico-sdk/lib/tinyusb/src/device/usbd.c.o
                0x100059bc                tud_resume_cb
 .text.tud_mounted
                0x100059c0       0x10 CMakeFiles/lab7.dir/home/tinypc/pico/pico-sdk/lib/tinyusb/src/device/usbd.c.o
                0x100059c0                tud_mounted
 .text.tud_suspended
                0x100059d0       0x10 CMakeFiles/lab7.dir/home/tinypc/pico/pico-sdk/lib/tinyusb/src/device/usbd.c.o
                0x100059d0                tud_suspended
 .text.tud_rhport_init
                0x100059e0       0xf4 CMakeFiles/lab7.dir/home/tinypc/pico/pico-sdk/lib/tinyusb/src/device/usbd.c.o
                0x100059e0                tud_rhport_init
 .text.tud_task_ext
                0x10005ad4      0x800 CMakeFiles/lab7.dir/home/tinypc/pico/pico-sdk/lib/tinyusb/src/device/usbd.c.o
                0x10005ad4                tud_task_ext
 .text.usbd_open_edpt_pair
                0x100062d4       0x9c CMakeFiles/lab7.dir/home/tinypc/pico/pico-sdk/lib/tinyusb/src/device/usbd.c.o
                0x100062d4                usbd_open_edpt_pair
 .text.usbd_edpt_open
                0x10006370       0x34 CMakeFiles/lab7.dir/home/tinypc/pico/pico-sdk/lib/tinyusb/src/device/usbd.c.o
                0x10006370                usbd_edpt_open
 .text.usbd_edpt_claim
                0x100063a4       0x28 CMakeFiles/lab7.dir/home/tinypc/pico/pico-sdk/lib/tinyusb/src/device/usbd.c.o
                0x100063a4                usbd_edpt_claim
 .text.usbd_edpt_release
                0x100063cc       0x28 CMakeFiles/lab7.dir/home/tinypc/pico/pico-sdk/lib/tinyusb/src/device/usbd.c.o
                0x100063cc                usbd_edpt_release
 .text.usbd_edpt_xfer
                0x100063f4       0x4c CMakeFiles/lab7.dir/home/tinypc/pico/pico-sdk/lib/tinyusb/src/device/usbd.c.o
                0x100063f4                usbd_edpt_xfer
 .text.tud_control_status
                0x10006440       0x2c CMakeFiles/lab7.dir/home/tinypc/pico/pico-sdk/lib/tinyusb/src/device/usbd_control.c.o
                0x10006440                tud_control_status
 .text.tud_control_xfer
                0x1000646c       0xa8 CMakeFiles/lab7.dir/home/tinypc/pico/pico-sdk/lib/tinyusb/src/device/usbd_control.c.o
                0x1000646c                tud_control_xfer
 .text.usbd_control_reset
                0x10006514       0x14 CMakeFiles/lab7.dir/home/tinypc/pico/pico-sdk/lib/tinyusb/src/device/usbd_control.c.o
                0x10006514                usbd_control_reset
 .text.usbd_control_set_complete_callback
                0x10006528        0xc CMakeFiles/lab7.dir/home/tinypc/pico/pico-sdk/lib/tinyusb/src/device/usbd_control.c.o
                0x10006528                usbd_control_set_complete_callback
 .text.usbd_control_set_request
                0x10006534       0x1c CMakeFiles/lab7.dir/home/tinypc/pico/pico-sdk/lib/tinyusb/src/device/usbd_control.c.o
                0x10006534                usbd_control_set_request
 .text.usbd_control_xfer_cb
                0x10006550       0xec CMakeFiles/lab7.dir/home/tinypc/pico/pico-sdk/lib/tinyusb/src/device/usbd_control.c.o
                0x10006550                usbd_control_xfer_cb
 .text._prep_out_transaction.isra.0
                0x1000663c       0x6c CMakeFiles/lab7.dir/home/tinypc/pico/pico-sdk/lib/tinyusb/src/class/cdc/cdc_device.c.o
 .text.tud_cdc_n_connected
                0x100066a8       0x2c CMakeFiles/lab7.dir/home/tinypc/pico/pico-sdk/lib/tinyusb/src/class/cdc/cdc_device.c.o
                0x100066a8                tud_cdc_n_connected
 .text.tud_cdc_n_available
                0x100066d4       0x14 CMakeFiles/lab7.dir/home/tinypc/pico/pico-sdk/lib/tinyusb/src/class/cdc/cdc_device.c.o
                0x100066d4                tud_cdc_n_available
 .text.tud_cdc_n_read
                0x100066e8       0x88 CMakeFiles/lab7.dir/home/tinypc/pico/pico-sdk/lib/tinyusb/src/class/cdc/cdc_device.c.o
                0x100066e8                tud_cdc_n_read
 .text.tud_cdc_n_write_flush
                0x10006770       0x74 CMakeFiles/lab7.dir/home/tinypc/pico/pico-sdk/lib/tinyusb/src/class/cdc/cdc_device.c.o
                0x10006770                tud_cdc_n_write_flush
 .text.tud_cdc_n_write
                0x100067e4       0x40 CMakeFiles/lab7.dir/home/tinypc/pico/pico-sdk/lib/tinyusb/src/class/cdc/cdc_device.c.o
                0x100067e4                tud_cdc_n_write
 .text.tud_cdc_n_write_available
                0x10006824       0x14 CMakeFiles/lab7.dir/home/tinypc/pico/pico-sdk/lib/tinyusb/src/class/cdc/cdc_device.c.o
                0x10006824                tud_cdc_n_write_available
 .text.cdcd_init
                0x10006838       0x70 CMakeFiles/lab7.dir/home/tinypc/pico/pico-sdk/lib/tinyusb/src/class/cdc/cdc_device.c.o
                0x10006838                cdcd_init
 .text.cdcd_deinit
                0x100068a8       0x30 CMakeFiles/lab7.dir/home/tinypc/pico/pico-sdk/lib/tinyusb/src/class/cdc/cdc_device.c.o
                0x100068a8                cdcd_deinit
 .text.cdcd_reset
                0x100068d8       0x4c CMakeFiles/lab7.dir/home/tinypc/pico/pico-sdk/lib/tinyusb/src/class/cdc/cdc_device.c.o
                0x100068d8                cdcd_reset
 .text.cdcd_open
                0x10006924       0xa4 CMakeFiles/lab7.dir/home/tinypc/pico/pico-sdk/lib/tinyusb/src/class/cdc/cdc_device.c.o
                0x10006924                cdcd_open
 .text.cdcd_control_xfer_cb
                0x100069c8       0xe8 CMakeFiles/lab7.dir/home/tinypc/pico/pico-sdk/lib/tinyusb/src/class/cdc/cdc_device.c.o
                0x100069c8                cdcd_control_xfer_cb
 .text.cdcd_xfer_cb
                0x10006ab0      0x100 CMakeFiles/lab7.dir/home/tinypc/pico/pico-sdk/lib/tinyusb/src/class/cdc/cdc_device.c.o
                0x10006ab0                cdcd_xfer_cb
 .text.vendord_init
                0x10006bb0       0x5c CMakeFiles/lab7.dir/home/tinypc/pico/pico-sdk/lib/tinyusb/src/class/vendor/vendor_device.c.o
                0x10006bb0                vendord_init
 .text.vendord_deinit
                0x10006c0c       0x1c CMakeFiles/lab7.dir/home/tinypc/pico/pico-sdk/lib/tinyusb/src/class/vendor/vendor_device.c.o
                0x10006c0c                vendord_deinit
 .text.vendord_reset
                0x10006c28       0x28 CMakeFiles/lab7.dir/home/tinypc/pico/pico-sdk/lib/tinyusb/src/class/vendor/vendor_device.c.o
                0x10006c28                vendord_reset
 .text.vendord_open
                0x10006c50      0x120 CMakeFiles/lab7.dir/home/tinypc/pico/pico-sdk/lib/tinyusb/src/class/vendor/vendor_device.c.o
                0x10006c50                vendord_open
 .text.vendord_xfer_cb
                0x10006d70       0x9c CMakeFiles/lab7.dir/home/tinypc/pico/pico-sdk/lib/tinyusb/src/class/vendor/vendor_device.c.o
                0x10006d70                vendord_xfer_cb
 .text.tusb_rhport_init
                0x10006e0c       0x4c CMakeFiles/lab7.dir/home/tinypc/pico/pico-sdk/lib/tinyusb/src/tusb.c.o
                0x10006e0c                tusb_rhport_init
 .text.tu_edpt_claim
                0x10006e58       0x50 CMakeFiles/lab7.dir/home/tinypc/pico/pico-sdk/lib/tinyusb/src/tusb.c.o
                0x10006e58                tu_edpt_claim
 .text.tu_edpt_release
                0x10006ea8       0x38 CMakeFiles/lab7.dir/home/tinypc/pico/pico-sdk/lib/tinyusb/src/tusb.c.o
                0x10006ea8                tu_edpt_release
 .text.tu_edpt_validate
                0x10006ee0       0x7c CMakeFiles/lab7.dir/home/tinypc/pico/pico-sdk/lib/tinyusb/src/tusb.c.o
                0x10006ee0                tu_edpt_validate
 .text.tu_edpt_bind_driver
                0x10006f5c       0x34 CMakeFiles/lab7.dir/home/tinypc/pico/pico-sdk/lib/tinyusb/src/tusb.c.o
                0x10006f5c                tu_edpt_bind_driver
 .text.tu_edpt_stream_init
                0x10006f90       0x6c CMakeFiles/lab7.dir/home/tinypc/pico/pico-sdk/lib/tinyusb/src/tusb.c.o
                0x10006f90                tu_edpt_stream_init
 .text.tu_edpt_stream_deinit
                0x10006ffc        0x4 CMakeFiles/lab7.dir/home/tinypc/pico/pico-sdk/lib/tinyusb/src/tusb.c.o
                0x10006ffc                tu_edpt_stream_deinit
 .text.tu_edpt_stream_write_zlp_if_needed
                0x10007000       0x68 CMakeFiles/lab7.dir/home/tinypc/pico/pico-sdk/lib/tinyusb/src/tusb.c.o
                0x10007000                tu_edpt_stream_write_zlp_if_needed
 .text.tu_edpt_stream_write_xfer
                0x10007068       0x68 CMakeFiles/lab7.dir/home/tinypc/pico/pico-sdk/lib/tinyusb/src/tusb.c.o
                0x10007068                tu_edpt_stream_write_xfer
 .text.tu_edpt_stream_read_xfer
                0x100070d0       0xd8 CMakeFiles/lab7.dir/home/tinypc/pico/pico-sdk/lib/tinyusb/src/tusb.c.o
                0x100070d0                tu_edpt_stream_read_xfer
 .text.tu_fifo_config
                0x100071a8       0x6c CMakeFiles/lab7.dir/home/tinypc/pico/pico-sdk/lib/tinyusb/src/common/tusb_fifo.c.o
                0x100071a8                tu_fifo_config
 .text.tu_fifo_count
                0x10007214       0x2c CMakeFiles/lab7.dir/home/tinypc/pico/pico-sdk/lib/tinyusb/src/common/tusb_fifo.c.o
                0x10007214                tu_fifo_count
 .text.tu_fifo_empty
                0x10007240       0x10 CMakeFiles/lab7.dir/home/tinypc/pico/pico-sdk/lib/tinyusb/src/common/tusb_fifo.c.o
                0x10007240                tu_fifo_empty
 .text.tu_fifo_remaining
                0x10007250       0x2c CMakeFiles/lab7.dir/home/tinypc/pico/pico-sdk/lib/tinyusb/src/common/tusb_fifo.c.o
                0x10007250                tu_fifo_remaining
 .text.tu_fifo_read
                0x1000727c       0x9c CMakeFiles/lab7.dir/home/tinypc/pico/pico-sdk/lib/tinyusb/src/common/tusb_fifo.c.o
                0x1000727c                tu_fifo_read
 .text.tu_fifo_read_n
                0x10007318       0xe8 CMakeFiles/lab7.dir/home/tinypc/pico/pico-sdk/lib/tinyusb/src/common/tusb_fifo.c.o
                0x10007318                tu_fifo_read_n
 .text.tu_fifo_write
                0x10007400       0xa4 CMakeFiles/lab7.dir/home/tinypc/pico/pico-sdk/lib/tinyusb/src/common/tusb_fifo.c.o
                0x10007400                tu_fifo_write
 .text.tu_fifo_write_n
                0x100074a4      0x178 CMakeFiles/lab7.dir/home/tinypc/pico/pico-sdk/lib/tinyusb/src/common/tusb_fifo.c.o
                0x100074a4                tu_fifo_write_n
 .text.tu_fifo_clear
                0x1000761c       0x40 CMakeFiles/lab7.dir/home/tinypc/pico/pico-sdk/lib/tinyusb/src/common/tusb_fifo.c.o
                0x1000761c                tu_fifo_clear
 .text.tu_fifo_set_overwritable
                0x1000765c       0x48 CMakeFiles/lab7.dir/home/tinypc/pico/pico-sdk/lib/tinyusb/src/common/tusb_fifo.c.o
                0x1000765c                tu_fifo_set_overwritable
 .text.isr_svcall
                0x100076a4        0x4 CMakeFiles/lab7.dir/home/tinypc/FreeRTOS-LTS/FreeRTOS/FreeRTOS-Kernel/portable/ThirdParty/GCC/RP2040/port.c.o
                0x100076a4                isr_svcall
 *fill*         0x100076a8        0x8 
 .text.vPortStartFirstTask
                0x100076b0       0x34 CMakeFiles/lab7.dir/home/tinypc/FreeRTOS-LTS/FreeRTOS/FreeRTOS-Kernel/portable/ThirdParty/GCC/RP2040/port.c.o
 *fill*         0x100076e4        0xc 
 .text.isr_pendsv
                0x100076f0       0x64 CMakeFiles/lab7.dir/home/tinypc/FreeRTOS-LTS/FreeRTOS/FreeRTOS-Kernel/portable/ThirdParty/GCC/RP2040/port.c.o
                0x100076f0                isr_pendsv
 .text.prvFIFOInterruptHandler
                0x10007754       0x80 CMakeFiles/lab7.dir/home/tinypc/FreeRTOS-LTS/FreeRTOS/FreeRTOS-Kernel/portable/ThirdParty/GCC/RP2040/port.c.o
 .text.prvTaskExitError
                0x100077d4        0x8 CMakeFiles/lab7.dir/home/tinypc/FreeRTOS-LTS/FreeRTOS/FreeRTOS-Kernel/portable/ThirdParty/GCC/RP2040/port.c.o
 .text.pxPortInitialiseStack
                0x100077dc       0x20 CMakeFiles/lab7.dir/home/tinypc/FreeRTOS-LTS/FreeRTOS/FreeRTOS-Kernel/portable/ThirdParty/GCC/RP2040/port.c.o
                0x100077dc                pxPortInitialiseStack
 .text.vPortYield
                0x100077fc       0x18 CMakeFiles/lab7.dir/home/tinypc/FreeRTOS-LTS/FreeRTOS/FreeRTOS-Kernel/portable/ThirdParty/GCC/RP2040/port.c.o
                0x100077fc                vPortYield
 .text.vPortEnterCritical
                0x10007814       0x18 CMakeFiles/lab7.dir/home/tinypc/FreeRTOS-LTS/FreeRTOS/FreeRTOS-Kernel/portable/ThirdParty/GCC/RP2040/port.c.o
                0x10007814                vPortEnterCritical
 .text.vPortExitCritical
                0x1000782c       0x34 CMakeFiles/lab7.dir/home/tinypc/FreeRTOS-LTS/FreeRTOS/FreeRTOS-Kernel/portable/ThirdParty/GCC/RP2040/port.c.o
                0x1000782c                vPortExitCritical
 .text.ulSetInterruptMaskFromISR
                0x10007860        0x8 CMakeFiles/lab7.dir/home/tinypc/FreeRTOS-LTS/FreeRTOS/FreeRTOS-Kernel/portable/ThirdParty/GCC/RP2040/port.c.o
                0x10007860                ulSetInterruptMaskFromISR
 .text.vClearInterruptMaskFromISR
                0x10007868        0x8 CMakeFiles/lab7.dir/home/tinypc/FreeRTOS-LTS/FreeRTOS/FreeRTOS-Kernel/portable/ThirdParty/GCC/RP2040/port.c.o
                0x10007868                vClearInterruptMaskFromISR
 .text.isr_systick
                0x10007870       0x24 CMakeFiles/lab7.dir/home/tinypc/FreeRTOS-LTS/FreeRTOS/FreeRTOS-Kernel/portable/ThirdParty/GCC/RP2040/port.c.o
                0x10007870                isr_systick
 .text.vPortSetupTimerInterrupt
                0x10007894       0x34 CMakeFiles/lab7.dir/home/tinypc/FreeRTOS-LTS/FreeRTOS/FreeRTOS-Kernel/portable/ThirdParty/GCC/RP2040/port.c.o
                0x10007894                vPortSetupTimerInterrupt
 .text.xPortStartScheduler
                0x100078c8       0x9c CMakeFiles/lab7.dir/home/tinypc/FreeRTOS-LTS/FreeRTOS/FreeRTOS-Kernel/portable/ThirdParty/GCC/RP2040/port.c.o
                0x100078c8                xPortStartScheduler
 .text.ulPortLockGetCurrentOwnerId
                0x10007964       0x2c CMakeFiles/lab7.dir/home/tinypc/FreeRTOS-LTS/FreeRTOS/FreeRTOS-Kernel/portable/ThirdParty/GCC/RP2040/port.c.o
                0x10007964                ulPortLockGetCurrentOwnerId
 .text.vPortLockInternalSpinUnlockWithWait
                0x10007990       0x68 CMakeFiles/lab7.dir/home/tinypc/FreeRTOS-LTS/FreeRTOS/FreeRTOS-Kernel/portable/ThirdParty/GCC/RP2040/port.c.o
                0x10007990                vPortLockInternalSpinUnlockWithWait
 .text.vPortLockInternalSpinUnlockWithNotify
                0x100079f8       0xd0 CMakeFiles/lab7.dir/home/tinypc/FreeRTOS-LTS/FreeRTOS/FreeRTOS-Kernel/portable/ThirdParty/GCC/RP2040/port.c.o
                0x100079f8                vPortLockInternalSpinUnlockWithNotify
 .text.xPortLockInternalSpinUnlockWithBestEffortWaitOrTimeout
                0x10007ac8       0xf4 CMakeFiles/lab7.dir/home/tinypc/FreeRTOS-LTS/FreeRTOS/FreeRTOS-Kernel/portable/ThirdParty/GCC/RP2040/port.c.o
                0x10007ac8                xPortLockInternalSpinUnlockWithBestEffortWaitOrTimeout
 .text.startup.prvRuntimeInitializer
                0x10007bbc       0x28 CMakeFiles/lab7.dir/home/tinypc/FreeRTOS-LTS/FreeRTOS/FreeRTOS-Kernel/portable/ThirdParty/GCC/RP2040/port.c.o
 .text.xEventGroupCreate
                0x10007be4       0x18 CMakeFiles/lab7.dir/home/tinypc/FreeRTOS-LTS/FreeRTOS/FreeRTOS-Kernel/event_groups.c.o
                0x10007be4                xEventGroupCreate
 .text.xEventGroupWaitBits
                0x10007bfc       0xb8 CMakeFiles/lab7.dir/home/tinypc/FreeRTOS-LTS/FreeRTOS/FreeRTOS-Kernel/event_groups.c.o
                0x10007bfc                xEventGroupWaitBits
 .text.xEventGroupSetBits
                0x10007cb4       0x94 CMakeFiles/lab7.dir/home/tinypc/FreeRTOS-LTS/FreeRTOS/FreeRTOS-Kernel/event_groups.c.o
                0x10007cb4                xEventGroupSetBits
 .text.vEventGroupSetBitsCallback
                0x10007d48       0x90 CMakeFiles/lab7.dir/home/tinypc/FreeRTOS-LTS/FreeRTOS/FreeRTOS-Kernel/event_groups.c.o
                0x10007d48                vEventGroupSetBitsCallback
 .text.vListInitialise
                0x10007dd8       0x18 CMakeFiles/lab7.dir/home/tinypc/FreeRTOS-LTS/FreeRTOS/FreeRTOS-Kernel/list.c.o
                0x10007dd8                vListInitialise
 .text.vListInitialiseItem
                0x10007df0        0x8 CMakeFiles/lab7.dir/home/tinypc/FreeRTOS-LTS/FreeRTOS/FreeRTOS-Kernel/list.c.o
                0x10007df0                vListInitialiseItem
 .text.vListInsert
                0x10007df8       0x30 CMakeFiles/lab7.dir/home/tinypc/FreeRTOS-LTS/FreeRTOS/FreeRTOS-Kernel/list.c.o
                0x10007df8                vListInsert
 .text.uxListRemove
                0x10007e28       0x20 CMakeFiles/lab7.dir/home/tinypc/FreeRTOS-LTS/FreeRTOS/FreeRTOS-Kernel/list.c.o
                0x10007e28                uxListRemove
 .text.xQueueGenericCreate
                0x10007e48       0x9c CMakeFiles/lab7.dir/home/tinypc/FreeRTOS-LTS/FreeRTOS/FreeRTOS-Kernel/queue.c.o
                0x10007e48                xQueueGenericCreate
 .text.xQueueGenericSendFromISR
                0x10007ee4      0x134 CMakeFiles/lab7.dir/home/tinypc/FreeRTOS-LTS/FreeRTOS/FreeRTOS-Kernel/queue.c.o
                0x10007ee4                xQueueGenericSendFromISR
 .text.xQueueGiveFromISR
                0x10008018       0x6c CMakeFiles/lab7.dir/home/tinypc/FreeRTOS-LTS/FreeRTOS/FreeRTOS-Kernel/queue.c.o
                0x10008018                xQueueGiveFromISR
 .text.xQueueReceive
                0x10008084      0x2b4 CMakeFiles/lab7.dir/home/tinypc/FreeRTOS-LTS/FreeRTOS/FreeRTOS-Kernel/queue.c.o
                0x10008084                xQueueReceive
 .text.xQueueSemaphoreTake
                0x10008338      0x2e8 CMakeFiles/lab7.dir/home/tinypc/FreeRTOS-LTS/FreeRTOS/FreeRTOS-Kernel/queue.c.o
                0x10008338                xQueueSemaphoreTake
 .text.vQueueAddToRegistry
                0x10008620      0x168 CMakeFiles/lab7.dir/home/tinypc/FreeRTOS-LTS/FreeRTOS/FreeRTOS-Kernel/queue.c.o
                0x10008620                vQueueAddToRegistry
 .text.vQueueWaitForMessageRestricted
                0x10008788       0xd0 CMakeFiles/lab7.dir/home/tinypc/FreeRTOS-LTS/FreeRTOS/FreeRTOS-Kernel/queue.c.o
                0x10008788                vQueueWaitForMessageRestricted
 .text.prvAddNewTaskToReadyList
                0x10008858      0x120 CMakeFiles/lab7.dir/home/tinypc/FreeRTOS-LTS/FreeRTOS/FreeRTOS-Kernel/tasks.c.o
 .text.prvIdleTask
                0x10008978       0x60 CMakeFiles/lab7.dir/home/tinypc/FreeRTOS-LTS/FreeRTOS/FreeRTOS-Kernel/tasks.c.o
 .text.xTaskIncrementTick.part.0
                0x100089d8      0x15c CMakeFiles/lab7.dir/home/tinypc/FreeRTOS-LTS/FreeRTOS/FreeRTOS-Kernel/tasks.c.o
 .text.xTaskCreate
                0x10008b34      0x12c CMakeFiles/lab7.dir/home/tinypc/FreeRTOS-LTS/FreeRTOS/FreeRTOS-Kernel/tasks.c.o
                0x10008b34                xTaskCreate
 .text.vTaskStartScheduler
                0x10008c60       0xac CMakeFiles/lab7.dir/home/tinypc/FreeRTOS-LTS/FreeRTOS/FreeRTOS-Kernel/tasks.c.o
                0x10008c60                vTaskStartScheduler
 .text.vTaskSuspendAll
                0x10008d0c       0x10 CMakeFiles/lab7.dir/home/tinypc/FreeRTOS-LTS/FreeRTOS/FreeRTOS-Kernel/tasks.c.o
                0x10008d0c                vTaskSuspendAll
 .text.xTaskResumeAll
                0x10008d1c      0x188 CMakeFiles/lab7.dir/home/tinypc/FreeRTOS-LTS/FreeRTOS/FreeRTOS-Kernel/tasks.c.o
                0x10008d1c                xTaskResumeAll
 .text.vTaskDelay
                0x10008ea4       0x7c CMakeFiles/lab7.dir/home/tinypc/FreeRTOS-LTS/FreeRTOS/FreeRTOS-Kernel/tasks.c.o
                0x10008ea4                vTaskDelay
 .text.xTaskGetTickCount
                0x10008f20        0xc CMakeFiles/lab7.dir/home/tinypc/FreeRTOS-LTS/FreeRTOS/FreeRTOS-Kernel/tasks.c.o
                0x10008f20                xTaskGetTickCount
 .text.uxTaskGetNumberOfTasks
                0x10008f2c        0xc CMakeFiles/lab7.dir/home/tinypc/FreeRTOS-LTS/FreeRTOS/FreeRTOS-Kernel/tasks.c.o
                0x10008f2c                uxTaskGetNumberOfTasks
 .text.xTaskIncrementTick
                0x10008f38       0x24 CMakeFiles/lab7.dir/home/tinypc/FreeRTOS-LTS/FreeRTOS/FreeRTOS-Kernel/tasks.c.o
                0x10008f38                xTaskIncrementTick
 .text.vTaskSwitchContext
                0x10008f5c       0xec CMakeFiles/lab7.dir/home/tinypc/FreeRTOS-LTS/FreeRTOS/FreeRTOS-Kernel/tasks.c.o
                0x10008f5c                vTaskSwitchContext
 .text.vTaskPlaceOnEventList
                0x10009048       0x98 CMakeFiles/lab7.dir/home/tinypc/FreeRTOS-LTS/FreeRTOS/FreeRTOS-Kernel/tasks.c.o
                0x10009048                vTaskPlaceOnEventList
 .text.vTaskPlaceOnUnorderedEventList
                0x100090e0       0xbc CMakeFiles/lab7.dir/home/tinypc/FreeRTOS-LTS/FreeRTOS/FreeRTOS-Kernel/tasks.c.o
                0x100090e0                vTaskPlaceOnUnorderedEventList
 .text.vTaskPlaceOnEventListRestricted
                0x1000919c       0xc4 CMakeFiles/lab7.dir/home/tinypc/FreeRTOS-LTS/FreeRTOS/FreeRTOS-Kernel/tasks.c.o
                0x1000919c                vTaskPlaceOnEventListRestricted
 .text.xTaskRemoveFromEventList
                0x10009260       0xcc CMakeFiles/lab7.dir/home/tinypc/FreeRTOS-LTS/FreeRTOS/FreeRTOS-Kernel/tasks.c.o
                0x10009260                xTaskRemoveFromEventList
 .text.vTaskRemoveFromUnorderedEventList
                0x1000932c       0x94 CMakeFiles/lab7.dir/home/tinypc/FreeRTOS-LTS/FreeRTOS/FreeRTOS-Kernel/tasks.c.o
                0x1000932c                vTaskRemoveFromUnorderedEventList
 .text.vTaskInternalSetTimeOutState
                0x100093c0       0x18 CMakeFiles/lab7.dir/home/tinypc/FreeRTOS-LTS/FreeRTOS/FreeRTOS-Kernel/tasks.c.o
                0x100093c0                vTaskInternalSetTimeOutState
 .text.xTaskCheckForTimeOut
                0x100093d8       0x5c CMakeFiles/lab7.dir/home/tinypc/FreeRTOS-LTS/FreeRTOS/FreeRTOS-Kernel/tasks.c.o
                0x100093d8                xTaskCheckForTimeOut
 .text.vTaskMissedYield
                0x10009434        0xc CMakeFiles/lab7.dir/home/tinypc/FreeRTOS-LTS/FreeRTOS/FreeRTOS-Kernel/tasks.c.o
                0x10009434                vTaskMissedYield
 .text.xTaskGetCurrentTaskHandle
                0x10009440        0xc CMakeFiles/lab7.dir/home/tinypc/FreeRTOS-LTS/FreeRTOS/FreeRTOS-Kernel/tasks.c.o
                0x10009440                xTaskGetCurrentTaskHandle
 .text.xTaskPriorityInherit
                0x1000944c       0x94 CMakeFiles/lab7.dir/home/tinypc/FreeRTOS-LTS/FreeRTOS/FreeRTOS-Kernel/tasks.c.o
                0x1000944c                xTaskPriorityInherit
 .text.xTaskPriorityDisinherit
                0x100094e0       0x64 CMakeFiles/lab7.dir/home/tinypc/FreeRTOS-LTS/FreeRTOS/FreeRTOS-Kernel/tasks.c.o
                0x100094e0                xTaskPriorityDisinherit
 .text.vTaskPriorityDisinheritAfterTimeout
                0x10009544       0x7c CMakeFiles/lab7.dir/home/tinypc/FreeRTOS-LTS/FreeRTOS/FreeRTOS-Kernel/tasks.c.o
                0x10009544                vTaskPriorityDisinheritAfterTimeout
 .text.uxTaskResetEventItemValue
                0x100095c0       0x18 CMakeFiles/lab7.dir/home/tinypc/FreeRTOS-LTS/FreeRTOS/FreeRTOS-Kernel/tasks.c.o
                0x100095c0                uxTaskResetEventItemValue
 .text.pvTaskIncrementMutexHeldCount
                0x100095d8       0x14 CMakeFiles/lab7.dir/home/tinypc/FreeRTOS-LTS/FreeRTOS/FreeRTOS-Kernel/tasks.c.o
                0x100095d8                pvTaskIncrementMutexHeldCount
 .text.prvTimerTask
                0x100095ec      0x38c CMakeFiles/lab7.dir/home/tinypc/FreeRTOS-LTS/FreeRTOS/FreeRTOS-Kernel/timers.c.o
 .text.xTimerCreateTimerTask
                0x10009978       0x88 CMakeFiles/lab7.dir/home/tinypc/FreeRTOS-LTS/FreeRTOS/FreeRTOS-Kernel/timers.c.o
                0x10009978                xTimerCreateTimerTask
 .text.xTimerPendFunctionCallFromISR
                0x10009a00       0x2c CMakeFiles/lab7.dir/home/tinypc/FreeRTOS-LTS/FreeRTOS/FreeRTOS-Kernel/timers.c.o
                0x10009a00                xTimerPendFunctionCallFromISR
 .text.exception_set_exclusive_handler
                0x10009a2c       0x48 CMakeFiles/lab7.dir/home/tinypc/pico/pico-sdk/src/rp2_common/hardware_exception/exception.c.o
                0x10009a2c                exception_set_exclusive_handler
 .text.pvPortMalloc
                0x10009a74       0x18 CMakeFiles/lab7.dir/home/tinypc/FreeRTOS-LTS/FreeRTOS/FreeRTOS-Kernel/portable/MemMang/heap_3.c.o
                0x10009a74                pvPortMalloc
 .text.vPortFree
                0x10009a8c       0x18 CMakeFiles/lab7.dir/home/tinypc/FreeRTOS-LTS/FreeRTOS/FreeRTOS-Kernel/portable/MemMang/heap_3.c.o
                0x10009a8c                vPortFree
 .text          0x10009aa4       0x5c /usr/lib/gcc/arm-none-eabi/14.2.1/../../../arm-none-eabi/lib/thumb/v6-m/nofp/libg.a(libc_a-strlen-stub.o)
                0x10009aa4                strlen
 .text          0x10009b00       0x28 /usr/lib/gcc/arm-none-eabi/14.2.1/../../../arm-none-eabi/lib/thumb/v6-m/nofp/libg.a(libc_a-fini.o)
                0x10009b00                __libc_fini_array
 .text          0x10009b28      0x5b0 /usr/lib/gcc/arm-none-eabi/14.2.1/../../../arm-none-eabi/lib/thumb/v6-m/nofp/libg.a(libc_a-mallocr.o)
                0x10009b28                _malloc_r
 .text          0x1000a0d8      0x288 /usr/lib/gcc/arm-none-eabi/14.2.1/../../../arm-none-eabi/lib/thumb/v6-m/nofp/libg.a(libc_a-freer.o)
                0x1000a0d8                _malloc_trim_r
                0x1000a18c                _free_r
 .text          0x1000a360        0xc /usr/lib/gcc/arm-none-eabi/14.2.1/../../../arm-none-eabi/lib/thumb/v6-m/nofp/libg.a(libc_a-errno.o)
                0x1000a360                __errno
 .text          0x1000a36c       0x28 /usr/lib/gcc/arm-none-eabi/14.2.1/../../../arm-none-eabi/lib/thumb/v6-m/nofp/libg.a(libc_a-malloc.o)
                0x1000a36c                malloc
                0x1000a380                free
 .text          0x1000a394        0x8 /usr/lib/gcc/arm-none-eabi/14.2.1/../../../arm-none-eabi/lib/thumb/v6-m/nofp/libg.a(libc_a-mlock.o)
                0x1000a394                __malloc_lock
                0x1000a398                __malloc_unlock
 .text          0x1000a39c       0x24 /usr/lib/gcc/arm-none-eabi/14.2.1/../../../arm-none-eabi/lib/thumb/v6-m/nofp/libg.a(libc_a-sbrkr.o)
                0x1000a39c                _sbrk_r
 .text          0x1000a3c0       0x10 /usr/lib/gcc/arm-none-eabi/14.2.1/../../../arm-none-eabi/lib/thumb/v6-m/nofp/libg.a(libc_a-atexit.o)
                0x1000a3c0                atexit
 .text          0x1000a3d0       0x1c /usr/lib/gcc/arm-none-eabi/14.2.1/../../../arm-none-eabi/lib/thumb/v6-m/nofp/libg.a(libc_a-sysconf.o)
                0x1000a3d0                sysconf
 .text          0x1000a3ec       0x78 /usr/lib/gcc/arm-none-eabi/14.2.1/../../../arm-none-eabi/lib/thumb/v6-m/nofp/libg.a(libc_a-__atexit.o)
                0x1000a3ec                __register_exitproc
 .text.startup  0x1000a464       0x18 /usr/lib/gcc/arm-none-eabi/14.2.1/../../../arm-none-eabi/lib/thumb/v6-m/nofp/libg.a(libc_a-__call_atexit.o)
 *(.fini)
 .fini          0x1000a47c        0x4 /usr/lib/gcc/arm-none-eabi/14.2.1/thumb/v6-m/nofp/crti.o
                0x1000a47c                _fini
 .fini.__stub   0x1000a480       0xd0 linker stubs
 *crtbegin.o(.ctors)
 *crtbegin?.o(.ctors)
 *(EXCLUDE_FILE(*crtend.o *crtend?.o) .ctors)
 *(SORT_BY_NAME(.ctors.*))
 *(.ctors)
 *crtbegin.o(.dtors)
 *crtbegin?.o(.dtors)
 *(EXCLUDE_FILE(*crtend.o *crtend?.o) .dtors)
 *(SORT_BY_NAME(.dtors.*))
 *(.dtors)
                0x1000a550                        . = ALIGN (0x4)
                0x1000a550                        PROVIDE (__preinit_array_start = .)
 *(SORT_BY_NAME(.preinit_array.*))
 .preinit_array.00100
                0x1000a550        0x4 CMakeFiles/lab7.dir/home/tinypc/pico/pico-sdk/src/rp2_common/pico_runtime_init/runtime_init.c.o
                0x1000a550                __pre_init_runtime_init_early_resets
 .preinit_array.00101
                0x1000a554        0x4 CMakeFiles/lab7.dir/home/tinypc/pico/pico-sdk/src/rp2_common/pico_runtime_init/runtime_init.c.o
                0x1000a554                __pre_init_runtime_init_usb_power_down
 .preinit_array.00275
                0x1000a558        0x4 CMakeFiles/lab7.dir/home/tinypc/pico/pico-sdk/src/rp2_common/pico_bit_ops/bit_ops_aeabi.S.o
 .preinit_array.00300
                0x1000a55c        0x4 CMakeFiles/lab7.dir/home/tinypc/pico/pico-sdk/src/rp2_common/pico_mem_ops/mem_ops_aeabi.S.o
 .preinit_array.00350
                0x1000a560        0x4 CMakeFiles/lab7.dir/home/tinypc/pico/pico-sdk/src/rp2_common/pico_double/double_aeabi_rp2040.S.o
 .preinit_array.00350
                0x1000a564        0x4 CMakeFiles/lab7.dir/home/tinypc/pico/pico-sdk/src/rp2_common/pico_float/float_aeabi_rp2040.S.o
 .preinit_array.00500
                0x1000a568        0x4 CMakeFiles/lab7.dir/home/tinypc/pico/pico-sdk/src/rp2_common/pico_runtime_init/runtime_init.c.o
                0x1000a568                __pre_init_runtime_init_clocks
 .preinit_array.00600
                0x1000a56c        0x4 CMakeFiles/lab7.dir/home/tinypc/pico/pico-sdk/src/rp2_common/pico_runtime_init/runtime_init.c.o
                0x1000a56c                __pre_init_runtime_init_post_clock_resets
 .preinit_array.00700
                0x1000a570        0x4 CMakeFiles/lab7.dir/home/tinypc/pico/pico-sdk/src/rp2_common/pico_runtime_init/runtime_init.c.o
                0x1000a570                __pre_init_runtime_init_rp2040_gpio_ie_disable
 .preinit_array.01000
                0x1000a574        0x4 CMakeFiles/lab7.dir/home/tinypc/pico/pico-sdk/src/rp2_common/pico_runtime_init/runtime_init.c.o
                0x1000a574                __pre_init_runtime_init_spin_locks_reset
 .preinit_array.01100
                0x1000a578        0x4 CMakeFiles/lab7.dir/home/tinypc/pico/pico-sdk/src/common/pico_sync/mutex.c.o
                0x1000a578                __pre_init_runtime_init_mutex
 .preinit_array.10080
                0x1000a57c        0x4 CMakeFiles/lab7.dir/home/tinypc/pico/pico-sdk/src/rp2_common/pico_runtime_init/runtime_init.c.o
                0x1000a57c                __pre_init_runtime_init_install_ram_vector_table
 .preinit_array.11000
                0x1000a580        0x4 CMakeFiles/lab7.dir/home/tinypc/pico/pico-sdk/src/common/pico_time/time.c.o
                0x1000a580                __pre_init_runtime_init_default_alarm_pool
 .preinit_array.YYYYY
                0x1000a584        0x4 CMakeFiles/lab7.dir/home/tinypc/pico/pico-sdk/src/rp2_common/pico_runtime/runtime.c.o
                0x1000a584                __pre_init_first_per_core_initializer
 .preinit_array.ZZZZZ.01200
                0x1000a588        0x4 CMakeFiles/lab7.dir/home/tinypc/pico/pico-sdk/src/rp2_common/hardware_irq/irq.c.o
                0x1000a588                __pre_init_runtime_init_per_core_irq_priorities
 *(.preinit_array)
                0x1000a58c                        PROVIDE (__preinit_array_end = .)
                0x1000a58c                        . = ALIGN (0x4)
                0x1000a58c                        PROVIDE (__init_array_start = .)
 *(SORT_BY_NAME(.init_array.*))
 .init_array.00000
                0x1000a58c        0x4 /usr/lib/gcc/arm-none-eabi/14.2.1/../../../arm-none-eabi/lib/thumb/v6-m/nofp/libg.a(libc_a-__call_atexit.o)
 .init_array.01000
                0x1000a590        0x4 CMakeFiles/lab7.dir/home/tinypc/pico/pico-sdk/src/rp2_common/pico_unique_id/unique_id.c.o
 *(.init_array)
 .init_array    0x1000a594        0x4 /usr/lib/gcc/arm-none-eabi/14.2.1/thumb/v6-m/nofp/crtbegin.o
 .init_array    0x1000a598        0x4 CMakeFiles/lab7.dir/home/tinypc/FreeRTOS-LTS/FreeRTOS/FreeRTOS-Kernel/portable/ThirdParty/GCC/RP2040/port.c.o
                0x1000a59c                        PROVIDE (__init_array_end = .)
                0x1000a59c                        . = ALIGN (0x4)
                0x1000a59c                        PROVIDE (__fini_array_start = .)
 *(SORT_BY_NAME(.fini_array.*))
 *(.fini_array)
                0x1000a59c                        PROVIDE (__fini_array_end = .)
 *(.eh_frame*)
 .eh_frame      0x1000a59c        0x0 /usr/lib/gcc/arm-none-eabi/14.2.1/thumb/v6-m/nofp/crtbegin.o
                0x1000a59c                        . = ALIGN (0x4)

.glue_7         0x1000a59c        0x0
 .glue_7        0x1000a59c        0x0 linker stubs

.glue_7t        0x1000a59c        0x0
 .glue_7t       0x1000a59c        0x0 linker stubs

.vfp11_veneer   0x1000a59c        0x0
 .vfp11_veneer  0x1000a59c        0x0 linker stubs

.v4_bx          0x1000a59c        0x0
 .v4_bx         0x1000a59c        0x0 linker stubs

.iplt           0x1000a59c        0x0
 .iplt          0x1000a59c        0x0 /usr/lib/gcc/arm-none-eabi/14.2.1/thumb/v6-m/nofp/crtbegin.o

.rodata         0x1000a5a0      0x728
 *(EXCLUDE_FILE(*libm.a: *libc.a:*lib_a-mem*.o *libgcc.a:) .rodata*)
 .rodata.heartbeat.str1.4
                0x1000a5a0      0x210 CMakeFiles/lab7.dir/lab7.c.o
                                  0x9 (size before relaxing)
 .rodata.MotorMover.str1.4
                0x1000a7b0       0x25 CMakeFiles/lab7.dir/lab7.c.o
 .rodata.ConfigurePWM.str1.4
                0x1000a7b0       0x18 CMakeFiles/lab7.dir/lab7.c.o
 .rodata.motor_init.str1.4
                0x1000a7b0        0xc CMakeFiles/lab7.dir/lab7.c.o
 .rodata.main.str1.4
                0x1000a7b0       0x1b CMakeFiles/lab7.dir/lab7.c.o
 .rodata.__func__.0
                0x1000a7b0        0xd CMakeFiles/lab7.dir/lab7.c.o
 *fill*         0x1000a7bd        0x3 
 .rodata.__func__.5
                0x1000a7c0       0x13 CMakeFiles/lab7.dir/lab7.c.o
 *fill*         0x1000a7d3        0x1 
 .rodata.__func__.6
                0x1000a7d4        0xb CMakeFiles/lab7.dir/lab7.c.o
 *fill*         0x1000a7df        0x1 
 .rodata.position
                0x1000a7e0       0x12 CMakeFiles/lab7.dir/lab7.c.o
                0x1000a7e0                position
 .rodata.panic.str1.4
                0x1000a7f2       0x12 CMakeFiles/lab7.dir/home/tinypc/pico/pico-sdk/src/rp2_common/pico_platform_panic/panic.c.o
 .rodata.panic_unsupported.str1.4
                0x1000a7f2        0xe CMakeFiles/lab7.dir/home/tinypc/pico/pico-sdk/src/rp2_common/pico_platform_panic/panic.c.o
 .rodata.spin_lock_claim_unused.str1.4
                0x1000a7f2       0x1b CMakeFiles/lab7.dir/home/tinypc/pico/pico-sdk/src/rp2_common/hardware_sync/sync.c.o
 .rodata.user_irq_claim_unused.str1.4
                0x1000a7f2       0x1b CMakeFiles/lab7.dir/home/tinypc/pico/pico-sdk/src/rp2_common/hardware_irq/irq.c.o
 .rodata.timer_hardware_alarm_claim.str1.4
                0x1000a7f2       0x22 CMakeFiles/lab7.dir/home/tinypc/pico/pico-sdk/src/rp2_common/hardware_timer/timer.c.o
 .rodata.hard_assertion_failure.str1.4
                0x1000a7f2        0xc CMakeFiles/lab7.dir/home/tinypc/pico/pico-sdk/src/rp2_common/pico_runtime/runtime.c.o
 .rodata.__wrap_malloc.str1.4
                0x1000a7f2        0xe CMakeFiles/lab7.dir/home/tinypc/pico/pico-sdk/src/rp2_common/pico_malloc/malloc.c.o
 .rodata.str1.4
                0x1000a7f2       0x3c CMakeFiles/lab7.dir/home/tinypc/pico/pico-sdk/src/rp2_common/pico_standard_binary_info/standard_binary_info.c.o
 *fill*         0x1000a7f2        0x2 
 .rodata.__bi_84
                0x1000a7f4        0xc CMakeFiles/lab7.dir/home/tinypc/pico/pico-sdk/src/rp2_common/pico_standard_binary_info/standard_binary_info.c.o
 .rodata.__bi_78
                0x1000a800        0xc CMakeFiles/lab7.dir/home/tinypc/pico/pico-sdk/src/rp2_common/pico_standard_binary_info/standard_binary_info.c.o
 .rodata.__bi_54
                0x1000a80c        0xc CMakeFiles/lab7.dir/home/tinypc/pico/pico-sdk/src/rp2_common/pico_standard_binary_info/standard_binary_info.c.o
 .rodata.__bi_48
                0x1000a818        0xc CMakeFiles/lab7.dir/home/tinypc/pico/pico-sdk/src/rp2_common/pico_standard_binary_info/standard_binary_info.c.o
 .rodata.__bi_42
                0x1000a824        0xc CMakeFiles/lab7.dir/home/tinypc/pico/pico-sdk/src/rp2_common/pico_standard_binary_info/standard_binary_info.c.o
 .rodata.__bi_34
                0x1000a830        0xc CMakeFiles/lab7.dir/home/tinypc/pico/pico-sdk/src/rp2_common/pico_standard_binary_info/standard_binary_info.c.o
 .rodata.__bi_26
                0x1000a83c        0xc CMakeFiles/lab7.dir/home/tinypc/pico/pico-sdk/src/rp2_common/pico_standard_binary_info/standard_binary_info.c.o
 .rodata._ftoa.str1.4
                0x1000a848       0x15 CMakeFiles/lab7.dir/home/tinypc/pico/pico-sdk/src/rp2_common/pico_printf/printf.c.o
 .rodata._vsnprintf
                0x1000a848      0x19c CMakeFiles/lab7.dir/home/tinypc/pico/pico-sdk/src/rp2_common/pico_printf/printf.c.o
 *fill*         0x1000a9e4        0x4 
 .rodata.pow10.0
                0x1000a9e8       0x50 CMakeFiles/lab7.dir/home/tinypc/pico/pico-sdk/src/rp2_common/pico_printf/printf.c.o
 .rodata.crlf_str.0
                0x1000aa38        0x2 CMakeFiles/lab7.dir/home/tinypc/pico/pico-sdk/src/rp2_common/pico_stdio/stdio.c.o
 *fill*         0x1000aa3a        0x2 
 .rodata._resetd_driver
                0x1000aa3c       0x20 CMakeFiles/lab7.dir/home/tinypc/pico/pico-sdk/src/rp2_common/pico_stdio_usb/reset_interface.c.o
 .rodata.desc_ms_os_20
                0x1000aa5c       0xa6 CMakeFiles/lab7.dir/home/tinypc/pico/pico-sdk/src/rp2_common/pico_stdio_usb/reset_interface.c.o
 *fill*         0x1000ab02        0x2 
 .rodata.desc_bos
                0x1000ab04       0x21 CMakeFiles/lab7.dir/home/tinypc/pico/pico-sdk/src/rp2_common/pico_stdio_usb/reset_interface.c.o
                0x1000ab04                desc_bos
 .rodata.str1.4
                0x1000ab25       0x13 CMakeFiles/lab7.dir/home/tinypc/pico/pico-sdk/src/rp2_common/pico_stdio_usb/stdio_usb.c.o
 *fill*         0x1000ab25        0x3 
 .rodata.__bi_202.0
                0x1000ab28        0xc CMakeFiles/lab7.dir/home/tinypc/pico/pico-sdk/src/rp2_common/pico_stdio_usb/stdio_usb.c.o
 .rodata.str1.4
                0x1000ab34       0x2a CMakeFiles/lab7.dir/home/tinypc/pico/pico-sdk/src/rp2_common/pico_stdio_usb/stdio_usb_descriptors.c.o
 .rodata.usbd_desc_str
                0x1000ab34       0x18 CMakeFiles/lab7.dir/home/tinypc/pico/pico-sdk/src/rp2_common/pico_stdio_usb/stdio_usb_descriptors.c.o
 .rodata.usbd_desc_cfg
                0x1000ab4c       0x54 CMakeFiles/lab7.dir/home/tinypc/pico/pico-sdk/src/rp2_common/pico_stdio_usb/stdio_usb_descriptors.c.o
 .rodata.usbd_desc_device
                0x1000aba0       0x12 CMakeFiles/lab7.dir/home/tinypc/pico/pico-sdk/src/rp2_common/pico_stdio_usb/stdio_usb_descriptors.c.o
 .rodata.str1.4
                0x1000abb2       0x14 CMakeFiles/lab7.dir/home/tinypc/pico/pico-sdk/lib/tinyusb/src/portable/raspberrypi/rp2040/dcd_rp2040.c.o
 .rodata.str1.4
                0x1000abb2       0x48 CMakeFiles/lab7.dir/home/tinypc/pico/pico-sdk/lib/tinyusb/src/portable/raspberrypi/rp2040/rp2040_usb.c.o
 *fill*         0x1000abb2        0x2 
 .rodata.tud_task_ext
                0x1000abb4       0x8c CMakeFiles/lab7.dir/home/tinypc/pico/pico-sdk/lib/tinyusb/src/device/usbd.c.o
 .rodata        0x1000ac40       0x1c CMakeFiles/lab7.dir/home/tinypc/pico/pico-sdk/lib/tinyusb/src/device/usbd.c.o
 .rodata._usbd_driver
                0x1000ac5c       0x40 CMakeFiles/lab7.dir/home/tinypc/pico/pico-sdk/lib/tinyusb/src/device/usbd.c.o
 .rodata.uxTopUsedPriority
                0x1000ac9c        0x4 CMakeFiles/lab7.dir/home/tinypc/FreeRTOS-LTS/FreeRTOS/FreeRTOS-Kernel/tasks.c.o
 .rodata.prvTimerTask
                0x1000aca0       0x28 CMakeFiles/lab7.dir/home/tinypc/FreeRTOS-LTS/FreeRTOS/FreeRTOS-Kernel/timers.c.o
 .rodata.xTimerCreateTimerTask.str1.4
                0x1000acc8       0x10 CMakeFiles/lab7.dir/home/tinypc/FreeRTOS-LTS/FreeRTOS/FreeRTOS-Kernel/timers.c.o
                0x1000acd8                        . = ALIGN (0x4)
 *(SORT_BY_ALIGNMENT(SORT_BY_NAME(.flashdata*)))
                0x1000acd8                        . = ALIGN (0x4)

.ARM.extab
 *(.ARM.extab* .gnu.linkonce.armextab.*)
                0x1000acc8                        __exidx_start = .

.ARM.exidx
 *(.ARM.exidx* .gnu.linkonce.armexidx.*)
                0x1000acc8                        __exidx_end = .
                0x1000acd8                        . = ALIGN (0x4)
                0x1000acc8                        __binary_info_start = .

.binary_info    0x1000acc8       0x20
 *(.binary_info.keep.*)
 .binary_info.keep.__bi_ptr84
                0x1000acc8        0x4 CMakeFiles/lab7.dir/home/tinypc/pico/pico-sdk/src/rp2_common/pico_standard_binary_info/standard_binary_info.c.o
 .binary_info.keep.__bi_ptr78
                0x1000accc        0x4 CMakeFiles/lab7.dir/home/tinypc/pico/pico-sdk/src/rp2_common/pico_standard_binary_info/standard_binary_info.c.o
 .binary_info.keep.__bi_ptr54
                0x1000acd0        0x4 CMakeFiles/lab7.dir/home/tinypc/pico/pico-sdk/src/rp2_common/pico_standard_binary_info/standard_binary_info.c.o
 .binary_info.keep.__bi_ptr48
                0x1000acd4        0x4 CMakeFiles/lab7.dir/home/tinypc/pico/pico-sdk/src/rp2_common/pico_standard_binary_info/standard_binary_info.c.o
 .binary_info.keep.__bi_ptr42
                0x1000acd8        0x4 CMakeFiles/lab7.dir/home/tinypc/pico/pico-sdk/src/rp2_common/pico_standard_binary_info/standard_binary_info.c.o
 .binary_info.keep.__bi_ptr34
                0x1000acdc        0x4 CMakeFiles/lab7.dir/home/tinypc/pico/pico-sdk/src/rp2_common/pico_standard_binary_info/standard_binary_info.c.o
 .binary_info.keep.__bi_ptr26
                0x1000ace0        0x4 CMakeFiles/lab7.dir/home/tinypc/pico/pico-sdk/src/rp2_common/pico_standard_binary_info/standard_binary_info.c.o
 *(.binary_info.*)
 .binary_info.__bi_ptr202
                0x1000ace4        0x4 CMakeFiles/lab7.dir/home/tinypc/pico/pico-sdk/src/rp2_common/pico_stdio_usb/stdio_usb.c.o
                0x1000ace8                        __binary_info_end = .
                0x1000ace8                        . = ALIGN (0x4)

.ram_vector_table
                0x20000000       0xc0
 *(.ram_vector_table)
 .ram_vector_table
                0x20000000       0xc0 CMakeFiles/lab7.dir/home/tinypc/pico/pico-sdk/src/rp2_common/pico_runtime_init/runtime_init.c.o
                0x20000000                ram_vector_table

.uninitialized_data
                0x200000c0        0x0
                0x200000c0                        . = ALIGN (0x4)
 *(.uninitialized_data*)

.data           0x200000c0     0x15a0 load address 0x1000ace8
                0x200000c0                        __data_start__ = .
 *(vtable)
 *(.time_critical*)
 .time_critical.mutex_enter_blocking
                0x200000c0       0x3c CMakeFiles/lab7.dir/home/tinypc/pico/pico-sdk/src/common/pico_sync/mutex.c.o
                0x200000c0                mutex_enter_blocking
 .time_critical.mutex_try_enter
                0x200000fc       0x40 CMakeFiles/lab7.dir/home/tinypc/pico/pico-sdk/src/common/pico_sync/mutex.c.o
                0x200000fc                mutex_try_enter
 .time_critical.mutex_try_enter_block_until
                0x2000013c       0xa0 CMakeFiles/lab7.dir/home/tinypc/pico/pico-sdk/src/common/pico_sync/mutex.c.o
                0x2000013c                mutex_try_enter_block_until
 .time_critical.mutex_enter_timeout_ms
                0x200001dc       0x74 CMakeFiles/lab7.dir/home/tinypc/pico/pico-sdk/src/common/pico_sync/mutex.c.o
                0x200001dc                mutex_enter_timeout_ms
 .time_critical.mutex_exit
                0x20000250       0x20 CMakeFiles/lab7.dir/home/tinypc/pico/pico-sdk/src/common/pico_sync/mutex.c.o
                0x20000250                mutex_exit
 .time_critical.flash_init_boot2_copyout
                0x20000270       0x30 CMakeFiles/lab7.dir/home/tinypc/pico/pico-sdk/src/rp2_common/hardware_flash/flash.c.o
 .time_critical.flash_enable_xip_via_boot2
                0x200002a0        0xc CMakeFiles/lab7.dir/home/tinypc/pico/pico-sdk/src/rp2_common/hardware_flash/flash.c.o
 .time_critical.flash_save_hardware_state
                0x200002ac       0x20 CMakeFiles/lab7.dir/home/tinypc/pico/pico-sdk/src/rp2_common/hardware_flash/flash.c.o
 .time_critical.flash_restore_hardware_state
                0x200002cc       0x20 CMakeFiles/lab7.dir/home/tinypc/pico/pico-sdk/src/rp2_common/hardware_flash/flash.c.o
 .time_critical.flash_cs_force
                0x200002ec       0x38 CMakeFiles/lab7.dir/home/tinypc/pico/pico-sdk/src/rp2_common/hardware_flash/flash.c.o
 .time_critical.flash_do_cmd
                0x20000324      0x13c CMakeFiles/lab7.dir/home/tinypc/pico/pico-sdk/src/rp2_common/hardware_flash/flash.c.o
                0x20000324                flash_do_cmd
 .time_critical.reset_non_control_endpoints
                0x20000460       0x68 CMakeFiles/lab7.dir/home/tinypc/pico/pico-sdk/lib/tinyusb/src/portable/raspberrypi/rp2040/dcd_rp2040.c.o
 .time_critical.hw_handle_buff_status
                0x200004c8       0xa0 CMakeFiles/lab7.dir/home/tinypc/pico/pico-sdk/lib/tinyusb/src/portable/raspberrypi/rp2040/dcd_rp2040.c.o
 .time_critical.dcd_rp2040_irq
                0x20000568      0x548 CMakeFiles/lab7.dir/home/tinypc/pico/pico-sdk/lib/tinyusb/src/portable/raspberrypi/rp2040/dcd_rp2040.c.o
 .time_critical.prepare_ep_buffer
                0x20000ab0       0xc8 CMakeFiles/lab7.dir/home/tinypc/pico/pico-sdk/lib/tinyusb/src/portable/raspberrypi/rp2040/rp2040_usb.c.o
 .time_critical.sync_ep_buffer
                0x20000b78       0x9c CMakeFiles/lab7.dir/home/tinypc/pico/pico-sdk/lib/tinyusb/src/portable/raspberrypi/rp2040/rp2040_usb.c.o
 .time_critical._hw_endpoint_xfer_sync
                0x20000c14       0x28 CMakeFiles/lab7.dir/home/tinypc/pico/pico-sdk/lib/tinyusb/src/portable/raspberrypi/rp2040/rp2040_usb.c.o
 .time_critical.e15_is_bulkin_ep
                0x20000c3c       0x28 CMakeFiles/lab7.dir/home/tinypc/pico/pico-sdk/lib/tinyusb/src/portable/raspberrypi/rp2040/rp2040_usb.c.o
 .time_critical.e15_is_critical_frame_period
                0x20000c64       0x34 CMakeFiles/lab7.dir/home/tinypc/pico/pico-sdk/lib/tinyusb/src/portable/raspberrypi/rp2040/rp2040_usb.c.o
 .time_critical.hw_endpoint_reset_transfer
                0x20000c98        0xc CMakeFiles/lab7.dir/home/tinypc/pico/pico-sdk/lib/tinyusb/src/portable/raspberrypi/rp2040/rp2040_usb.c.o
                0x20000c98                hw_endpoint_reset_transfer
 .time_critical._hw_endpoint_buffer_control_update32
                0x20000ca4       0x50 CMakeFiles/lab7.dir/home/tinypc/pico/pico-sdk/lib/tinyusb/src/portable/raspberrypi/rp2040/rp2040_usb.c.o
                0x20000ca4                _hw_endpoint_buffer_control_update32
 .time_critical.hw_endpoint_start_next_buffer
                0x20000cf4       0x68 CMakeFiles/lab7.dir/home/tinypc/pico/pico-sdk/lib/tinyusb/src/portable/raspberrypi/rp2040/rp2040_usb.c.o
                0x20000cf4                hw_endpoint_start_next_buffer
 .time_critical.hw_endpoint_xfer_continue
                0x20000d5c       0x40 CMakeFiles/lab7.dir/home/tinypc/pico/pico-sdk/lib/tinyusb/src/portable/raspberrypi/rp2040/rp2040_usb.c.o
                0x20000d5c                hw_endpoint_xfer_continue
 .time_critical.tinyusb
                0x20000d9c      0x1e4 CMakeFiles/lab7.dir/home/tinypc/pico/pico-sdk/lib/tinyusb/src/device/usbd.c.o
                0x20000d9c                dcd_event_handler
 *(.text*)
 .text          0x20000f80        0x4 /usr/lib/gcc/arm-none-eabi/14.2.1/thumb/v6-m/nofp/libgcc.a(_dvmd_tls.o)
                0x20000f80                __aeabi_ldiv0
                0x20000f80                __aeabi_idiv0
 *fill*         0x20000f84        0x4 
 .text.__stub   0x20000f88       0xb0 linker stubs
                0x20001038                        . = ALIGN (0x4)
 *(.rodata*)
                0x20001038                        . = ALIGN (0x4)
 *(.data*)
 .data._motorSetpointPosition
                0x20001038        0x4 CMakeFiles/lab7.dir/lab7.c.o
 .data.striped_spin_lock_num
                0x2000103c        0x1 CMakeFiles/lab7.dir/home/tinypc/pico/pico-sdk/src/rp2_common/hardware_sync/sync.c.o
 *fill*         0x2000103d        0x3 
 .data          0x20001040       0x48 CMakeFiles/lab7.dir/home/tinypc/pico/pico-sdk/src/rp2_common/hardware_irq/irq_handler_chain.S.o
                0x20001040                irq_handler_chain_slots
                0x20001070                irq_handler_chain_first_slot
                0x2000107a                irq_handler_chain_remove_tail
 .data.default_alarm_pool
                0x20001088       0x18 CMakeFiles/lab7.dir/home/tinypc/pico/pico-sdk/src/common/pico_time/time.c.o
 *fill*         0x200010a0        0x0 
 .data.aeabi_bits_funcs
                0x200010a0       0x10 CMakeFiles/lab7.dir/home/tinypc/pico/pico-sdk/src/rp2_common/pico_bit_ops/bit_ops_aeabi.S.o
                0x200010a0                aeabi_bits_funcs
                0x200010b0                aeabi_bits_funcs_end
 .data.aeabi_mem_funcs
                0x200010b0       0x10 CMakeFiles/lab7.dir/home/tinypc/pico/pico-sdk/src/rp2_common/pico_mem_ops/mem_ops_aeabi.S.o
                0x200010b0                aeabi_mem_funcs
                0x200010c0                aeabi_mem_funcs_end
 .data.stdio_usb
                0x200010c0       0x18 CMakeFiles/lab7.dir/home/tinypc/pico/pico-sdk/src/rp2_common/pico_stdio_usb/stdio_usb.c.o
                0x200010c0                stdio_usb
 .data._usbd_qdef
                0x200010d8       0x1c CMakeFiles/lab7.dir/home/tinypc/pico/pico-sdk/lib/tinyusb/src/device/usbd.c.o
                0x200010d8                _usbd_qdef
 .data._usbd_rhport
                0x200010f4        0x1 CMakeFiles/lab7.dir/home/tinypc/pico/pico-sdk/lib/tinyusb/src/device/usbd.c.o
 .data.ucPrimaryCoreNum
                0x200010f5        0x1 CMakeFiles/lab7.dir/home/tinypc/FreeRTOS-LTS/FreeRTOS/FreeRTOS-Kernel/portable/ThirdParty/GCC/RP2040/port.c.o
 *fill*         0x200010f6        0x2 
 .data          0x200010f8      0x410 /usr/lib/gcc/arm-none-eabi/14.2.1/../../../arm-none-eabi/lib/thumb/v6-m/nofp/libg.a(libc_a-mallocr.o)
                0x200010f8                __malloc_sbrk_base
                0x200010fc                __malloc_trim_threshold
                0x20001100                __malloc_av_
 .data          0x20001508      0x148 /usr/lib/gcc/arm-none-eabi/14.2.1/../../../arm-none-eabi/lib/thumb/v6-m/nofp/libg.a(libc_a-impure.o)
                0x20001508                _impure_ptr
                0x20001510                _impure_data
                0x20001650                        . = ALIGN (0x4)
 *(.after_data.*)
                0x20001650                        . = ALIGN (0x4)
                0x20001650                        PROVIDE (__mutex_array_start = .)
 *(SORT_BY_NAME(.mutex_array.*))
 *(.mutex_array)
 .mutex_array   0x20001650        0x8 CMakeFiles/lab7.dir/home/tinypc/pico/pico-sdk/src/rp2_common/pico_malloc/malloc.c.o
 .mutex_array   0x20001658        0x8 CMakeFiles/lab7.dir/home/tinypc/pico/pico-sdk/src/rp2_common/pico_stdio/stdio.c.o
                0x20001660                        PROVIDE (__mutex_array_end = .)
                0x20001660                        . = ALIGN (0x4)
 *(.jcr)
                0x20001660                        . = ALIGN (0x4)

.tm_clone_table
                0x20001660        0x0 load address 0x1000c288
 .tm_clone_table
                0x20001660        0x0 /usr/lib/gcc/arm-none-eabi/14.2.1/thumb/v6-m/nofp/crtbegin.o
 .tm_clone_table
                0x20001660        0x0 /usr/lib/gcc/arm-none-eabi/14.2.1/thumb/v6-m/nofp/crtend.o

.igot.plt       0x20001660        0x0 load address 0x1000c288
 .igot.plt      0x20001660        0x0 /usr/lib/gcc/arm-none-eabi/14.2.1/thumb/v6-m/nofp/crtbegin.o

.tdata          0x20001660        0x0 load address 0x1000c288
                0x20001660                        . = ALIGN (0x4)
 *(.tdata .tdata.* .gnu.linkonce.td.*)
                0x20001660                        __tdata_end = .
                0x20001660                        PROVIDE (__data_end__ = .)
                0x1000ace8                        __etext = LOADADDR (.data)

.tbss           0x20001660        0x0 load address 0x1000c288
                0x20001660                        . = ALIGN (0x4)
                0x20001660                        __bss_start__ = .
                0x20001660                        __tls_base = .
 *(.tbss .tbss.* .gnu.linkonce.tb.*)
 *(.tcommon)
                0x20001660                        __tls_end = .

.bss            0x20001660     0x1624 load address 0x1000c288
                0x20001660                        . = ALIGN (0x4)
                0x20001660                        __tbss_end = .
 *(SORT_BY_ALIGNMENT(SORT_BY_NAME(.bss*)))
 .bss.RPMarr    0x20001660      0x190 CMakeFiles/lab7.dir/lab7.c.o
                0x20001660                RPMarr
 .bss._velocitySamples
                0x200017f0       0x40 CMakeFiles/lab7.dir/lab7.c.o
 .bss.default_alarm_pool_entries
                0x20001830      0x180 CMakeFiles/lab7.dir/home/tinypc/pico/pico-sdk/src/common/pico_time/time.c.o
 .bss.last_avail_time.1
                0x200019b0        0x8 CMakeFiles/lab7.dir/home/tinypc/pico/pico-sdk/src/rp2_common/pico_stdio_usb/stdio_usb.c.o
 .bss.sd_table  0x200019b8      0x100 CMakeFiles/lab7.dir/home/tinypc/pico/pico-sdk/src/rp2_common/pico_double/double_init_rom_rp2040.c.o
                0x200019b8                sd_table