Archive member included to satisfy reference by file (symbol)

/usr/lib/gcc/arm-none-eabi/14.2.1/thumb/v6-m/nofp/libgcc.a(_dvmd_tls.o)
                              CMakeFiles/lab7.dir/home/tinypc/pico/pico-sdk/src/rp2_common/pico_divider/divider_hardware.S.o (__aeabi_idiv0)
/usr/lib/gcc/arm-none-eabi/14.2.1/../../../arm-none-eabi/lib/thumb/v6-m/nofp/libg.a(libc_a-strlen-stub.o)
                              CMakeFiles/lab7.dir/home/tinypc/pico/pico-sdk/src/rp2_common/pico_stdio/stdio.c.o (strlen)
/usr/lib/gcc/arm-none-eabi/14.2.1/../../../arm-none-eabi/lib/thumb/v6-m/nofp/libg.a(libc_a-fini.o)
                              /usr/lib/gcc/arm-none-eabi/14.2.1/../../../arm-none-eabi/lib/thumb/v6-m/nofp/crt0.o (__libc_fini_array)
/usr/lib/gcc/arm-none-eabi/14.2.1/../../../arm-none-eabi/lib/thumb/v6-m/nofp/libg.a(libc_a-calloc.o)
                              CMakeFiles/lab7.dir/home/tinypc/pico/pico-sdk/src/rp2_common/pico_malloc/malloc.c.o (calloc)
/usr/lib/gcc/arm-none-eabi/14.2.1/../../../arm-none-eabi/lib/thumb/v6-m/nofp/libg.a(libc_a-callocr.o)
                              /usr/lib/gcc/arm-none-eabi/14.2.1/../../../arm-none-eabi/lib/thumb/v6-m/nofp/libg.a(libc_a-calloc.o) (_calloc_r)
/usr/lib/gcc/arm-none-eabi/14.2.1/../../../arm-none-eabi/lib/thumb/v6-m/nofp/libg.a(libc_a-realloc.o)
                              CMakeFiles/lab7.dir/home/tinypc/pico/pico-sdk/src/rp2_common/pico_malloc/malloc.c.o (realloc)
/usr/lib/gcc/arm-none-eabi/14.2.1/../../../arm-none-eabi/lib/thumb/v6-m/nofp/libg.a(libc_a-mallocr.o)
                              /usr/lib/gcc/arm-none-eabi/14.2.1/../../../arm-none-eabi/lib/thumb/v6-m/nofp/libg.a(libc_a-callocr.o) (_malloc_r)
/usr/lib/gcc/arm-none-eabi/14.2.1/../../../arm-none-eabi/lib/thumb/v6-m/nofp/libg.a(libc_a-freer.o)
                              /usr/lib/gcc/arm-none-eabi/14.2.1/../../../arm-none-eabi/lib/thumb/v6-m/nofp/libg.a(libc_a-mallocr.o) (_free_r)
/usr/lib/gcc/arm-none-eabi/14.2.1/../../../arm-none-eabi/lib/thumb/v6-m/nofp/libg.a(libc_a-memcmp.o)
                              CMakeFiles/lab7.dir/home/tinypc/pico/pico-sdk/src/rp2_common/pico_atomic/atomic.c.o (memcmp)
/usr/lib/gcc/arm-none-eabi/14.2.1/../../../arm-none-eabi/lib/thumb/v6-m/nofp/libg.a(libc_a-errno.o)
                              /usr/lib/gcc/arm-none-eabi/14.2.1/../../../arm-none-eabi/lib/thumb/v6-m/nofp/libg.a(libc_a-callocr.o) (__errno)
/usr/lib/gcc/arm-none-eabi/14.2.1/../../../arm-none-eabi/lib/thumb/v6-m/nofp/libg.a(libc_a-malloc.o)
                              CMakeFiles/lab7.dir/home/tinypc/pico/pico-sdk/src/rp2_common/pico_malloc/malloc.c.o (malloc)
/usr/lib/gcc/arm-none-eabi/14.2.1/../../../arm-none-eabi/lib/thumb/v6-m/nofp/libg.a(libc_a-reallocr.o)
                              /usr/lib/gcc/arm-none-eabi/14.2.1/../../../arm-none-eabi/lib/thumb/v6-m/nofp/libg.a(libc_a-realloc.o) (_realloc_r)
/usr/lib/gcc/arm-none-eabi/14.2.1/../../../arm-none-eabi/lib/thumb/v6-m/nofp/libg.a(libc_a-mktime.o)
                              CMakeFiles/lab7.dir/home/tinypc/pico/pico-sdk/src/common/pico_util/datetime.c.o (mktime)
/usr/lib/gcc/arm-none-eabi/14.2.1/../../../arm-none-eabi/lib/thumb/v6-m/nofp/libg.a(libc_a-mlock.o)
                              /usr/lib/gcc/arm-none-eabi/14.2.1/../../../arm-none-eabi/lib/thumb/v6-m/nofp/libg.a(libc_a-mallocr.o) (__malloc_lock)
/usr/lib/gcc/arm-none-eabi/14.2.1/../../../arm-none-eabi/lib/thumb/v6-m/nofp/libg.a(libc_a-tzlock.o)
                              /usr/lib/gcc/arm-none-eabi/14.2.1/../../../arm-none-eabi/lib/thumb/v6-m/nofp/libg.a(libc_a-mktime.o) (__tz_lock)
/usr/lib/gcc/arm-none-eabi/14.2.1/../../../arm-none-eabi/lib/thumb/v6-m/nofp/libg.a(libc_a-sbrkr.o)
                              /usr/lib/gcc/arm-none-eabi/14.2.1/../../../arm-none-eabi/lib/thumb/v6-m/nofp/libg.a(libc_a-mallocr.o) (_sbrk_r)
/usr/lib/gcc/arm-none-eabi/14.2.1/../../../arm-none-eabi/lib/thumb/v6-m/nofp/libg.a(libc_a-atexit.o)
                              /usr/lib/gcc/arm-none-eabi/14.2.1/../../../arm-none-eabi/lib/thumb/v6-m/nofp/crt0.o (atexit)
/usr/lib/gcc/arm-none-eabi/14.2.1/../../../arm-none-eabi/lib/thumb/v6-m/nofp/libg.a(libc_a-lcltime_r.o)
                              CMakeFiles/lab7.dir/home/tinypc/pico/pico-sdk/src/common/pico_util/datetime.c.o (localtime_r)
/usr/lib/gcc/arm-none-eabi/14.2.1/../../../arm-none-eabi/lib/thumb/v6-m/nofp/libg.a(libc_a-init.o)
                              /usr/lib/gcc/arm-none-eabi/14.2.1/../../../arm-none-eabi/lib/thumb/v6-m/nofp/crt0.o (__libc_init_array)
/usr/lib/gcc/arm-none-eabi/14.2.1/../../../arm-none-eabi/lib/thumb/v6-m/nofp/libg.a(libc_a-impure.o)
                              /usr/lib/gcc/arm-none-eabi/14.2.1/../../../arm-none-eabi/lib/thumb/v6-m/nofp/libg.a(libc_a-calloc.o) (_impure_ptr)
/usr/lib/gcc/arm-none-eabi/14.2.1/../../../arm-none-eabi/lib/thumb/v6-m/nofp/libg.a(libc_a-div.o)
                              /usr/lib/gcc/arm-none-eabi/14.2.1/../../../arm-none-eabi/lib/thumb/v6-m/nofp/libg.a(libc_a-mktime.o) (div)
[...]
Memory Configuration

Name             Origin             Length             Attributes
FLASH            0x10000000         0x00200000         xr
RAM              0x20000000         0x00040000         xrw
SCRATCH_X        0x20040000         0x00001000         xrw
SCRATCH_Y        0x20041000         0x00001000         xrw
*default*        0x00000000         0xffffffff

Linker script and memory map

LOAD /usr/lib/gcc/arm-none-eabi/14.2.1/thumb/v6-m/nofp/crti.o
LOAD /usr/lib/gcc/arm-none-eabi/14.2.1/thumb/v6-m/nofp/crtbegin.o
LOAD /usr/lib/gcc/arm-none-eabi/14.2.1/../../../arm-none-eabi/lib/thumb/v6-m/nofp/crt0.o

.flash_begin    0x10000000        0x0
                0x10000000                        __flash_binary_start = .

.boot2          0x10000000      0x100
                0x10000000                        __boot2_start__ = .
 *(.boot2)
 .boot2         0x10000000      0x100 pico-sdk/src/rp2040/boot_stage2/CMakeFiles/bs2_default_library.dir/bs2_default_padded_checksummed.S.o
                0x10000100                        __boot2_end__ = .
                0x00000001                        ASSERT (((__boot2_end__ - __boot2_start__) == 0x100), ERROR: Pico second stage bootloader must be 256 bytes in size)

.text           0x10000100     0xa2dc
                0x10000100                        __logical_binary_start = .
 *(.vectors)
 .vectors       0x10000100       0xd4 CMakeFiles/lab7.dir/home/tinypc/pico/pico-sdk/src/rp2_common/pico_crt0/crt0.S.o
                0x10000100                __vectors
                0x10000100                __VECTOR_TABLE
                0x100001c0                isr_irq30
                0x100001c0                __unhandled_user_irq
                0x100001c0                isr_irq13
                0x100001c0                isr_irq27
                0x100001c0                isr_irq31
                0x100001c0                isr_irq5
                0x100001c0                isr_irq11
                0x100001c0                isr_irq23
                0x100001c0                isr_irq18
                0x100001c0                isr_irq28
                0x100001c0                isr_irq19
                0x100001c0                isr_irq0
                0x100001c0                isr_irq6
                0x100001c0                isr_irq22
                0x100001c0                isr_irq17
                0x100001c0                isr_irq14
                0x100001c0                __vectors_end
                0x100001c0                __default_isrs_start
                0x100001c0                isr_irq2
                0x100001c0                isr_irq10
                0x100001c0                isr_irq8
                0x100001c0                isr_irq24
                0x100001c0                isr_irq1
                0x100001c0                isr_irq7
                0x100001c0                isr_irq21
                0x100001c0                isr_irq20
                0x100001c0                isr_irq15
                0x100001c0                isr_irq25
                0x100001c0                isr_irq4
                0x100001c0                isr_irq16
                0x100001c0                isr_irq29
                0x100001c0                isr_irq26
                0x100001c0                isr_irq3
                0x100001c0                isr_irq12
                0x100001c0                isr_irq9
                0x100001c6                unhandled_user_irq_num_in_r0
                0x100001c8                isr_invalid
                0x100001ca                isr_nmi
                0x100001cc                isr_hardfault
                0x100001d4                __default_isrs_end
 *(.binary_info_header)
 .binary_info_header
                0x100001d4       0x14 CMakeFiles/lab7.dir/home/tinypc/pico/pico-sdk/src/rp2_common/pico_crt0/crt0.S.o
                0x100001e8                        __binary_info_header_end = .
 *(.embedded_block)
                0x100001e8                        __embedded_block_end = .
 *(.reset)
 .reset         0x100001e8       0x9c CMakeFiles/lab7.dir/home/tinypc/pico/pico-sdk/src/rp2_common/pico_crt0/crt0.S.o
                0x100001e8                _entry_point
 *(.init)
 .init          0x10000284        0x4 /usr/lib/gcc/arm-none-eabi/14.2.1/thumb/v6-m/nofp/crti.o
                0x10000284                _init
 *(EXCLUDE_FILE(*libm.a: *libc.a:*lib_a-mem*.o *libgcc.a:) .text*)
 .text          0x10000288       0x98 /usr/lib/gcc/arm-none-eabi/14.2.1/thumb/v6-m/nofp/crtbegin.o
 .text.heartbeat
                0x10000320       0x38 CMakeFiles/lab7.dir/lab7.c.o
                0x10000320                heartbeat
 .text.gpio_int_callback
                0x10000358       0x88 CMakeFiles/lab7.dir/lab7.c.o
                0x10000358                gpio_int_callback
 .text.MotorMover
                0x100003e0       0x74 CMakeFiles/lab7.dir/lab7.c.o
                0x100003e0                MotorMover
 .text._pidPositionServo
                0x10000454      0x178 CMakeFiles/lab7.dir/lab7.c.o
 .text.ConfigurePWM
                0x100005cc       0xb8 CMakeFiles/lab7.dir/lab7.c.o
                0x100005cc                ConfigurePWM
 .text.motor_init
                0x10000684      0x150 CMakeFiles/lab7.dir/lab7.c.o
                0x10000684                motor_init
 .text.hardware_init
                0x100007d4       0x38 CMakeFiles/lab7.dir/lab7.c.o
                0x100007d4                hardware_init
 .text.startup.main
                0x1000080c       0x60 CMakeFiles/lab7.dir/lab7.c.o
                0x1000080c                main
 .text.gpio_default_irq_handler
                0x1000086c      0x2c8 CMakeFiles/lab7.dir/home/tinypc/pico/pico-sdk/src/rp2_common/hardware_gpio/gpio.c.o
 .text.gpio_set_function
                0x10000b34       0x34 CMakeFiles/lab7.dir/home/tinypc/pico/pico-sdk/src/rp2_common/hardware_gpio/gpio.c.o
                0x10000b34                gpio_set_function
 .text.gpio_set_pulls
                0x10000b68       0x28 CMakeFiles/lab7.dir/home/tinypc/pico/pico-sdk/src/rp2_common/hardware_gpio/gpio.c.o
                0x10000b68                gpio_set_pulls
 .text.gpio_set_irq_enabled_with_callback
                0x10000b90       0xd0 CMakeFiles/lab7.dir/home/tinypc/pico/pico-sdk/src/rp2_common/hardware_gpio/gpio.c.o
                0x10000b90                gpio_set_irq_enabled_with_callback
 .text.gpio_init
                0x10000c60       0x40 CMakeFiles/lab7.dir/home/tinypc/pico/pico-sdk/src/rp2_common/hardware_gpio/gpio.c.o
                0x10000c60                gpio_init
 .text.rp2040_chip_version
                0x10000ca0        0xc CMakeFiles/lab7.dir/home/tinypc/pico/pico-sdk/src/rp2040/pico_platform/platform.c.o
                0x10000ca0                rp2040_chip_version
 .text.panic    0x10000cac       0x30 CMakeFiles/lab7.dir/home/tinypc/pico/pico-sdk/src/rp2_common/pico_platform_panic/panic.c.o
                0x10000cac                panic
 .text.panic_unsupported
                0x10000cdc        0xc CMakeFiles/lab7.dir/home/tinypc/pico/pico-sdk/src/rp2_common/pico_platform_panic/panic.c.o
                0x10000cdc                panic_unsupported
 .text.hw_claim_or_assert
                0x10000ce8       0x44 CMakeFiles/lab7.dir/home/tinypc/pico/pico-sdk/src/common/hardware_claim/claim.c.o
                0x10000ce8                hw_claim_or_assert
 .text.hw_claim_unused_from_range
                0x10000d2c       0x88 CMakeFiles/lab7.dir/home/tinypc/pico/pico-sdk/src/common/hardware_claim/claim.c.o
                0x10000d2c                hw_claim_unused_from_range
 .text.next_striped_spin_lock_num
                0x10000db4       0x18 CMakeFiles/lab7.dir/home/tinypc/pico/pico-sdk/src/rp2_common/hardware_sync/sync.c.o
                0x10000db4                next_striped_spin_lock_num
 .text.spin_lock_claim_unused
                0x10000dcc       0x24 CMakeFiles/lab7.dir/home/tinypc/pico/pico-sdk/src/rp2_common/hardware_sync/sync.c.o
                0x10000dcc                spin_lock_claim_unused
 .text.spin_locks_reset
                0x10000df0       0x1c CMakeFiles/lab7.dir/home/tinypc/pico/pico-sdk/src/rp2_common/hardware_sync_spin_lock/sync_spin_lock.c.o
                0x10000df0                spin_locks_reset
 .text.runtime_init_per_core_irq_priorities
                0x10000e0c       0x24 CMakeFiles/lab7.dir/home/tinypc/pico/pico-sdk/src/rp2_common/hardware_irq/irq.c.o
                0x10000e0c                runtime_init_per_core_irq_priorities
 .text.irq_set_enabled
                0x10000e30       0x24 CMakeFiles/lab7.dir/home/tinypc/pico/pico-sdk/src/rp2_common/hardware_irq/irq.c.o
                0x10000e30                irq_set_enabled
 .text.irq_is_enabled
                0x10000e54       0x18 CMakeFiles/lab7.dir/home/tinypc/pico/pico-sdk/src/rp2_common/hardware_irq/irq.c.o
                0x10000e54                irq_is_enabled
 .text.irq_set_pending
                0x10000e6c       0x10 CMakeFiles/lab7.dir/home/tinypc/pico/pico-sdk/src/rp2_common/hardware_irq/irq.c.o
                0x10000e6c                irq_set_pending
 .text.irq_has_shared_handler
                0x10000e7c       0x24 CMakeFiles/lab7.dir/home/tinypc/pico/pico-sdk/src/rp2_common/hardware_irq/irq.c.o
                0x10000e7c                irq_has_shared_handler
 .text.irq_set_exclusive_handler
                0x10000ea0       0x54 CMakeFiles/lab7.dir/home/tinypc/pico/pico-sdk/src/rp2_common/hardware_irq/irq.c.o
                0x10000ea0                irq_set_exclusive_handler
 .text.irq_add_shared_handler
                0x10000ef4      0x1f4 CMakeFiles/lab7.dir/home/tinypc/pico/pico-sdk/src/rp2_common/hardware_irq/irq.c.o
                0x10000ef4                irq_add_shared_handler
 .text.irq_remove_handler
                0x100010e8      0x1d4 CMakeFiles/lab7.dir/home/tinypc/pico/pico-sdk/src/rp2_common/hardware_irq/irq.c.o
                0x100010e8                irq_remove_handler
 .text.irq_set_priority
                0x100012bc       0x28 CMakeFiles/lab7.dir/home/tinypc/pico/pico-sdk/src/rp2_common/hardware_irq/irq.c.o
                0x100012bc                irq_set_priority
 .text.irq_add_tail_to_free_list
                0x100012e4       0xb4 CMakeFiles/lab7.dir/home/tinypc/pico/pico-sdk/src/rp2_common/hardware_irq/irq.c.o
                0x100012e4                irq_add_tail_to_free_list
 .text.user_irq_claim_unused
                0x10001398       0x2c CMakeFiles/lab7.dir/home/tinypc/pico/pico-sdk/src/rp2_common/hardware_irq/irq.c.o
                0x10001398                user_irq_claim_unused
 .text.lock_init
                0x100013c4       0x10 CMakeFiles/lab7.dir/home/tinypc/pico/pico-sdk/src/common/pico_sync/lock_core.c.o
                0x100013c4                lock_init
 .text.runtime_init_mutex
                0x100013d4       0x54 CMakeFiles/lab7.dir/home/tinypc/pico/pico-sdk/src/common/pico_sync/mutex.c.o
                0x100013d4                runtime_init_mutex
 .text.mutex_init
                0x10001428       0x1c CMakeFiles/lab7.dir/home/tinypc/pico/pico-sdk/src/common/pico_sync/mutex.c.o
                0x10001428                mutex_init
 .text.critical_section_init
                0x10001444       0x1c CMakeFiles/lab7.dir/home/tinypc/pico/pico-sdk/src/common/pico_sync/critical_section.c.o
                0x10001444                critical_section_init
 .text.critical_section_init_with_lock_num
                0x10001460       0x14 CMakeFiles/lab7.dir/home/tinypc/pico/pico-sdk/src/common/pico_sync/critical_section.c.o
                0x10001460                critical_section_init_with_lock_num
 .text.alarm_pool_irq_handler
                0x10001474      0x300 CMakeFiles/lab7.dir/home/tinypc/pico/pico-sdk/src/common/pico_time/time.c.o
 .text.sleep_until_callback
                0x10001774       0x24 CMakeFiles/lab7.dir/home/tinypc/pico/pico-sdk/src/common/pico_time/time.c.o
 .text.runtime_init_default_alarm_pool
                0x10001798       0xdc CMakeFiles/lab7.dir/home/tinypc/pico/pico-sdk/src/common/pico_time/time.c.o
                0x10001798                runtime_init_default_alarm_pool
 .text.alarm_pool_get_default
                0x10001874        0x8 CMakeFiles/lab7.dir/home/tinypc/pico/pico-sdk/src/common/pico_time/time.c.o
                0x10001874                alarm_pool_get_default
 .text.alarm_pool_add_alarm_at
                0x1000187c       0xd0 CMakeFiles/lab7.dir/home/tinypc/pico/pico-sdk/src/common/pico_time/time.c.o
                0x1000187c                alarm_pool_add_alarm_at
 .text.alarm_pool_add_alarm_at_force_in_context
                0x1000194c       0xb0 CMakeFiles/lab7.dir/home/tinypc/pico/pico-sdk/src/common/pico_time/time.c.o
                0x1000194c                alarm_pool_add_alarm_at_force_in_context
 .text.alarm_pool_cancel_alarm
                0x100019fc       0x74 CMakeFiles/lab7.dir/home/tinypc/pico/pico-sdk/src/common/pico_time/time.c.o
                0x100019fc                alarm_pool_cancel_alarm
 .text.alarm_pool_core_num
                0x10001a70        0x4 CMakeFiles/lab7.dir/home/tinypc/pico/pico-sdk/src/common/pico_time/time.c.o
                0x10001a70                alarm_pool_core_num
 .text.best_effort_wfe_or_timeout
                0x10001a74      0x10c CMakeFiles/lab7.dir/home/tinypc/pico/pico-sdk/src/common/pico_time/time.c.o
                0x10001a74                best_effort_wfe_or_timeout
 .text.timer_hardware_alarm_claim
                0x10001b80       0x14 CMakeFiles/lab7.dir/home/tinypc/pico/pico-sdk/src/rp2_common/hardware_timer/timer.c.o
                0x10001b80                timer_hardware_alarm_claim
 .text.timer_time_us_64
                0x10001b94       0x10 CMakeFiles/lab7.dir/home/tinypc/pico/pico-sdk/src/rp2_common/hardware_timer/timer.c.o
                0x10001b94                timer_time_us_64
 .text.time_us_64
                0x10001ba4       0x14 CMakeFiles/lab7.dir/home/tinypc/pico/pico-sdk/src/rp2_common/hardware_timer/timer.c.o
                0x10001ba4                time_us_64
 .text.clock_configure_int_divider
                0x10001bb8       0xf4 CMakeFiles/lab7.dir/home/tinypc/pico/pico-sdk/src/rp2_common/hardware_clocks/clocks.c.o
                0x10001bb8                clock_configure_int_divider
 .text.clock_configure_undivided
                0x10001cac       0xe8 CMakeFiles/lab7.dir/home/tinypc/pico/pico-sdk/src/rp2_common/hardware_clocks/clocks.c.o
                0x10001cac                clock_configure_undivided
 .text.clock_get_hz
                0x10001d94        0xc CMakeFiles/lab7.dir/home/tinypc/pico/pico-sdk/src/rp2_common/hardware_clocks/clocks.c.o
                0x10001d94                clock_get_hz
 .text.pll_init
                0x10001da0       0xa4 CMakeFiles/lab7.dir/home/tinypc/pico/pico-sdk/src/rp2_common/hardware_pll/pll.c.o
                0x10001da0                pll_init
 .text.watchdog_reboot
                0x10001e44       0x9c CMakeFiles/lab7.dir/home/tinypc/pico/pico-sdk/src/rp2_common/hardware_watchdog/watchdog.c.o
                0x10001e44                watchdog_reboot
 .text.tick_start
                0x10001ee0       0x10 CMakeFiles/lab7.dir/home/tinypc/pico/pico-sdk/src/rp2_common/hardware_ticks/ticks.c.o
                0x10001ee0                tick_start
 .text.rom_func_lookup
                0x10001ef0       0x10 CMakeFiles/lab7.dir/home/tinypc/pico/pico-sdk/src/rp2_common/pico_bootrom/bootrom.c.o
                0x10001ef0                rom_func_lookup
 .text.rom_data_lookup
                0x10001f00       0x10 CMakeFiles/lab7.dir/home/tinypc/pico/pico-sdk/src/rp2_common/pico_bootrom/bootrom.c.o
                0x10001f00                rom_data_lookup
 .text.rom_funcs_lookup
                0x10001f10       0x44 CMakeFiles/lab7.dir/home/tinypc/pico/pico-sdk/src/rp2_common/pico_bootrom/bootrom.c.o
                0x10001f10                rom_funcs_lookup
 .text.rom_reset_usb_boot_extra
                0x10001f54       0x24 CMakeFiles/lab7.dir/home/tinypc/pico/pico-sdk/src/rp2_common/pico_bootrom/bootrom.c.o
                0x10001f54                rom_reset_usb_boot_extra
 .text.xosc_init
                0x10001f78       0x28 CMakeFiles/lab7.dir/home/tinypc/pico/pico-sdk/src/rp2_common/hardware_xosc/xosc.c.o
                0x10001f78                xosc_init
 .text.first_per_core_initializer
                0x10001fa0        0x4 CMakeFiles/lab7.dir/home/tinypc/pico/pico-sdk/src/rp2_common/pico_runtime/runtime.c.o
 .text.hard_assertion_failure
                0x10001fa4        0xc CMakeFiles/lab7.dir/home/tinypc/pico/pico-sdk/src/rp2_common/pico_runtime/runtime.c.o
                0x10001fa4                hard_assertion_failure
 .text.runtime_run_initializers
                0x10001fb0       0x28 CMakeFiles/lab7.dir/home/tinypc/pico/pico-sdk/src/rp2_common/pico_runtime/runtime.c.o
                0x10001fb0                runtime_run_initializers
 .text.runtime_init_early_resets
                0x10001fd8       0x2c CMakeFiles/lab7.dir/home/tinypc/pico/pico-sdk/src/rp2_common/pico_runtime_init/runtime_init.c.o
                0x10001fd8                runtime_init_early_resets
 .text.runtime_init_usb_power_down
                0x10002004       0x1c CMakeFiles/lab7.dir/home/tinypc/pico/pico-sdk/src/rp2_common/pico_runtime_init/runtime_init.c.o
                0x10002004                runtime_init_usb_power_down
 .text.runtime_init_post_clock_resets
                0x10002020       0x20 CMakeFiles/lab7.dir/home/tinypc/pico/pico-sdk/src/rp2_common/pico_runtime_init/runtime_init.c.o
                0x10002020                runtime_init_post_clock_resets
 .text.runtime_init_rp2040_gpio_ie_disable
                0x10002040       0x14 CMakeFiles/lab7.dir/home/tinypc/pico/pico-sdk/src/rp2_common/pico_runtime_init/runtime_init.c.o
                0x10002040                runtime_init_rp2040_gpio_ie_disable
 .text.runtime_init_spin_locks_reset
                0x10002054        0x8 CMakeFiles/lab7.dir/home/tinypc/pico/pico-sdk/src/rp2_common/pico_runtime_init/runtime_init.c.o
                0x10002054                runtime_init_spin_locks_reset
 .text.runtime_init_install_ram_vector_table
                0x1000205c       0xb4 CMakeFiles/lab7.dir/home/tinypc/pico/pico-sdk/src/rp2_common/pico_runtime_init/runtime_init.c.o
                0x1000205c                runtime_init_install_ram_vector_table
 .text.runtime_init_clocks
                0x10002110       0xd8 CMakeFiles/lab7.dir/home/tinypc/pico/pico-sdk/src/rp2_common/pico_runtime_init/runtime_init_clocks.c.o
                0x10002110                runtime_init_clocks
 .text          0x100021e8       0x10 CMakeFiles/lab7.dir/home/tinypc/pico/pico-sdk/src/rp2_common/pico_bit_ops/bit_ops_aeabi.S.o
 .text.__wrap___aeabi_idiv
                0x100021f8       0x50 CMakeFiles/lab7.dir/home/tinypc/pico/pico-sdk/src/rp2_common/pico_divider/divider_hardware.S.o
                0x100021f8                __wrap___aeabi_idivmod
                0x100021f8                divmod_s32s32
                0x100021f8                div_s32s32
                0x100021f8                __wrap___aeabi_idiv
                0x10002200                divmod_s32s32_unsafe
                0x1000222c                divmod_s32s32_savestate
 .text.__wrap___aeabi_uidiv
                0x10002248       0x4c CMakeFiles/lab7.dir/home/tinypc/pico/pico-sdk/src/rp2_common/pico_divider/divider_hardware.S.o
                0x10002248                __wrap___aeabi_uidiv
                0x10002248                __wrap___aeabi_uidivmod
                0x10002248                div_u32u32
                0x10002248                divmod_u32u32
                0x10002250                divmod_u32u32_unsafe
                0x10002278                divmod_u32u32_savestate
 .text.__wrap___aeabi_ldiv
                0x10002294      0x424 CMakeFiles/lab7.dir/home/tinypc/pico/pico-sdk/src/rp2_common/pico_divider/divider_hardware.S.o
                0x10002294                div_s64s64
                0x10002294                divmod_s64s64
                0x10002294                __wrap___aeabi_ldivmod
                0x100022c4                div_u64u64
                0x100022c4                divmod_u64u64
                0x100022c4                __wrap___aeabi_uldivmod
                0x100022d4                divmod_u64u64_savestate
                0x100022f4                divmod_s64s64_unsafe
                0x1000237c                divmod_u64u64_unsafe
 .text.__wrap___aeabi_darithmetic
                0x100026b8       0x80 CMakeFiles/lab7.dir/home/tinypc/pico/pico-sdk/src/rp2_common/pico_double/double_aeabi_rp2040.S.o
                0x100026b8                __wrap___aeabi_drsub
                0x100026be                __wrap___aeabi_dsub
                0x100026d0                __wrap___aeabi_dadd
                0x100026e2                __wrap___aeabi_ddiv
                0x1000271e                __wrap___aeabi_dmul
 .text.__wrap___aeabi_cdcmple
                0x10002738       0x6c CMakeFiles/lab7.dir/home/tinypc/pico/pico-sdk/src/rp2_common/pico_double/double_aeabi_rp2040.S.o
                0x10002738                __wrap___aeabi_cdrcmple
                0x10002748                __wrap___aeabi_cdcmple
                0x10002748                __wrap___aeabi_cdcmpeq
 .text.__wrap___aeabi_dcmplt
                0x100027a4        0xc CMakeFiles/lab7.dir/home/tinypc/pico/pico-sdk/src/rp2_common/pico_double/double_aeabi_rp2040.S.o
                0x100027a4                __wrap___aeabi_dcmplt
 .text.__wrap___aeabi_dcmple
                0x100027b0       0x10 CMakeFiles/lab7.dir/home/tinypc/pico/pico-sdk/src/rp2_common/pico_double/double_aeabi_rp2040.S.o
                0x100027b0                __wrap___aeabi_dcmple
 .text.__wrap___aeabi_dcmpge
                0x100027c0       0x10 CMakeFiles/lab7.dir/home/tinypc/pico/pico-sdk/src/rp2_common/pico_double/double_aeabi_rp2040.S.o
                0x100027c0                __wrap___aeabi_dcmpge
 .text.__wrap___aeabi_dcmpgt
                0x100027d0        0xa CMakeFiles/lab7.dir/home/tinypc/pico/pico-sdk/src/rp2_common/pico_double/double_aeabi_rp2040.S.o
                0x100027d0                __wrap___aeabi_dcmpgt
 .text.__wrap___aeabi_dcmpun
                0x100027da       0x18 CMakeFiles/lab7.dir/home/tinypc/pico/pico-sdk/src/rp2_common/pico_double/double_aeabi_rp2040.S.o
                0x100027da                __wrap___aeabi_dcmpun
 *fill*         0x100027f2        0x2 
 .text.__wrap___aeabi_i2d
                0x100027f4       0x38 CMakeFiles/lab7.dir/home/tinypc/pico/pico-sdk/src/rp2_common/pico_double/double_aeabi_rp2040.S.o
                0x100027f4                __wrap___aeabi_ui2d
                0x100027f4                uint2double
                0x100027fc                __wrap___aeabi_i2d
                0x100027fc                int2double
 .text.__wrap___aeabi_d2iz
                0x1000282c       0x48 CMakeFiles/lab7.dir/home/tinypc/pico/pico-sdk/src/rp2_common/pico_double/double_aeabi_rp2040.S.o
                0x1000282c                __wrap___aeabi_d2iz
                0x1000282c                double2int_z
 .text.__wrap___aeabi_d2uiz
                0x10002874       0x18 CMakeFiles/lab7.dir/home/tinypc/pico/pico-sdk/src/rp2_common/pico_double/double_aeabi_rp2040.S.o
                0x10002874                double2uint_z
                0x10002874                double2uint
                0x10002874                __wrap___aeabi_d2uiz
 .text.__aeabi_double_init
                0x1000288c       0xa4 CMakeFiles/lab7.dir/home/tinypc/pico/pico-sdk/src/rp2_common/pico_double/double_init_rom_rp2040.c.o
                0x1000288c                __aeabi_double_init
 .text.double_table_shim_on_use_helper
                0x10002930       0x2c CMakeFiles/lab7.dir/home/tinypc/pico/pico-sdk/src/rp2_common/pico_double/double_v1_rom_shim_rp2040.S.o
                0x10002930                double_table_shim_on_use_helper
 .text.__wrap___aeabi_dsub
                0x1000295c       0x10 CMakeFiles/lab7.dir/home/tinypc/pico/pico-sdk/src/rp2_common/pico_double/double_v1_rom_shim_rp2040.S.o
                0x1000295c                drsub_shim
                0x10002962                dsub_shim
 .text.dadd_shim
                0x1000296c      0x15c CMakeFiles/lab7.dir/home/tinypc/pico/pico-sdk/src/rp2_common/pico_double/double_v1_rom_shim_rp2040.S.o
                0x1000296c                dadd_shim
 .text.dmul_shim
                0x10002ac8      0x15c CMakeFiles/lab7.dir/home/tinypc/pico/pico-sdk/src/rp2_common/pico_double/double_v1_rom_shim_rp2040.S.o
                0x10002ac8                dmul_shim
 .text.ddiv_shim
                0x10002c24      0x1b0 CMakeFiles/lab7.dir/home/tinypc/pico/pico-sdk/src/rp2_common/pico_double/double_v1_rom_shim_rp2040.S.o
                0x10002c24                ddiv_shim
 .text.double2uint_shim
                0x10002dd4        0xe CMakeFiles/lab7.dir/home/tinypc/pico/pico-sdk/src/rp2_common/pico_double/double_v1_rom_shim_rp2040.S.o
                0x10002dd4                double2uint_shim
                0x10002dd6                double2ufix_shim
 *fill*         0x10002de2        0x2 
 .text.double2uint64_shim
                0x10002de4       0x70 CMakeFiles/lab7.dir/home/tinypc/pico/pico-sdk/src/rp2_common/pico_double/double_v1_rom_shim_rp2040.S.o
                0x10002de4                double2uint64_shim
                0x10002de6                double2ufix64_shim
                0x10002e06                d2fix_a
 .text.dunpacks
                0x10002e54       0x3c CMakeFiles/lab7.dir/home/tinypc/pico/pico-sdk/src/rp2_common/pico_double/double_v1_rom_shim_rp2040.S.o
                0x10002e54                dunpacks
 .text.__aeabi_lmul
                0x10002e90       0x32 CMakeFiles/lab7.dir/home/tinypc/pico/pico-sdk/src/rp2_common/pico_int64_ops/pico_int64_ops_aeabi.S.o
                0x10002e90                __wrap___aeabi_lmul
 *fill*         0x10002ec2        0x2 
 .text.__aeabi_float_init
                0x10002ec4       0x64 CMakeFiles/lab7.dir/home/tinypc/pico/pico-sdk/src/rp2_common/pico_float/float_init_rom_rp2040.c.o
                0x10002ec4                __aeabi_float_init
 .text.float_table_shim_on_use_helper
                0x10002f28       0x2c CMakeFiles/lab7.dir/home/tinypc/pico/pico-sdk/src/rp2_common/pico_float/float_v1_rom_shim_rp2040.S.o
                0x10002f28                float_table_shim_on_use_helper
 .text.__wrap_malloc
                0x10002f54       0x3c CMakeFiles/lab7.dir/home/tinypc/pico/pico-sdk/src/rp2_common/pico_malloc/malloc.c.o
                0x10002f54                __wrap_malloc
 .text.__wrap_free
                0x10002f90       0x20 CMakeFiles/lab7.dir/home/tinypc/pico/pico-sdk/src/rp2_common/pico_malloc/malloc.c.o
                0x10002f90                __wrap_free
 .text          0x10002fb0       0x10 CMakeFiles/lab7.dir/home/tinypc/pico/pico-sdk/src/rp2_common/pico_mem_ops/mem_ops_aeabi.S.o
                0x10002fb0                __aeabi_mem_init
 .text.memset   0x10002fc0        0xc CMakeFiles/lab7.dir/home/tinypc/pico/pico-sdk/src/rp2_common/pico_mem_ops/mem_ops_aeabi.S.o
                0x10002fc0                __wrap_memset
 .text.memcpy   0x10002fcc        0xc CMakeFiles/lab7.dir/home/tinypc/pico/pico-sdk/src/rp2_common/pico_mem_ops/mem_ops_aeabi.S.o
                0x10002fcc                __wrap___aeabi_memcpy
                0x10002fcc                __wrap_memcpy
 .text._out_null
                0x10002fd8        0x4 CMakeFiles/lab7.dir/home/tinypc/pico/pico-sdk/src/rp2_common/pico_printf/printf.c.o
 .text._out_rev
                0x10002fdc       0xac CMakeFiles/lab7.dir/home/tinypc/pico/pico-sdk/src/rp2_common/pico_printf/printf.c.o
 .text._ntoa_format
                0x10003088      0x1cc CMakeFiles/lab7.dir/home/tinypc/pico/pico-sdk/src/rp2_common/pico_printf/printf.c.o
 .text._out_char
                0x10003254       0x10 CMakeFiles/lab7.dir/home/tinypc/pico/pico-sdk/src/rp2_common/pico_printf/printf.c.o
 .text._out_fct
                0x10003264       0x10 CMakeFiles/lab7.dir/home/tinypc/pico/pico-sdk/src/rp2_common/pico_printf/printf.c.o
 .text._ftoa    0x10003274      0x4a8 CMakeFiles/lab7.dir/home/tinypc/pico/pico-sdk/src/rp2_common/pico_printf/printf.c.o
 .text._etoa    0x1000371c      0x57c CMakeFiles/lab7.dir/home/tinypc/pico/pico-sdk/src/rp2_common/pico_printf/printf.c.o
 .text._vsnprintf
                0x10003c98      0xbe0 CMakeFiles/lab7.dir/home/tinypc/pico/pico-sdk/src/rp2_common/pico_printf/printf.c.o
 .text.vfctprintf
                0x10004878       0x24 CMakeFiles/lab7.dir/home/tinypc/pico/pico-sdk/src/rp2_common/pico_printf/printf.c.o
                0x10004878                vfctprintf
 .text.weak_raw_vprintf
                0x1000489c       0x30 CMakeFiles/lab7.dir/home/tinypc/pico/pico-sdk/src/rp2_common/pico_printf/printf.c.o
                0x1000489c                weak_raw_vprintf
 .text._exit    0x100048cc        0x4 CMakeFiles/lab7.dir/home/tinypc/pico/pico-sdk/src/rp2_common/pico_clib_interface/newlib_interface.c.o
                0x100048cc                _exit
 .text._sbrk    0x100048d0       0x34 CMakeFiles/lab7.dir/home/tinypc/pico/pico-sdk/src/rp2_common/pico_clib_interface/newlib_interface.c.o
                0x100048d0                _sbrk
 .text.exit     0x10004904        0x8 CMakeFiles/lab7.dir/home/tinypc/pico/pico-sdk/src/rp2_common/pico_clib_interface/newlib_interface.c.o
                0x10004904                exit
 .text.runtime_init
                0x1000490c       0x2c CMakeFiles/lab7.dir/home/tinypc/pico/pico-sdk/src/rp2_common/pico_clib_interface/newlib_interface.c.o
                0x1000490c                runtime_init
 .text.stdio_out_chars_no_crlf
                0x10004938       0x10 CMakeFiles/lab7.dir/home/tinypc/pico/pico-sdk/src/rp2_common/pico_stdio/stdio.c.o
 .text.stdio_out_chars_crlf
                0x10004948       0xb0 CMakeFiles/lab7.dir/home/tinypc/pico/pico-sdk/src/rp2_common/pico_stdio/stdio.c.o
 .text.stdio_buffered_printer
                0x100049f8       0x64 CMakeFiles/lab7.dir/home/tinypc/pico/pico-sdk/src/rp2_common/pico_stdio/stdio.c.o
 .text.stdio_put_string
                0x10004a5c       0xfc CMakeFiles/lab7.dir/home/tinypc/pico/pico-sdk/src/rp2_common/pico_stdio/stdio.c.o
                0x10004a5c                stdio_put_string
 .text.stdio_set_driver_enabled
                0x10004b58       0x30 CMakeFiles/lab7.dir/home/tinypc/pico/pico-sdk/src/rp2_common/pico_stdio/stdio.c.o
                0x10004b58                stdio_set_driver_enabled
 .text.stdio_init_all
                0x10004b88        0x8 CMakeFiles/lab7.dir/home/tinypc/pico/pico-sdk/src/rp2_common/pico_stdio/stdio.c.o
                0x10004b88                stdio_init_all
 .text.__wrap_putchar
                0x10004b90       0x94 CMakeFiles/lab7.dir/home/tinypc/pico/pico-sdk/src/rp2_common/pico_stdio/stdio.c.o
                0x10004b90                stdio_putchar
                0x10004b90                __wrap_putchar
 .text.__wrap_puts
                0x10004c24       0x3c CMakeFiles/lab7.dir/home/tinypc/pico/pico-sdk/src/rp2_common/pico_stdio/stdio.c.o
                0x10004c24                __wrap_puts
                0x10004c24                stdio_puts
 .text.__wrap_vprintf
                0x10004c60       0xcc CMakeFiles/lab7.dir/home/tinypc/pico/pico-sdk/src/rp2_common/pico_stdio/stdio.c.o
                0x10004c60                __wrap_vprintf
                0x10004c60                stdio_vprintf
 .text.__wrap_printf
                0x10004d2c       0x18 CMakeFiles/lab7.dir/home/tinypc/pico/pico-sdk/src/rp2_common/pico_stdio/stdio.c.o
                0x10004d2c                stdio_printf
                0x10004d2c                __wrap_printf
 .text.resetd_init
                0x10004d44        0x4 CMakeFiles/lab7.dir/home/tinypc/pico/pico-sdk/src/rp2_common/pico_stdio_usb/reset_interface.c.o
 .text.resetd_reset
                0x10004d48        0xc CMakeFiles/lab7.dir/home/tinypc/pico/pico-sdk/src/rp2_common/pico_stdio_usb/reset_interface.c.o
 .text.resetd_open
                0x10004d54       0x28 CMakeFiles/lab7.dir/home/tinypc/pico/pico-sdk/src/rp2_common/pico_stdio_usb/reset_interface.c.o
 .text.resetd_xfer_cb
                0x10004d7c        0x4 CMakeFiles/lab7.dir/home/tinypc/pico/pico-sdk/src/rp2_common/pico_stdio_usb/reset_interface.c.o
 .text.resetd_control_xfer_cb
                0x10004d80       0x54 CMakeFiles/lab7.dir/home/tinypc/pico/pico-sdk/src/rp2_common/pico_stdio_usb/reset_interface.c.o
 .text.tud_descriptor_bos_cb
                0x10004dd4        0x8 CMakeFiles/lab7.dir/home/tinypc/pico/pico-sdk/src/rp2_common/pico_stdio_usb/reset_interface.c.o
                0x10004dd4                tud_descriptor_bos_cb
 .text.tud_vendor_control_xfer_cb
                0x10004ddc       0x34 CMakeFiles/lab7.dir/home/tinypc/pico/pico-sdk/src/rp2_common/pico_stdio_usb/reset_interface.c.o
                0x10004ddc                tud_vendor_control_xfer_cb
 .text.usbd_app_driver_get_cb
                0x10004e10        0xc CMakeFiles/lab7.dir/home/tinypc/pico/pico-sdk/src/rp2_common/pico_stdio_usb/reset_interface.c.o
                0x10004e10                usbd_app_driver_get_cb
 .text.tud_cdc_line_coding_cb
                0x10004e1c       0x2c CMakeFiles/lab7.dir/home/tinypc/pico/pico-sdk/src/rp2_common/pico_stdio_usb/reset_interface.c.o
                0x10004e1c                tud_cdc_line_coding_cb
 .text.stdio_usb_set_chars_available_callback
                0x10004e48       0x14 CMakeFiles/lab7.dir/home/tinypc/pico/pico-sdk/src/rp2_common/pico_stdio_usb/stdio_usb.c.o
                0x10004e48                stdio_usb_set_chars_available_callback
 .text.usb_irq  0x10004e5c       0x10 CMakeFiles/lab7.dir/home/tinypc/pico/pico-sdk/src/rp2_common/pico_stdio_usb/stdio_usb.c.o
 .text.timer_task
                0x10004e6c       0x64 CMakeFiles/lab7.dir/home/tinypc/pico/pico-sdk/src/rp2_common/pico_stdio_usb/stdio_usb.c.o
 .text.stdio_usb_in_chars
                0x10004ed0       0x8c CMakeFiles/lab7.dir/home/tinypc/pico/pico-sdk/src/rp2_common/pico_stdio_usb/stdio_usb.c.o
                0x10004ed0                stdio_usb_in_chars
 .text.stdio_usb_out_flush
                0x10004f5c       0x4c CMakeFiles/lab7.dir/home/tinypc/pico/pico-sdk/src/rp2_common/pico_stdio_usb/stdio_usb.c.o
 .text.stdio_usb_out_chars
                0x10004fa8      0x100 CMakeFiles/lab7.dir/home/tinypc/pico/pico-sdk/src/rp2_common/pico_stdio_usb/stdio_usb.c.o
 .text.low_priority_worker_irq
                0x100050a8       0xc8 CMakeFiles/lab7.dir/home/tinypc/pico/pico-sdk/src/rp2_common/pico_stdio_usb/stdio_usb.c.o
 .text.stdio_usb_init
                0x10005170       0xe8 CMakeFiles/lab7.dir/home/tinypc/pico/pico-sdk/src/rp2_common/pico_stdio_usb/stdio_usb.c.o
                0x10005170                stdio_usb_init
 .text.tud_descriptor_device_cb
                0x10005258        0x8 CMakeFiles/lab7.dir/home/tinypc/pico/pico-sdk/src/rp2_common/pico_stdio_usb/stdio_usb_descriptors.c.o
                0x10005258                tud_descriptor_device_cb
 .text.tud_descriptor_configuration_cb
                0x10005260        0x8 CMakeFiles/lab7.dir/home/tinypc/pico/pico-sdk/src/rp2_common/pico_stdio_usb/stdio_usb_descriptors.c.o
                0x10005260                tud_descriptor_configuration_cb
 .text.tud_descriptor_string_cb
                0x10005268       0x78 CMakeFiles/lab7.dir/home/tinypc/pico/pico-sdk/src/rp2_common/pico_stdio_usb/stdio_usb_descriptors.c.o
                0x10005268                tud_descriptor_string_cb
 .text.startup._retrieve_unique_id_on_boot
                0x100052e0       0x10 CMakeFiles/lab7.dir/home/tinypc/pico/pico-sdk/src/rp2_common/pico_unique_id/unique_id.c.o
 .text.pico_get_unique_board_id_string
                0x100052f0      0x1a8 CMakeFiles/lab7.dir/home/tinypc/pico/pico-sdk/src/rp2_common/pico_unique_id/unique_id.c.o
                0x100052f0                pico_get_unique_board_id_string
 .text.flash_get_unique_id
                0x10005498       0x3c CMakeFiles/lab7.dir/home/tinypc/pico/pico-sdk/src/rp2_common/hardware_flash/flash.c.o
                0x10005498                flash_get_unique_id
 .text.dcd_init
                0x100054d4       0x90 CMakeFiles/lab7.dir/home/tinypc/pico/pico-sdk/lib/tinyusb/src/portable/raspberrypi/rp2040/dcd_rp2040.c.o
                0x100054d4                dcd_init
 .text.dcd_int_enable
                0x10005564        0xc CMakeFiles/lab7.dir/home/tinypc/pico/pico-sdk/lib/tinyusb/src/portable/raspberrypi/rp2040/dcd_rp2040.c.o
                0x10005564                dcd_int_enable
 .text.dcd_set_address
                0x10005570       0x14 CMakeFiles/lab7.dir/home/tinypc/pico/pico-sdk/lib/tinyusb/src/portable/raspberrypi/rp2040/dcd_rp2040.c.o
                0x10005570                dcd_set_address
 .text.dcd_sof_enable
                0x10005584       0x1c CMakeFiles/lab7.dir/home/tinypc/pico/pico-sdk/lib/tinyusb/src/portable/raspberrypi/rp2040/dcd_rp2040.c.o
                0x10005584                dcd_sof_enable
 .text.dcd_edpt0_status_complete
                0x100055a0       0x1c CMakeFiles/lab7.dir/home/tinypc/pico/pico-sdk/lib/tinyusb/src/portable/raspberrypi/rp2040/dcd_rp2040.c.o
                0x100055a0                dcd_edpt0_status_complete
 .text.dcd_edpt_open
                0x100055bc      0x114 CMakeFiles/lab7.dir/home/tinypc/pico/pico-sdk/lib/tinyusb/src/portable/raspberrypi/rp2040/dcd_rp2040.c.o
                0x100055bc                dcd_edpt_open
 .text.dcd_edpt_close_all
                0x100056d0        0x8 CMakeFiles/lab7.dir/home/tinypc/pico/pico-sdk/lib/tinyusb/src/portable/raspberrypi/rp2040/dcd_rp2040.c.o
                0x100056d0                dcd_edpt_close_all
 .text.dcd_edpt_xfer
                0x100056d8       0x24 CMakeFiles/lab7.dir/home/tinypc/pico/pico-sdk/lib/tinyusb/src/portable/raspberrypi/rp2040/dcd_rp2040.c.o
                0x100056d8                dcd_edpt_xfer
 .text.dcd_edpt_stall
                0x100056fc       0x3c CMakeFiles/lab7.dir/home/tinypc/pico/pico-sdk/lib/tinyusb/src/portable/raspberrypi/rp2040/dcd_rp2040.c.o
                0x100056fc                dcd_edpt_stall
 .text.dcd_edpt_clear_stall
                0x10005738       0x30 CMakeFiles/lab7.dir/home/tinypc/pico/pico-sdk/lib/tinyusb/src/portable/raspberrypi/rp2040/dcd_rp2040.c.o
                0x10005738                dcd_edpt_clear_stall
 .text.rp2040_usb_init
                0x10005768       0x40 CMakeFiles/lab7.dir/home/tinypc/pico/pico-sdk/lib/tinyusb/src/portable/raspberrypi/rp2040/rp2040_usb.c.o
                0x10005768                rp2040_usb_init
 .text.hw_endpoint_xfer_start
                0x100057a8       0x40 CMakeFiles/lab7.dir/home/tinypc/pico/pico-sdk/lib/tinyusb/src/portable/raspberrypi/rp2040/rp2040_usb.c.o
                0x100057a8                hw_endpoint_xfer_start
 .text.tud_event_hook_cb
                0x100057e8        0x4 CMakeFiles/lab7.dir/home/tinypc/pico/pico-sdk/lib/tinyusb/src/device/usbd.c.o
                0x100057e8                tud_event_hook_cb
 .text.tud_sof_cb
                0x100057ec        0x4 CMakeFiles/lab7.dir/home/tinypc/pico/pico-sdk/lib/tinyusb/src/device/usbd.c.o
                0x100057ec                tud_sof_cb
 .text.tud_descriptor_device_qualifier_cb
                0x100057f0        0x4 CMakeFiles/lab7.dir/home/tinypc/pico/pico-sdk/lib/tinyusb/src/device/usbd.c.o
                0x100057f0                tud_descriptor_device_qualifier_cb
 .text.tud_descriptor_other_speed_configuration_cb
                0x100057f4        0x4 CMakeFiles/lab7.dir/home/tinypc/pico/pico-sdk/lib/tinyusb/src/device/usbd.c.o
                0x100057f4                tud_descriptor_other_speed_configuration_cb
 .text.tud_mount_cb
                0x100057f8        0x4 CMakeFiles/lab7.dir/home/tinypc/pico/pico-sdk/lib/tinyusb/src/device/usbd.c.o
                0x100057f8                tud_mount_cb
 .text.tud_umount_cb
                0x100057fc        0x4 CMakeFiles/lab7.dir/home/tinypc/pico/pico-sdk/lib/tinyusb/src/device/usbd.c.o
                0x100057fc                tud_umount_cb
 .text.tud_suspend_cb
                0x10005800        0x4 CMakeFiles/lab7.dir/home/tinypc/pico/pico-sdk/lib/tinyusb/src/device/usbd.c.o
                0x10005800                tud_suspend_cb
 .text.tud_resume_cb
                0x10005804        0x4 CMakeFiles/lab7.dir/home/tinypc/pico/pico-sdk/lib/tinyusb/src/device/usbd.c.o
                0x10005804                tud_resume_cb
 .text.tud_mounted
                0x10005808       0x10 CMakeFiles/lab7.dir/home/tinypc/pico/pico-sdk/lib/tinyusb/src/device/usbd.c.o
                0x10005808                tud_mounted
 .text.tud_suspended
                0x10005818       0x10 CMakeFiles/lab7.dir/home/tinypc/pico/pico-sdk/lib/tinyusb/src/device/usbd.c.o
                0x10005818                tud_suspended
 .text.tud_rhport_init
                0x10005828       0xf4 CMakeFiles/lab7.dir/home/tinypc/pico/pico-sdk/lib/tinyusb/src/device/usbd.c.o
                0x10005828                tud_rhport_init
 .text.tud_task_ext
                0x1000591c      0x800 CMakeFiles/lab7.dir/home/tinypc/pico/pico-sdk/lib/tinyusb/src/device/usbd.c.o
                0x1000591c                tud_task_ext
 .text.usbd_open_edpt_pair
                0x1000611c       0x9c CMakeFiles/lab7.dir/home/tinypc/pico/pico-sdk/lib/tinyusb/src/device/usbd.c.o
                0x1000611c                usbd_open_edpt_pair
 .text.usbd_edpt_open
                0x100061b8       0x34 CMakeFiles/lab7.dir/home/tinypc/pico/pico-sdk/lib/tinyusb/src/device/usbd.c.o
                0x100061b8                usbd_edpt_open
 .text.usbd_edpt_claim
                0x100061ec       0x28 CMakeFiles/lab7.dir/home/tinypc/pico/pico-sdk/lib/tinyusb/src/device/usbd.c.o
                0x100061ec                usbd_edpt_claim
 .text.usbd_edpt_release
                0x10006214       0x28 CMakeFiles/lab7.dir/home/tinypc/pico/pico-sdk/lib/tinyusb/src/device/usbd.c.o
                0x10006214                usbd_edpt_release
 .text.usbd_edpt_xfer
                0x1000623c       0x4c CMakeFiles/lab7.dir/home/tinypc/pico/pico-sdk/lib/tinyusb/src/device/usbd.c.o
                0x1000623c                usbd_edpt_xfer
 .text.tud_control_status
                0x10006288       0x2c CMakeFiles/lab7.dir/home/tinypc/pico/pico-sdk/lib/tinyusb/src/device/usbd_control.c.o
                0x10006288                tud_control_status
 .text.tud_control_xfer
                0x100062b4       0xa8 CMakeFiles/lab7.dir/home/tinypc/pico/pico-sdk/lib/tinyusb/src/device/usbd_control.c.o
                0x100062b4                tud_control_xfer
 .text.usbd_control_reset
                0x1000635c       0x14 CMakeFiles/lab7.dir/home/tinypc/pico/pico-sdk/lib/tinyusb/src/device/usbd_control.c.o
                0x1000635c                usbd_control_reset
 .text.usbd_control_set_complete_callback
                0x10006370        0xc CMakeFiles/lab7.dir/home/tinypc/pico/pico-sdk/lib/tinyusb/src/device/usbd_control.c.o
                0x10006370                usbd_control_set_complete_callback
 .text.usbd_control_set_request
                0x1000637c       0x1c CMakeFiles/lab7.dir/home/tinypc/pico/pico-sdk/lib/tinyusb/src/device/usbd_control.c.o
                0x1000637c                usbd_control_set_request
 .text.usbd_control_xfer_cb
                0x10006398       0xec CMakeFiles/lab7.dir/home/tinypc/pico/pico-sdk/lib/tinyusb/src/device/usbd_control.c.o
                0x10006398                usbd_control_xfer_cb
 .text._prep_out_transaction.isra.0
                0x10006484       0x6c CMakeFiles/lab7.dir/home/tinypc/pico/pico-sdk/lib/tinyusb/src/class/cdc/cdc_device.c.o
 .text.tud_cdc_n_connected
                0x100064f0       0x2c CMakeFiles/lab7.dir/home/tinypc/pico/pico-sdk/lib/tinyusb/src/class/cdc/cdc_device.c.o
                0x100064f0                tud_cdc_n_connected
 .text.tud_cdc_n_available
                0x1000651c       0x14 CMakeFiles/lab7.dir/home/tinypc/pico/pico-sdk/lib/tinyusb/src/class/cdc/cdc_device.c.o
                0x1000651c                tud_cdc_n_available
 .text.tud_cdc_n_read
                0x10006530       0x88 CMakeFiles/lab7.dir/home/tinypc/pico/pico-sdk/lib/tinyusb/src/class/cdc/cdc_device.c.o
                0x10006530                tud_cdc_n_read
 .text.tud_cdc_n_write_flush
                0x100065b8       0x74 CMakeFiles/lab7.dir/home/tinypc/pico/pico-sdk/lib/tinyusb/src/class/cdc/cdc_device.c.o
                0x100065b8                tud_cdc_n_write_flush
 .text.tud_cdc_n_write
                0x1000662c       0x40 CMakeFiles/lab7.dir/home/tinypc/pico/pico-sdk/lib/tinyusb/src/class/cdc/cdc_device.c.o
                0x1000662c                tud_cdc_n_write
 .text.tud_cdc_n_write_available
                0x1000666c       0x14 CMakeFiles/lab7.dir/home/tinypc/pico/pico-sdk/lib/tinyusb/src/class/cdc/cdc_device.c.o
                0x1000666c                tud_cdc_n_write_available
 .text.cdcd_init
                0x10006680       0x70 CMakeFiles/lab7.dir/home/tinypc/pico/pico-sdk/lib/tinyusb/src/class/cdc/cdc_device.c.o
                0x10006680                cdcd_init
 .text.cdcd_deinit
                0x100066f0       0x30 CMakeFiles/lab7.dir/home/tinypc/pico/pico-sdk/lib/tinyusb/src/class/cdc/cdc_device.c.o
                0x100066f0                cdcd_deinit
 .text.cdcd_reset
                0x10006720       0x4c CMakeFiles/lab7.dir/home/tinypc/pico/pico-sdk/lib/tinyusb/src/class/cdc/cdc_device.c.o
                0x10006720                cdcd_reset
 .text.cdcd_open
                0x1000676c       0xa4 CMakeFiles/lab7.dir/home/tinypc/pico/pico-sdk/lib/tinyusb/src/class/cdc/cdc_device.c.o
                0x1000676c                cdcd_open
 .text.cdcd_control_xfer_cb
                0x10006810       0xe8 CMakeFiles/lab7.dir/home/tinypc/pico/pico-sdk/lib/tinyusb/src/class/cdc/cdc_device.c.o
                0x10006810                cdcd_control_xfer_cb
 .text.cdcd_xfer_cb
                0x100068f8      0x100 CMakeFiles/lab7.dir/home/tinypc/pico/pico-sdk/lib/tinyusb/src/class/cdc/cdc_device.c.o
                0x100068f8                cdcd_xfer_cb
 .text.vendord_init
                0x100069f8       0x5c CMakeFiles/lab7.dir/home/tinypc/pico/pico-sdk/lib/tinyusb/src/class/vendor/vendor_device.c.o
                0x100069f8                vendord_init
 .text.vendord_deinit
                0x10006a54       0x1c CMakeFiles/lab7.dir/home/tinypc/pico/pico-sdk/lib/tinyusb/src/class/vendor/vendor_device.c.o
                0x10006a54                vendord_deinit
 .text.vendord_reset
                0x10006a70       0x28 CMakeFiles/lab7.dir/home/tinypc/pico/pico-sdk/lib/tinyusb/src/class/vendor/vendor_device.c.o
                0x10006a70                vendord_reset
 .text.vendord_open
                0x10006a98      0x120 CMakeFiles/lab7.dir/home/tinypc/pico/pico-sdk/lib/tinyusb/src/class/vendor/vendor_device.c.o
                0x10006a98                vendord_open
 .text.vendord_xfer_cb
                0x10006bb8       0x9c CMakeFiles/lab7.dir/home/tinypc/pico/pico-sdk/lib/tinyusb/src/class/vendor/vendor_device.c.o
                0x10006bb8                vendord_xfer_cb
 .text.tusb_rhport_init
                0x10006c54       0x4c CMakeFiles/lab7.dir/home/tinypc/pico/pico-sdk/lib/tinyusb/src/tusb.c.o
                0x10006c54                tusb_rhport_init
 .text.tu_edpt_claim
                0x10006ca0       0x50 CMakeFiles/lab7.dir/home/tinypc/pico/pico-sdk/lib/tinyusb/src/tusb.c.o
                0x10006ca0                tu_edpt_claim
 .text.tu_edpt_release
                0x10006cf0       0x38 CMakeFiles/lab7.dir/home/tinypc/pico/pico-sdk/lib/tinyusb/src/tusb.c.o
                0x10006cf0                tu_edpt_release
 .text.tu_edpt_validate
                0x10006d28       0x7c CMakeFiles/lab7.dir/home/tinypc/pico/pico-sdk/lib/tinyusb/src/tusb.c.o
                0x10006d28                tu_edpt_validate
 .text.tu_edpt_bind_driver
                0x10006da4       0x34 CMakeFiles/lab7.dir/home/tinypc/pico/pico-sdk/lib/tinyusb/src/tusb.c.o
                0x10006da4                tu_edpt_bind_driver
 .text.tu_edpt_stream_init
                0x10006dd8       0x6c CMakeFiles/lab7.dir/home/tinypc/pico/pico-sdk/lib/tinyusb/src/tusb.c.o
                0x10006dd8                tu_edpt_stream_init
 .text.tu_edpt_stream_deinit
                0x10006e44        0x4 CMakeFiles/lab7.dir/home/tinypc/pico/pico-sdk/lib/tinyusb/src/tusb.c.o
                0x10006e44                tu_edpt_stream_deinit
 .text.tu_edpt_stream_write_zlp_if_needed
                0x10006e48       0x68 CMakeFiles/lab7.dir/home/tinypc/pico/pico-sdk/lib/tinyusb/src/tusb.c.o
                0x10006e48                tu_edpt_stream_write_zlp_if_needed
 .text.tu_edpt_stream_write_xfer
                0x10006eb0       0x68 CMakeFiles/lab7.dir/home/tinypc/pico/pico-sdk/lib/tinyusb/src/tusb.c.o
                0x10006eb0                tu_edpt_stream_write_xfer
 .text.tu_edpt_stream_read_xfer
                0x10006f18       0xd8 CMakeFiles/lab7.dir/home/tinypc/pico/pico-sdk/lib/tinyusb/src/tusb.c.o
                0x10006f18                tu_edpt_stream_read_xfer
 .text.tu_fifo_config
                0x10006ff0       0x6c CMakeFiles/lab7.dir/home/tinypc/pico/pico-sdk/lib/tinyusb/src/common/tusb_fifo.c.o
                0x10006ff0                tu_fifo_config
 .text.tu_fifo_count
                0x1000705c       0x2c CMakeFiles/lab7.dir/home/tinypc/pico/pico-sdk/lib/tinyusb/src/common/tusb_fifo.c.o
                0x1000705c                tu_fifo_count
 .text.tu_fifo_empty
                0x10007088       0x10 CMakeFiles/lab7.dir/home/tinypc/pico/pico-sdk/lib/tinyusb/src/common/tusb_fifo.c.o
                0x10007088                tu_fifo_empty
 .text.tu_fifo_remaining
                0x10007098       0x2c CMakeFiles/lab7.dir/home/tinypc/pico/pico-sdk/lib/tinyusb/src/common/tusb_fifo.c.o
                0x10007098                tu_fifo_remaining
 .text.tu_fifo_read
                0x100070c4       0x9c CMakeFiles/lab7.dir/home/tinypc/pico/pico-sdk/lib/tinyusb/src/common/tusb_fifo.c.o
                0x100070c4                tu_fifo_read
 .text.tu_fifo_read_n
                0x10007160       0xe8 CMakeFiles/lab7.dir/home/tinypc/pico/pico-sdk/lib/tinyusb/src/common/tusb_fifo.c.o
                0x10007160                tu_fifo_read_n
 .text.tu_fifo_write
                0x10007248       0xa4 CMakeFiles/lab7.dir/home/tinypc/pico/pico-sdk/lib/tinyusb/src/common/tusb_fifo.c.o
                0x10007248                tu_fifo_write
 .text.tu_fifo_write_n
                0x100072ec      0x178 CMakeFiles/lab7.dir/home/tinypc/pico/pico-sdk/lib/tinyusb/src/common/tusb_fifo.c.o
                0x100072ec                tu_fifo_write_n
 .text.tu_fifo_clear
                0x10007464       0x40 CMakeFiles/lab7.dir/home/tinypc/pico/pico-sdk/lib/tinyusb/src/common/tusb_fifo.c.o
                0x10007464                tu_fifo_clear
 .text.tu_fifo_set_overwritable
                0x100074a4       0x48 CMakeFiles/lab7.dir/home/tinypc/pico/pico-sdk/lib/tinyusb/src/common/tusb_fifo.c.o
                0x100074a4                tu_fifo_set_overwritable
 .text.isr_svcall
                0x100074ec        0x4 CMakeFiles/lab7.dir/home/tinypc/FreeRTOS-LTS/FreeRTOS/FreeRTOS-Kernel/portable/ThirdParty/GCC/RP2040/port.c.o
                0x100074ec                isr_svcall
 .text.vPortStartFirstTask
                0x100074f0       0x34 CMakeFiles/lab7.dir/home/tinypc/FreeRTOS-LTS/FreeRTOS/FreeRTOS-Kernel/portable/ThirdParty/GCC/RP2040/port.c.o
 *fill*         0x10007524        0xc 
 .text.isr_pendsv
                0x10007530       0x64 CMakeFiles/lab7.dir/home/tinypc/FreeRTOS-LTS/FreeRTOS/FreeRTOS-Kernel/portable/ThirdParty/GCC/RP2040/port.c.o
                0x10007530                isr_pendsv
 .text.prvFIFOInterruptHandler
                0x10007594       0x80 CMakeFiles/lab7.dir/home/tinypc/FreeRTOS-LTS/FreeRTOS/FreeRTOS-Kernel/portable/ThirdParty/GCC/RP2040/port.c.o
 .text.prvTaskExitError
                0x10007614        0x8 CMakeFiles/lab7.dir/home/tinypc/FreeRTOS-LTS/FreeRTOS/FreeRTOS-Kernel/portable/ThirdParty/GCC/RP2040/port.c.o
 .text.pxPortInitialiseStack
                0x1000761c       0x20 CMakeFiles/lab7.dir/home/tinypc/FreeRTOS-LTS/FreeRTOS/FreeRTOS-Kernel/portable/ThirdParty/GCC/RP2040/port.c.o
                0x1000761c                pxPortInitialiseStack
 .text.vPortYield
                0x1000763c       0x18 CMakeFiles/lab7.dir/home/tinypc/FreeRTOS-LTS/FreeRTOS/FreeRTOS-Kernel/portable/ThirdParty/GCC/RP2040/port.c.o
                0x1000763c                vPortYield
 .text.vPortEnterCritical
                0x10007654       0x18 CMakeFiles/lab7.dir/home/tinypc/FreeRTOS-LTS/FreeRTOS/FreeRTOS-Kernel/portable/ThirdParty/GCC/RP2040/port.c.o
                0x10007654                vPortEnterCritical
 .text.vPortExitCritical
                0x1000766c       0x34 CMakeFiles/lab7.dir/home/tinypc/FreeRTOS-LTS/FreeRTOS/FreeRTOS-Kernel/portable/ThirdParty/GCC/RP2040/port.c.o
                0x1000766c                vPortExitCritical
 .text.ulSetInterruptMaskFromISR
                0x100076a0        0x8 CMakeFiles/lab7.dir/home/tinypc/FreeRTOS-LTS/FreeRTOS/FreeRTOS-Kernel/portable/ThirdParty/GCC/RP2040/port.c.o
                0x100076a0                ulSetInterruptMaskFromISR
 .text.vClearInterruptMaskFromISR
                0x100076a8        0x8 CMakeFiles/lab7.dir/home/tinypc/FreeRTOS-LTS/FreeRTOS/FreeRTOS-Kernel/portable/ThirdParty/GCC/RP2040/port.c.o
                0x100076a8                vClearInterruptMaskFromISR
 .text.isr_systick
                0x100076b0       0x24 CMakeFiles/lab7.dir/home/tinypc/FreeRTOS-LTS/FreeRTOS/FreeRTOS-Kernel/portable/ThirdParty/GCC/RP2040/port.c.o
                0x100076b0                isr_systick
 .text.vPortSetupTimerInterrupt
                0x100076d4       0x34 CMakeFiles/lab7.dir/home/tinypc/FreeRTOS-LTS/FreeRTOS/FreeRTOS-Kernel/portable/ThirdParty/GCC/RP2040/port.c.o
                0x100076d4                vPortSetupTimerInterrupt
 .text.xPortStartScheduler
                0x10007708       0x9c CMakeFiles/lab7.dir/home/tinypc/FreeRTOS-LTS/FreeRTOS/FreeRTOS-Kernel/portable/ThirdParty/GCC/RP2040/port.c.o
                0x10007708                xPortStartScheduler
 .text.ulPortLockGetCurrentOwnerId
                0x100077a4       0x2c CMakeFiles/lab7.dir/home/tinypc/FreeRTOS-LTS/FreeRTOS/FreeRTOS-Kernel/portable/ThirdParty/GCC/RP2040/port.c.o
                0x100077a4                ulPortLockGetCurrentOwnerId
 .text.vPortLockInternalSpinUnlockWithWait
                0x100077d0       0x68 CMakeFiles/lab7.dir/home/tinypc/FreeRTOS-LTS/FreeRTOS/FreeRTOS-Kernel/portable/ThirdParty/GCC/RP2040/port.c.o
                0x100077d0                vPortLockInternalSpinUnlockWithWait
 .text.vPortLockInternalSpinUnlockWithNotify
                0x10007838       0xd0 CMakeFiles/lab7.dir/home/tinypc/FreeRTOS-LTS/FreeRTOS/FreeRTOS-Kernel/portable/ThirdParty/GCC/RP2040/port.c.o
                0x10007838                vPortLockInternalSpinUnlockWithNotify
 .text.xPortLockInternalSpinUnlockWithBestEffortWaitOrTimeout
                0x10007908       0xf4 CMakeFiles/lab7.dir/home/tinypc/FreeRTOS-LTS/FreeRTOS/FreeRTOS-Kernel/portable/ThirdParty/GCC/RP2040/port.c.o
                0x10007908                xPortLockInternalSpinUnlockWithBestEffortWaitOrTimeout
 .text.startup.prvRuntimeInitializer
                0x100079fc       0x28 CMakeFiles/lab7.dir/home/tinypc/FreeRTOS-LTS/FreeRTOS/FreeRTOS-Kernel/portable/ThirdParty/GCC/RP2040/port.c.o
 .text.xEventGroupCreate
                0x10007a24       0x18 CMakeFiles/lab7.dir/home/tinypc/FreeRTOS-LTS/FreeRTOS/FreeRTOS-Kernel/event_groups.c.o
                0x10007a24                xEventGroupCreate
 .text.xEventGroupWaitBits
                0x10007a3c       0xb8 CMakeFiles/lab7.dir/home/tinypc/FreeRTOS-LTS/FreeRTOS/FreeRTOS-Kernel/event_groups.c.o
                0x10007a3c                xEventGroupWaitBits
 .text.xEventGroupSetBits
                0x10007af4       0x94 CMakeFiles/lab7.dir/home/tinypc/FreeRTOS-LTS/FreeRTOS/FreeRTOS-Kernel/event_groups.c.o
                0x10007af4                xEventGroupSetBits
 .text.vEventGroupSetBitsCallback
                0x10007b88       0x90 CMakeFiles/lab7.dir/home/tinypc/FreeRTOS-LTS/FreeRTOS/FreeRTOS-Kernel/event_groups.c.o
                0x10007b88                vEventGroupSetBitsCallback
 .text.vListInitialise
                0x10007c18       0x18 CMakeFiles/lab7.dir/home/tinypc/FreeRTOS-LTS/FreeRTOS/FreeRTOS-Kernel/list.c.o
                0x10007c18                vListInitialise
 .text.vListInitialiseItem
                0x10007c30        0x8 CMakeFiles/lab7.dir/home/tinypc/FreeRTOS-LTS/FreeRTOS/FreeRTOS-Kernel/list.c.o
                0x10007c30                vListInitialiseItem
 .text.vListInsert
                0x10007c38       0x30 CMakeFiles/lab7.dir/home/tinypc/FreeRTOS-LTS/FreeRTOS/FreeRTOS-Kernel/list.c.o
                0x10007c38                vListInsert
 .text.uxListRemove
                0x10007c68       0x20 CMakeFiles/lab7.dir/home/tinypc/FreeRTOS-LTS/FreeRTOS/FreeRTOS-Kernel/list.c.o
                0x10007c68                uxListRemove
 .text.xQueueGenericCreate
                0x10007c88       0x9c CMakeFiles/lab7.dir/home/tinypc/FreeRTOS-LTS/FreeRTOS/FreeRTOS-Kernel/queue.c.o
                0x10007c88                xQueueGenericCreate
 .text.xQueueGenericSendFromISR
                0x10007d24      0x134 CMakeFiles/lab7.dir/home/tinypc/FreeRTOS-LTS/FreeRTOS/FreeRTOS-Kernel/queue.c.o
                0x10007d24                xQueueGenericSendFromISR
 .text.xQueueGiveFromISR
                0x10007e58       0x6c CMakeFiles/lab7.dir/home/tinypc/FreeRTOS-LTS/FreeRTOS/FreeRTOS-Kernel/queue.c.o
                0x10007e58                xQueueGiveFromISR
 .text.xQueueReceive
                0x10007ec4      0x2b4 CMakeFiles/lab7.dir/home/tinypc/FreeRTOS-LTS/FreeRTOS/FreeRTOS-Kernel/queue.c.o
                0x10007ec4                xQueueReceive
 .text.xQueueSemaphoreTake
                0x10008178      0x2e8 CMakeFiles/lab7.dir/home/tinypc/FreeRTOS-LTS/FreeRTOS/FreeRTOS-Kernel/queue.c.o
                0x10008178                xQueueSemaphoreTake
 .text.vQueueAddToRegistry
                0x10008460      0x168 CMakeFiles/lab7.dir/home/tinypc/FreeRTOS-LTS/FreeRTOS/FreeRTOS-Kernel/queue.c.o
                0x10008460                vQueueAddToRegistry
 .text.vQueueWaitForMessageRestricted
                0x100085c8       0xd0 CMakeFiles/lab7.dir/home/tinypc/FreeRTOS-LTS/FreeRTOS/FreeRTOS-Kernel/queue.c.o
                0x100085c8                vQueueWaitForMessageRestricted
 .text.prvAddNewTaskToReadyList
                0x10008698      0x120 CMakeFiles/lab7.dir/home/tinypc/FreeRTOS-LTS/FreeRTOS/FreeRTOS-Kernel/tasks.c.o
 .text.prvIdleTask
                0x100087b8       0x60 CMakeFiles/lab7.dir/home/tinypc/FreeRTOS-LTS/FreeRTOS/FreeRTOS-Kernel/tasks.c.o
 .text.xTaskIncrementTick.part.0
                0x10008818      0x15c CMakeFiles/lab7.dir/home/tinypc/FreeRTOS-LTS/FreeRTOS/FreeRTOS-Kernel/tasks.c.o
 .text.xTaskCreate
                0x10008974      0x12c CMakeFiles/lab7.dir/home/tinypc/FreeRTOS-LTS/FreeRTOS/FreeRTOS-Kernel/tasks.c.o
                0x10008974                xTaskCreate
 .text.vTaskStartScheduler
                0x10008aa0       0xac CMakeFiles/lab7.dir/home/tinypc/FreeRTOS-LTS/FreeRTOS/FreeRTOS-Kernel/tasks.c.o
                0x10008aa0                vTaskStartScheduler
 .text.vTaskSuspendAll
                0x10008b4c       0x10 CMakeFiles/lab7.dir/home/tinypc/FreeRTOS-LTS/FreeRTOS/FreeRTOS-Kernel/tasks.c.o
                0x10008b4c                vTaskSuspendAll
 .text.xTaskResumeAll
                0x10008b5c      0x188 CMakeFiles/lab7.dir/home/tinypc/FreeRTOS-LTS/FreeRTOS/FreeRTOS-Kernel/tasks.c.o
                0x10008b5c                xTaskResumeAll
 .text.vTaskDelay
                0x10008ce4       0x7c CMakeFiles/lab7.dir/home/tinypc/FreeRTOS-LTS/FreeRTOS/FreeRTOS-Kernel/tasks.c.o
                0x10008ce4                vTaskDelay
 .text.xTaskGetTickCount
                0x10008d60        0xc CMakeFiles/lab7.dir/home/tinypc/FreeRTOS-LTS/FreeRTOS/FreeRTOS-Kernel/tasks.c.o
                0x10008d60                xTaskGetTickCount
 .text.uxTaskGetNumberOfTasks
                0x10008d6c        0xc CMakeFiles/lab7.dir/home/tinypc/FreeRTOS-LTS/FreeRTOS/FreeRTOS-Kernel/tasks.c.o
                0x10008d6c                uxTaskGetNumberOfTasks
 .text.xTaskIncrementTick
                0x10008d78       0x24 CMakeFiles/lab7.dir/home/tinypc/FreeRTOS-LTS/FreeRTOS/FreeRTOS-Kernel/tasks.c.o
                0x10008d78                xTaskIncrementTick
 .text.vTaskSwitchContext
                0x10008d9c       0xec CMakeFiles/lab7.dir/home/tinypc/FreeRTOS-LTS/FreeRTOS/FreeRTOS-Kernel/tasks.c.o
                0x10008d9c                vTaskSwitchContext
 .text.vTaskPlaceOnEventList
                0x10008e88       0x98 CMakeFiles/lab7.dir/home/tinypc/FreeRTOS-LTS/FreeRTOS/FreeRTOS-Kernel/tasks.c.o
                0x10008e88                vTaskPlaceOnEventList
 .text.vTaskPlaceOnUnorderedEventList
                0x10008f20       0xbc CMakeFiles/lab7.dir/home/tinypc/FreeRTOS-LTS/FreeRTOS/FreeRTOS-Kernel/tasks.c.o
                0x10008f20                vTaskPlaceOnUnorderedEventList
 .text.vTaskPlaceOnEventListRestricted
                0x10008fdc       0xc4 CMakeFiles/lab7.dir/home/tinypc/FreeRTOS-LTS/FreeRTOS/FreeRTOS-Kernel/tasks.c.o
                0x10008fdc                vTaskPlaceOnEventListRestricted
 .text.xTaskRemoveFromEventList
                0x100090a0       0xcc CMakeFiles/lab7.dir/home/tinypc/FreeRTOS-LTS/FreeRTOS/FreeRTOS-Kernel/tasks.c.o
                0x100090a0                xTaskRemoveFromEventList
 .text.vTaskRemoveFromUnorderedEventList
                0x1000916c       0x94 CMakeFiles/lab7.dir/home/tinypc/FreeRTOS-LTS/FreeRTOS/FreeRTOS-Kernel/tasks.c.o
                0x1000916c                vTaskRemoveFromUnorderedEventList
 .text.vTaskInternalSetTimeOutState
                0x10009200       0x18 CMakeFiles/lab7.dir/home/tinypc/FreeRTOS-LTS/FreeRTOS/FreeRTOS-Kernel/tasks.c.o
                0x10009200                vTaskInternalSetTimeOutState
 .text.xTaskCheckForTimeOut
                0x10009218       0x5c CMakeFiles/lab7.dir/home/tinypc/FreeRTOS-LTS/FreeRTOS/FreeRTOS-Kernel/tasks.c.o
                0x10009218                xTaskCheckForTimeOut
 .text.vTaskMissedYield
                0x10009274        0xc CMakeFiles/lab7.dir/home/tinypc/FreeRTOS-LTS/FreeRTOS/FreeRTOS-Kernel/tasks.c.o
                0x10009274                vTaskMissedYield
 .text.xTaskGetCurrentTaskHandle
                0x10009280        0xc CMakeFiles/lab7.dir/home/tinypc/FreeRTOS-LTS/FreeRTOS/FreeRTOS-Kernel/tasks.c.o
                0x10009280                xTaskGetCurrentTaskHandle
 .text.xTaskPriorityInherit
                0x1000928c       0x94 CMakeFiles/lab7.dir/home/tinypc/FreeRTOS-LTS/FreeRTOS/FreeRTOS-Kernel/tasks.c.o
                0x1000928c                xTaskPriorityInherit
 .text.xTaskPriorityDisinherit
                0x10009320       0x64 CMakeFiles/lab7.dir/home/tinypc/FreeRTOS-LTS/FreeRTOS/FreeRTOS-Kernel/tasks.c.o
                0x10009320                xTaskPriorityDisinherit
 .text.vTaskPriorityDisinheritAfterTimeout
                0x10009384       0x7c CMakeFiles/lab7.dir/home/tinypc/FreeRTOS-LTS/FreeRTOS/FreeRTOS-Kernel/tasks.c.o
                0x10009384                vTaskPriorityDisinheritAfterTimeout
 .text.uxTaskResetEventItemValue
                0x10009400       0x18 CMakeFiles/lab7.dir/home/tinypc/FreeRTOS-LTS/FreeRTOS/FreeRTOS-Kernel/tasks.c.o
                0x10009400                uxTaskResetEventItemValue
 .text.pvTaskIncrementMutexHeldCount
                0x10009418       0x14 CMakeFiles/lab7.dir/home/tinypc/FreeRTOS-LTS/FreeRTOS/FreeRTOS-Kernel/tasks.c.o
                0x10009418                pvTaskIncrementMutexHeldCount
 .text.prvTimerTask
                0x1000942c      0x38c CMakeFiles/lab7.dir/home/tinypc/FreeRTOS-LTS/FreeRTOS/FreeRTOS-Kernel/timers.c.o
 .text.xTimerCreateTimerTask
                0x100097b8       0x88 CMakeFiles/lab7.dir/home/tinypc/FreeRTOS-LTS/FreeRTOS/FreeRTOS-Kernel/timers.c.o
                0x100097b8                xTimerCreateTimerTask
 .text.xTimerPendFunctionCallFromISR
                0x10009840       0x2c CMakeFiles/lab7.dir/home/tinypc/FreeRTOS-LTS/FreeRTOS/FreeRTOS-Kernel/timers.c.o
                0x10009840                xTimerPendFunctionCallFromISR
 .text.exception_set_exclusive_handler
                0x1000986c       0x48 CMakeFiles/lab7.dir/home/tinypc/pico/pico-sdk/src/rp2_common/hardware_exception/exception.c.o
                0x1000986c                exception_set_exclusive_handler
 .text.pvPortMalloc
                0x100098b4       0x18 CMakeFiles/lab7.dir/home/tinypc/FreeRTOS-LTS/FreeRTOS/FreeRTOS-Kernel/portable/MemMang/heap_3.c.o
                0x100098b4                pvPortMalloc
 .text.vPortFree
                0x100098cc       0x18 CMakeFiles/lab7.dir/home/tinypc/FreeRTOS-LTS/FreeRTOS/FreeRTOS-Kernel/portable/MemMang/heap_3.c.o
                0x100098cc                vPortFree
 .text          0x100098e4       0x5c /usr/lib/gcc/arm-none-eabi/14.2.1/../../../arm-none-eabi/lib/thumb/v6-m/nofp/libg.a(libc_a-strlen-stub.o)
                0x100098e4                strlen
 .text          0x10009940       0x28 /usr/lib/gcc/arm-none-eabi/14.2.1/../../../arm-none-eabi/lib/thumb/v6-m/nofp/libg.a(libc_a-fini.o)
                0x10009940                __libc_fini_array
 .text          0x10009968      0x5b0 /usr/lib/gcc/arm-none-eabi/14.2.1/../../../arm-none-eabi/lib/thumb/v6-m/nofp/libg.a(libc_a-mallocr.o)
                0x10009968                _malloc_r
 .text          0x10009f18      0x288 /usr/lib/gcc/arm-none-eabi/14.2.1/../../../arm-none-eabi/lib/thumb/v6-m/nofp/libg.a(libc_a-freer.o)
                0x10009f18                _malloc_trim_r
                0x10009fcc                _free_r
 .text          0x1000a1a0        0xc /usr/lib/gcc/arm-none-eabi/14.2.1/../../../arm-none-eabi/lib/thumb/v6-m/nofp/libg.a(libc_a-errno.o)
                0x1000a1a0                __errno
 .text          0x1000a1ac       0x28 /usr/lib/gcc/arm-none-eabi/14.2.1/../../../arm-none-eabi/lib/thumb/v6-m/nofp/libg.a(libc_a-malloc.o)
                0x1000a1ac                malloc
                0x1000a1c0                free
 .text          0x1000a1d4        0x8 /usr/lib/gcc/arm-none-eabi/14.2.1/../../../arm-none-eabi/lib/thumb/v6-m/nofp/libg.a(libc_a-mlock.o)
                0x1000a1d4                __malloc_lock
                0x1000a1d8                __malloc_unlock
 .text          0x1000a1dc       0x24 /usr/lib/gcc/arm-none-eabi/14.2.1/../../../arm-none-eabi/lib/thumb/v6-m/nofp/libg.a(libc_a-sbrkr.o)
                0x1000a1dc                _sbrk_r
 .text          0x1000a200       0x10 /usr/lib/gcc/arm-none-eabi/14.2.1/../../../arm-none-eabi/lib/thumb/v6-m/nofp/libg.a(libc_a-atexit.o)
                0x1000a200                atexit
 .text          0x1000a210       0x1c /usr/lib/gcc/arm-none-eabi/14.2.1/../../../arm-none-eabi/lib/thumb/v6-m/nofp/libg.a(libc_a-sysconf.o)
                0x1000a210                sysconf
 .text          0x1000a22c       0x78 /usr/lib/gcc/arm-none-eabi/14.2.1/../../../arm-none-eabi/lib/thumb/v6-m/nofp/libg.a(libc_a-__atexit.o)
                0x1000a22c                __register_exitproc
 .text.startup  0x1000a2a4       0x18 /usr/lib/gcc/arm-none-eabi/14.2.1/../../../arm-none-eabi/lib/thumb/v6-m/nofp/libg.a(libc_a-__call_atexit.o)
 *(.fini)
 .fini          0x1000a2bc        0x4 /usr/lib/gcc/arm-none-eabi/14.2.1/thumb/v6-m/nofp/crti.o
                0x1000a2bc                _fini
 .fini.__stub   0x1000a2c0       0xd0 linker stubs
 *crtbegin.o(.ctors)
 *crtbegin?.o(.ctors)
 *(EXCLUDE_FILE(*crtend.o *crtend?.o) .ctors)
 *(SORT_BY_NAME(.ctors.*))
 *(.ctors)
 *crtbegin.o(.dtors)
 *crtbegin?.o(.dtors)
 *(EXCLUDE_FILE(*crtend.o *crtend?.o) .dtors)
 *(SORT_BY_NAME(.dtors.*))
 *(.dtors)
                0x1000a390                        . = ALIGN (0x4)
                0x1000a390                        PROVIDE (__preinit_array_start = .)
 *(SORT_BY_NAME(.preinit_array.*))
 .preinit_array.00100
                0x1000a390        0x4 CMakeFiles/lab7.dir/home/tinypc/pico/pico-sdk/src/rp2_common/pico_runtime_init/runtime_init.c.o
                0x1000a390                __pre_init_runtime_init_early_resets
 .preinit_array.00101
                0x1000a394        0x4 CMakeFiles/lab7.dir/home/tinypc/pico/pico-sdk/src/rp2_common/pico_runtime_init/runtime_init.c.o
                0x1000a394                __pre_init_runtime_init_usb_power_down
 .preinit_array.00275
                0x1000a398        0x4 CMakeFiles/lab7.dir/home/tinypc/pico/pico-sdk/src/rp2_common/pico_bit_ops/bit_ops_aeabi.S.o
 .preinit_array.00300
                0x1000a39c        0x4 CMakeFiles/lab7.dir/home/tinypc/pico/pico-sdk/src/rp2_common/pico_mem_ops/mem_ops_aeabi.S.o
 .preinit_array.00350
                0x1000a3a0        0x4 CMakeFiles/lab7.dir/home/tinypc/pico/pico-sdk/src/rp2_common/pico_double/double_aeabi_rp2040.S.o
 .preinit_array.00350
                0x1000a3a4        0x4 CMakeFiles/lab7.dir/home/tinypc/pico/pico-sdk/src/rp2_common/pico_float/float_aeabi_rp2040.S.o
 .preinit_array.00500
                0x1000a3a8        0x4 CMakeFiles/lab7.dir/home/tinypc/pico/pico-sdk/src/rp2_common/pico_runtime_init/runtime_init.c.o
                0x1000a3a8                __pre_init_runtime_init_clocks
 .preinit_array.00600
                0x1000a3ac        0x4 CMakeFiles/lab7.dir/home/tinypc/pico/pico-sdk/src/rp2_common/pico_runtime_init/runtime_init.c.o
                0x1000a3ac                __pre_init_runtime_init_post_clock_resets
 .preinit_array.00700
                0x1000a3b0        0x4 CMakeFiles/lab7.dir/home/tinypc/pico/pico-sdk/src/rp2_common/pico_runtime_init/runtime_init.c.o
                0x1000a3b0                __pre_init_runtime_init_rp2040_gpio_ie_disable
 .preinit_array.01000
                0x1000a3b4        0x4 CMakeFiles/lab7.dir/home/tinypc/pico/pico-sdk/src/rp2_common/pico_runtime_init/runtime_init.c.o
                0x1000a3b4                __pre_init_runtime_init_spin_locks_reset
 .preinit_array.01100
                0x1000a3b8        0x4 CMakeFiles/lab7.dir/home/tinypc/pico/pico-sdk/src/common/pico_sync/mutex.c.o
                0x1000a3b8                __pre_init_runtime_init_mutex
 .preinit_array.10080
                0x1000a3bc        0x4 CMakeFiles/lab7.dir/home/tinypc/pico/pico-sdk/src/rp2_common/pico_runtime_init/runtime_init.c.o
                0x1000a3bc                __pre_init_runtime_init_install_ram_vector_table
 .preinit_array.11000
                0x1000a3c0        0x4 CMakeFiles/lab7.dir/home/tinypc/pico/pico-sdk/src/common/pico_time/time.c.o
                0x1000a3c0                __pre_init_runtime_init_default_alarm_pool
 .preinit_array.YYYYY
                0x1000a3c4        0x4 CMakeFiles/lab7.dir/home/tinypc/pico/pico-sdk/src/rp2_common/pico_runtime/runtime.c.o
                0x1000a3c4                __pre_init_first_per_core_initializer
 .preinit_array.ZZZZZ.01200
                0x1000a3c8        0x4 CMakeFiles/lab7.dir/home/tinypc/pico/pico-sdk/src/rp2_common/hardware_irq/irq.c.o
                0x1000a3c8                __pre_init_runtime_init_per_core_irq_priorities
 *(.preinit_array)
                0x1000a3cc                        PROVIDE (__preinit_array_end = .)
                0x1000a3cc                        . = ALIGN (0x4)
                0x1000a3cc                        PROVIDE (__init_array_start = .)
 *(SORT_BY_NAME(.init_array.*))
 .init_array.00000
                0x1000a3cc        0x4 /usr/lib/gcc/arm-none-eabi/14.2.1/../../../arm-none-eabi/lib/thumb/v6-m/nofp/libg.a(libc_a-__call_atexit.o)
 .init_array.01000
                0x1000a3d0        0x4 CMakeFiles/lab7.dir/home/tinypc/pico/pico-sdk/src/rp2_common/pico_unique_id/unique_id.c.o
 *(.init_array)
 .init_array    0x1000a3d4        0x4 /usr/lib/gcc/arm-none-eabi/14.2.1/thumb/v6-m/nofp/crtbegin.o
 .init_array    0x1000a3d8        0x4 CMakeFiles/lab7.dir/home/tinypc/FreeRTOS-LTS/FreeRTOS/FreeRTOS-Kernel/portable/ThirdParty/GCC/RP2040/port.c.o
                0x1000a3dc                        PROVIDE (__init_array_end = .)
                0x1000a3dc                        . = ALIGN (0x4)
                0x1000a3dc                        PROVIDE (__fini_array_start = .)
 *(SORT_BY_NAME(.fini_array.*))
 *(.fini_array)
                0x1000a3dc                        PROVIDE (__fini_array_end = .)
 *(.eh_frame*)
 .eh_frame      0x1000a3dc        0x0 /usr/lib/gcc/arm-none-eabi/14.2.1/thumb/v6-m/nofp/crtbegin.o
                0x1000a3dc                        . = ALIGN (0x4)

.glue_7         0x1000a3dc        0x0
 .glue_7        0x1000a3dc        0x0 linker stubs

.glue_7t        0x1000a3dc        0x0
 .glue_7t       0x1000a3dc        0x0 linker stubs

.vfp11_veneer   0x1000a3dc        0x0
 .vfp11_veneer  0x1000a3dc        0x0 linker stubs

.v4_bx          0x1000a3dc        0x0
 .v4_bx         0x1000a3dc        0x0 linker stubs

.iplt           0x1000a3dc        0x0
 .iplt          0x1000a3dc        0x0 /usr/lib/gcc/arm-none-eabi/14.2.1/thumb/v6-m/nofp/crtbegin.o

.rodata         0x1000a3e0      0x728
 *(EXCLUDE_FILE(*libm.a: *libc.a:*lib_a-mem*.o *libgcc.a:) .rodata*)
 .rodata.heartbeat.str1.4
                0x1000a3e0      0x210 CMakeFiles/lab7.dir/lab7.c.o
                                  0x9 (size before relaxing)
 .rodata.MotorMover.str1.4
                0x1000a5f0       0x25 CMakeFiles/lab7.dir/lab7.c.o
 .rodata.ConfigurePWM.str1.4
                0x1000a5f0       0x18 CMakeFiles/lab7.dir/lab7.c.o
 .rodata.motor_init.str1.4
                0x1000a5f0        0xc CMakeFiles/lab7.dir/lab7.c.o
 .rodata.main.str1.4
                0x1000a5f0       0x1b CMakeFiles/lab7.dir/lab7.c.o
 .rodata.__func__.0
                0x1000a5f0        0xd CMakeFiles/lab7.dir/lab7.c.o
 *fill*         0x1000a5fd        0x3 
 .rodata.__func__.5
                0x1000a600       0x13 CMakeFiles/lab7.dir/lab7.c.o
 *fill*         0x1000a613        0x1 
 .rodata.__func__.6
                0x1000a614        0xb CMakeFiles/lab7.dir/lab7.c.o
 *fill*         0x1000a61f        0x1 
 .rodata.position
                0x1000a620       0x12 CMakeFiles/lab7.dir/lab7.c.o
                0x1000a620                position
 .rodata.panic.str1.4
                0x1000a632       0x12 CMakeFiles/lab7.dir/home/tinypc/pico/pico-sdk/src/rp2_common/pico_platform_panic/panic.c.o
 .rodata.panic_unsupported.str1.4
                0x1000a632        0xe CMakeFiles/lab7.dir/home/tinypc/pico/pico-sdk/src/rp2_common/pico_platform_panic/panic.c.o
 .rodata.spin_lock_claim_unused.str1.4
                0x1000a632       0x1b CMakeFiles/lab7.dir/home/tinypc/pico/pico-sdk/src/rp2_common/hardware_sync/sync.c.o
 .rodata.user_irq_claim_unused.str1.4
                0x1000a632       0x1b CMakeFiles/lab7.dir/home/tinypc/pico/pico-sdk/src/rp2_common/hardware_irq/irq.c.o
 .rodata.timer_hardware_alarm_claim.str1.4
                0x1000a632       0x22 CMakeFiles/lab7.dir/home/tinypc/pico/pico-sdk/src/rp2_common/hardware_timer/timer.c.o
 .rodata.hard_assertion_failure.str1.4
                0x1000a632        0xc CMakeFiles/lab7.dir/home/tinypc/pico/pico-sdk/src/rp2_common/pico_runtime/runtime.c.o
 .rodata.__wrap_malloc.str1.4
                0x1000a632        0xe CMakeFiles/lab7.dir/home/tinypc/pico/pico-sdk/src/rp2_common/pico_malloc/malloc.c.o
 .rodata.str1.4
                0x1000a632       0x3c CMakeFiles/lab7.dir/home/tinypc/pico/pico-sdk/src/rp2_common/pico_standard_binary_info/standard_binary_info.c.o
 *fill*         0x1000a632        0x2 
 .rodata.__bi_84
                0x1000a634        0xc CMakeFiles/lab7.dir/home/tinypc/pico/pico-sdk/src/rp2_common/pico_standard_binary_info/standard_binary_info.c.o
 .rodata.__bi_78
                0x1000a640        0xc CMakeFiles/lab7.dir/home/tinypc/pico/pico-sdk/src/rp2_common/pico_standard_binary_info/standard_binary_info.c.o
 .rodata.__bi_54
                0x1000a64c        0xc CMakeFiles/lab7.dir/home/tinypc/pico/pico-sdk/src/rp2_common/pico_standard_binary_info/standard_binary_info.c.o
 .rodata.__bi_48
                0x1000a658        0xc CMakeFiles/lab7.dir/home/tinypc/pico/pico-sdk/src/rp2_common/pico_standard_binary_info/standard_binary_info.c.o
 .rodata.__bi_42
                0x1000a664        0xc CMakeFiles/lab7.dir/home/tinypc/pico/pico-sdk/src/rp2_common/pico_standard_binary_info/standard_binary_info.c.o
 .rodata.__bi_34
                0x1000a670        0xc CMakeFiles/lab7.dir/home/tinypc/pico/pico-sdk/src/rp2_common/pico_standard_binary_info/standard_binary_info.c.o
 .rodata.__bi_26
                0x1000a67c        0xc CMakeFiles/lab7.dir/home/tinypc/pico/pico-sdk/src/rp2_common/pico_standard_binary_info/standard_binary_info.c.o
 .rodata._ftoa.str1.4
                0x1000a688       0x15 CMakeFiles/lab7.dir/home/tinypc/pico/pico-sdk/src/rp2_common/pico_printf/printf.c.o
 .rodata._vsnprintf
                0x1000a688      0x19c CMakeFiles/lab7.dir/home/tinypc/pico/pico-sdk/src/rp2_common/pico_printf/printf.c.o
 *fill*         0x1000a824        0x4 
 .rodata.pow10.0
                0x1000a828       0x50 CMakeFiles/lab7.dir/home/tinypc/pico/pico-sdk/src/rp2_common/pico_printf/printf.c.o
 .rodata.crlf_str.0
                0x1000a878        0x2 CMakeFiles/lab7.dir/home/tinypc/pico/pico-sdk/src/rp2_common/pico_stdio/stdio.c.o
 *fill*         0x1000a87a        0x2 
 .rodata._resetd_driver
                0x1000a87c       0x20 CMakeFiles/lab7.dir/home/tinypc/pico/pico-sdk/src/rp2_common/pico_stdio_usb/reset_interface.c.o
 .rodata.desc_ms_os_20
                0x1000a89c       0xa6 CMakeFiles/lab7.dir/home/tinypc/pico/pico-sdk/src/rp2_common/pico_stdio_usb/reset_interface.c.o
 *fill*         0x1000a942        0x2 
 .rodata.desc_bos
                0x1000a944       0x21 CMakeFiles/lab7.dir/home/tinypc/pico/pico-sdk/src/rp2_common/pico_stdio_usb/reset_interface.c.o
                0x1000a944                desc_bos
 .rodata.str1.4
                0x1000a965       0x13 CMakeFiles/lab7.dir/home/tinypc/pico/pico-sdk/src/rp2_common/pico_stdio_usb/stdio_usb.c.o
 *fill*         0x1000a965        0x3 
 .rodata.__bi_202.0
                0x1000a968        0xc CMakeFiles/lab7.dir/home/tinypc/pico/pico-sdk/src/rp2_common/pico_stdio_usb/stdio_usb.c.o
 .rodata.str1.4
                0x1000a974       0x2a CMakeFiles/lab7.dir/home/tinypc/pico/pico-sdk/src/rp2_common/pico_stdio_usb/stdio_usb_descriptors.c.o
 .rodata.usbd_desc_str
                0x1000a974       0x18 CMakeFiles/lab7.dir/home/tinypc/pico/pico-sdk/src/rp2_common/pico_stdio_usb/stdio_usb_descriptors.c.o
 .rodata.usbd_desc_cfg
                0x1000a98c       0x54 CMakeFiles/lab7.dir/home/tinypc/pico/pico-sdk/src/rp2_common/pico_stdio_usb/stdio_usb_descriptors.c.o
 .rodata.usbd_desc_device
                0x1000a9e0       0x12 CMakeFiles/lab7.dir/home/tinypc/pico/pico-sdk/src/rp2_common/pico_stdio_usb/stdio_usb_descriptors.c.o
 .rodata.str1.4
                0x1000a9f2       0x14 CMakeFiles/lab7.dir/home/tinypc/pico/pico-sdk/lib/tinyusb/src/portable/raspberrypi/rp2040/dcd_rp2040.c.o
 .rodata.str1.4
                0x1000a9f2       0x48 CMakeFiles/lab7.dir/home/tinypc/pico/pico-sdk/lib/tinyusb/src/portable/raspberrypi/rp2040/rp2040_usb.c.o
 *fill*         0x1000a9f2        0x2 
 .rodata.tud_task_ext
                0x1000a9f4       0x8c CMakeFiles/lab7.dir/home/tinypc/pico/pico-sdk/lib/tinyusb/src/device/usbd.c.o
 .rodata        0x1000aa80       0x1c CMakeFiles/lab7.dir/home/tinypc/pico/pico-sdk/lib/tinyusb/src/device/usbd.c.o
 .rodata._usbd_driver
                0x1000aa9c       0x40 CMakeFiles/lab7.dir/home/tinypc/pico/pico-sdk/lib/tinyusb/src/device/usbd.c.o
 .rodata.uxTopUsedPriority
                0x1000aadc        0x4 CMakeFiles/lab7.dir/home/tinypc/FreeRTOS-LTS/FreeRTOS/FreeRTOS-Kernel/tasks.c.o
 .rodata.prvTimerTask
                0x1000aae0       0x28 CMakeFiles/lab7.dir/home/tinypc/FreeRTOS-LTS/FreeRTOS/FreeRTOS-Kernel/timers.c.o
 .rodata.xTimerCreateTimerTask.str1.4
                0x1000ab08       0x10 CMakeFiles/lab7.dir/home/tinypc/FreeRTOS-LTS/FreeRTOS/FreeRTOS-Kernel/timers.c.o
                0x1000ab18                        . = ALIGN (0x4)
 *(SORT_BY_ALIGNMENT(SORT_BY_NAME(.flashdata*)))
                0x1000ab18                        . = ALIGN (0x4)

.ARM.extab
 *(.ARM.extab* .gnu.linkonce.armextab.*)
                0x1000ab08                        __exidx_start = .

.ARM.exidx
 *(.ARM.exidx* .gnu.linkonce.armexidx.*)
                0x1000ab08                        __exidx_end = .
                0x1000ab18                        . = ALIGN (0x4)
                0x1000ab08                        __binary_info_start = .

.binary_info    0x1000ab08       0x20
 *(.binary_info.keep.*)
 .binary_info.keep.__bi_ptr84
                0x1000ab08        0x4 CMakeFiles/lab7.dir/home/tinypc/pico/pico-sdk/src/rp2_common/pico_standard_binary_info/standard_binary_info.c.o
 .binary_info.keep.__bi_ptr78
                0x1000ab0c        0x4 CMakeFiles/lab7.dir/home/tinypc/pico/pico-sdk/src/rp2_common/pico_standard_binary_info/standard_binary_info.c.o
 .binary_info.keep.__bi_ptr54
                0x1000ab10        0x4 CMakeFiles/lab7.dir/home/tinypc/pico/pico-sdk/src/rp2_common/pico_standard_binary_info/standard_binary_info.c.o
 .binary_info.keep.__bi_ptr48
                0x1000ab14        0x4 CMakeFiles/lab7.dir/home/tinypc/pico/pico-sdk/src/rp2_common/pico_standard_binary_info/standard_binary_info.c.o
 .binary_info.keep.__bi_ptr42
                0x1000ab18        0x4 CMakeFiles/lab7.dir/home/tinypc/pico/pico-sdk/src/rp2_common/pico_standard_binary_info/standard_binary_info.c.o
 .binary_info.keep.__bi_ptr34
                0x1000ab1c        0x4 CMakeFiles/lab7.dir/home/tinypc/pico/pico-sdk/src/rp2_common/pico_standard_binary_info/standard_binary_info.c.o
 .binary_info.keep.__bi_ptr26
                0x1000ab20        0x4 CMakeFiles/lab7.dir/home/tinypc/pico/pico-sdk/src/rp2_common/pico_standard_binary_info/standard_binary_info.c.o
 *(.binary_info.*)
 .binary_info.__bi_ptr202
                0x1000ab24        0x4 CMakeFiles/lab7.dir/home/tinypc/pico/pico-sdk/src/rp2_common/pico_stdio_usb/stdio_usb.c.o
                0x1000ab28                        __binary_info_end = .
                0x1000ab28                        . = ALIGN (0x4)

.ram_vector_table
                0x20000000       0xc0
 *(.ram_vector_table)
 .ram_vector_table
                0x20000000       0xc0 CMakeFiles/lab7.dir/home/tinypc/pico/pico-sdk/src/rp2_common/pico_runtime_init/runtime_init.c.o
                0x20000000                ram_vector_table

.uninitialized_data
                0x200000c0        0x0
                0x200000c0                        . = ALIGN (0x4)
 *(.uninitialized_data*)

.data           0x200000c0     0x15a0 load address 0x1000ab28
                0x200000c0                        __data_start__ = .
 *(vtable)
 *(.time_critical*)
 .time_critical.mutex_enter_blocking
                0x200000c0       0x3c CMakeFiles/lab7.dir/home/tinypc/pico/pico-sdk/src/common/pico_sync/mutex.c.o
                0x200000c0                mutex_enter_blocking
 .time_critical.mutex_try_enter
                0x200000fc       0x40 CMakeFiles/lab7.dir/home/tinypc/pico/pico-sdk/src/common/pico_sync/mutex.c.o
                0x200000fc                mutex_try_enter
 .time_critical.mutex_try_enter_block_until
                0x2000013c       0xa0 CMakeFiles/lab7.dir/home/tinypc/pico/pico-sdk/src/common/pico_sync/mutex.c.o
                0x2000013c                mutex_try_enter_block_until
 .time_critical.mutex_enter_timeout_ms
                0x200001dc       0x74 CMakeFiles/lab7.dir/home/tinypc/pico/pico-sdk/src/common/pico_sync/mutex.c.o
                0x200001dc                mutex_enter_timeout_ms
 .time_critical.mutex_exit
                0x20000250       0x20 CMakeFiles/lab7.dir/home/tinypc/pico/pico-sdk/src/common/pico_sync/mutex.c.o
                0x20000250                mutex_exit
 .time_critical.flash_init_boot2_copyout
                0x20000270       0x30 CMakeFiles/lab7.dir/home/tinypc/pico/pico-sdk/src/rp2_common/hardware_flash/flash.c.o
 .time_critical.flash_enable_xip_via_boot2
                0x200002a0        0xc CMakeFiles/lab7.dir/home/tinypc/pico/pico-sdk/src/rp2_common/hardware_flash/flash.c.o
 .time_critical.flash_save_hardware_state
                0x200002ac       0x20 CMakeFiles/lab7.dir/home/tinypc/pico/pico-sdk/src/rp2_common/hardware_flash/flash.c.o
 .time_critical.flash_restore_hardware_state
                0x200002cc       0x20 CMakeFiles/lab7.dir/home/tinypc/pico/pico-sdk/src/rp2_common/hardware_flash/flash.c.o
 .time_critical.flash_cs_force
                0x200002ec       0x38 CMakeFiles/lab7.dir/home/tinypc/pico/pico-sdk/src/rp2_common/hardware_flash/flash.c.o
 .time_critical.flash_do_cmd
                0x20000324      0x13c CMakeFiles/lab7.dir/home/tinypc/pico/pico-sdk/src/rp2_common/hardware_flash/flash.c.o
                0x20000324                flash_do_cmd
 .time_critical.reset_non_control_endpoints
                0x20000460       0x68 CMakeFiles/lab7.dir/home/tinypc/pico/pico-sdk/lib/tinyusb/src/portable/raspberrypi/rp2040/dcd_rp2040.c.o
 .time_critical.hw_handle_buff_status
                0x200004c8       0xa0 CMakeFiles/lab7.dir/home/tinypc/pico/pico-sdk/lib/tinyusb/src/portable/raspberrypi/rp2040/dcd_rp2040.c.o
 .time_critical.dcd_rp2040_irq
                0x20000568      0x548 CMakeFiles/lab7.dir/home/tinypc/pico/pico-sdk/lib/tinyusb/src/portable/raspberrypi/rp2040/dcd_rp2040.c.o
 .time_critical.prepare_ep_buffer
                0x20000ab0       0xc8 CMakeFiles/lab7.dir/home/tinypc/pico/pico-sdk/lib/tinyusb/src/portable/raspberrypi/rp2040/rp2040_usb.c.o
 .time_critical.sync_ep_buffer
                0x20000b78       0x9c CMakeFiles/lab7.dir/home/tinypc/pico/pico-sdk/lib/tinyusb/src/portable/raspberrypi/rp2040/rp2040_usb.c.o
 .time_critical._hw_endpoint_xfer_sync
                0x20000c14       0x28 CMakeFiles/lab7.dir/home/tinypc/pico/pico-sdk/lib/tinyusb/src/portable/raspberrypi/rp2040/rp2040_usb.c.o
 .time_critical.e15_is_bulkin_ep
                0x20000c3c       0x28 CMakeFiles/lab7.dir/home/tinypc/pico/pico-sdk/lib/tinyusb/src/portable/raspberrypi/rp2040/rp2040_usb.c.o
 .time_critical.e15_is_critical_frame_period
                0x20000c64       0x34 CMakeFiles/lab7.dir/home/tinypc/pico/pico-sdk/lib/tinyusb/src/portable/raspberrypi/rp2040/rp2040_usb.c.o
 .time_critical.hw_endpoint_reset_transfer
                0x20000c98        0xc CMakeFiles/lab7.dir/home/tinypc/pico/pico-sdk/lib/tinyusb/src/portable/raspberrypi/rp2040/rp2040_usb.c.o
                0x20000c98                hw_endpoint_reset_transfer
 .time_critical._hw_endpoint_buffer_control_update32
                0x20000ca4       0x50 CMakeFiles/lab7.dir/home/tinypc/pico/pico-sdk/lib/tinyusb/src/portable/raspberrypi/rp2040/rp2040_usb.c.o
                0x20000ca4                _hw_endpoint_buffer_control_update32
 .time_critical.hw_endpoint_start_next_buffer
                0x20000cf4       0x68 CMakeFiles/lab7.dir/home/tinypc/pico/pico-sdk/lib/tinyusb/src/portable/raspberrypi/rp2040/rp2040_usb.c.o
                0x20000cf4                hw_endpoint_start_next_buffer
 .time_critical.hw_endpoint_xfer_continue
                0x20000d5c       0x40 CMakeFiles/lab7.dir/home/tinypc/pico/pico-sdk/lib/tinyusb/src/portable/raspberrypi/rp2040/rp2040_usb.c.o
                0x20000d5c                hw_endpoint_xfer_continue
 .time_critical.tinyusb
                0x20000d9c      0x1e4 CMakeFiles/lab7.dir/home/tinypc/pico/pico-sdk/lib/tinyusb/src/device/usbd.c.o
                0x20000d9c                dcd_event_handler
 *(.text*)
 .text          0x20000f80        0x4 /usr/lib/gcc/arm-none-eabi/14.2.1/thumb/v6-m/nofp/libgcc.a(_dvmd_tls.o)
                0x20000f80                __aeabi_ldiv0
                0x20000f80                __aeabi_idiv0
 *fill*         0x20000f84        0x4 
 .text.__stub   0x20000f88       0xb0 linker stubs
                0x20001038                        . = ALIGN (0x4)
 *(.rodata*)
                0x20001038                        . = ALIGN (0x4)
 *(.data*)
 .data._motorSetpointPosition
                0x20001038        0x4 CMakeFiles/lab7.dir/lab7.c.o
 .data.striped_spin_lock_num
                0x2000103c        0x1 CMakeFiles/lab7.dir/home/tinypc/pico/pico-sdk/src/rp2_common/hardware_sync/sync.c.o
 *fill*         0x2000103d        0x3 
 .data          0x20001040       0x48 CMakeFiles/lab7.dir/home/tinypc/pico/pico-sdk/src/rp2_common/hardware_irq/irq_handler_chain.S.o
                0x20001040                irq_handler_chain_slots
                0x20001070                irq_handler_chain_first_slot
                0x2000107a                irq_handler_chain_remove_tail
 .data.default_alarm_pool
                0x20001088       0x18 CMakeFiles/lab7.dir/home/tinypc/pico/pico-sdk/src/common/pico_time/time.c.o
 *fill*         0x200010a0        0x0 
 .data.aeabi_bits_funcs
                0x200010a0       0x10 CMakeFiles/lab7.dir/home/tinypc/pico/pico-sdk/src/rp2_common/pico_bit_ops/bit_ops_aeabi.S.o
                0x200010a0                aeabi_bits_funcs
                0x200010b0                aeabi_bits_funcs_end
 .data.aeabi_mem_funcs
                0x200010b0       0x10 CMakeFiles/lab7.dir/home/tinypc/pico/pico-sdk/src/rp2_common/pico_mem_ops/mem_ops_aeabi.S.o
                0x200010b0                aeabi_mem_funcs
                0x200010c0                aeabi_mem_funcs_end
 .data.stdio_usb
                0x200010c0       0x18 CMakeFiles/lab7.dir/home/tinypc/pico/pico-sdk/src/rp2_common/pico_stdio_usb/stdio_usb.c.o
                0x200010c0                stdio_usb
 .data._usbd_qdef
                0x200010d8       0x1c CMakeFiles/lab7.dir/home/tinypc/pico/pico-sdk/lib/tinyusb/src/device/usbd.c.o
                0x200010d8                _usbd_qdef
 .data._usbd_rhport
                0x200010f4        0x1 CMakeFiles/lab7.dir/home/tinypc/pico/pico-sdk/lib/tinyusb/src/device/usbd.c.o
 .data.ucPrimaryCoreNum
                0x200010f5        0x1 CMakeFiles/lab7.dir/home/tinypc/FreeRTOS-LTS/FreeRTOS/FreeRTOS-Kernel/portable/ThirdParty/GCC/RP2040/port.c.o
 *fill*         0x200010f6        0x2 
 .data          0x200010f8      0x410 /usr/lib/gcc/arm-none-eabi/14.2.1/../../../arm-none-eabi/lib/thumb/v6-m/nofp/libg.a(libc_a-mallocr.o)
                0x200010f8                __malloc_sbrk_base
                0x200010fc                __malloc_trim_threshold
                0x20001100                __malloc_av_
 .data          0x20001508      0x148 /usr/lib/gcc/arm-none-eabi/14.2.1/../../../arm-none-eabi/lib/thumb/v6-m/nofp/libg.a(libc_a-impure.o)
                0x20001508                _impure_ptr
                0x20001510                _impure_data
                0x20001650                        . = ALIGN (0x4)
 *(.after_data.*)
                0x20001650                        . = ALIGN (0x4)
                0x20001650                        PROVIDE (__mutex_array_start = .)
 *(SORT_BY_NAME(.mutex_array.*))
 *(.mutex_array)
 .mutex_array   0x20001650        0x8 CMakeFiles/lab7.dir/home/tinypc/pico/pico-sdk/src/rp2_common/pico_malloc/malloc.c.o
 .mutex_array   0x20001658        0x8 CMakeFiles/lab7.dir/home/tinypc/pico/pico-sdk/src/rp2_common/pico_stdio/stdio.c.o
                0x20001660                        PROVIDE (__mutex_array_end = .)
                0x20001660                        . = ALIGN (0x4)
 *(.jcr)
                0x20001660                        . = ALIGN (0x4)

.tm_clone_table
                0x20001660        0x0 load address 0x1000c0c8
 .tm_clone_table
                0x20001660        0x0 /usr/lib/gcc/arm-none-eabi/14.2.1/thumb/v6-m/nofp/crtbegin.o
 .tm_clone_table
                0x20001660        0x0 /usr/lib/gcc/arm-none-eabi/14.2.1/thumb/v6-m/nofp/crtend.o

.igot.plt       0x20001660        0x0 load address 0x1000c0c8
 .igot.plt      0x20001660        0x0 /usr/lib/gcc/arm-none-eabi/14.2.1/thumb/v6-m/nofp/crtbegin.o

.tdata          0x20001660        0x0 load address 0x1000c0c8
                0x20001660                        . = ALIGN (0x4)
 *(.tdata .tdata.* .gnu.linkonce.td.*)
                0x20001660                        __tdata_end = .
                0x20001660                        PROVIDE (__data_end__ = .)
                0x1000ab28                        __etext = LOADADDR (.data)

.tbss           0x20001660        0x0 load address 0x1000c0c8
                0x20001660                        . = ALIGN (0x4)
                0x20001660                        __bss_start__ = .
                0x20001660                        __tls_base = .
 *(.tbss .tbss.* .gnu.linkonce.tb.*)
 *(.tcommon)
                0x20001660                        __tls_end = .

.bss            0x20001660     0x1444 load address 0x1000c0c8
                0x20001660                        . = ALIGN (0x4)
                0x20001660                        __tbss_end = .
 *(SORT_BY_ALIGNMENT(SORT_BY_NAME(.bss*)))
 .bss.default_alarm_pool_entries
                0x20001660      0x180 CMakeFiles/lab7.dir/home/tinypc/pico/pico-sdk/src/common/pico_time/time.c.o
 .bss.last_avail_time.1
                0x200017e0        0x8 CMakeFiles/lab7.dir/home/tinypc/pico/pico-sdk/src/rp2_common/pico_stdio_usb/stdio_usb.c.o
 .bss.sd_table  0x200017e8      0x100 CMakeFiles/lab7.dir/home/tinypc/pico/pico-sdk/src/rp2_common/pico_double/double_init_rom_rp2040.c.o
                0x200017e8                sd_table
 .bss.sf_table  0x200018e8      0x100 CMakeFiles/lab7.dir/home/tinypc/pico/pico-sdk/src/rp2_common/pico_float/float_init_rom_rp2040.c.o
                0x200018e8                sf_table
 .bss.xQueueRegistry
                0x200019e8       0x50 CMakeFiles/lab7.dir/home/tinypc/FreeRTOS-LTS/FreeRTOS/FreeRTOS-Kernel/queue.c.o
                0x200019e8                xQueueRegistry
 .bss           0x20001a38       0x1c /usr/lib/gcc/arm-none-eabi/14.2.1/thumb/v6-m/nofp/crtbegin.o
 .bss           0x20001a54       0x34 /usr/lib/gcc/arm-none-eabi/14.2.1/../../../arm-none-eabi/lib/thumb/v6-m/nofp/libg.a(libc_a-mallocr.o)
                0x20001a54                __malloc_top_pad